[2026-04-27T11:44:57.623+0000] {local_task_job_runner.py:120} INFO - ::group::Pre task execution logs
[2026-04-27T11:44:57.649+0000] {taskinstance.py:2076} INFO - Dependencies all met for dep_context=non-requeueable deps ti=<TaskInstance: training_pipeline.train_model manual__2026-04-27T11:44:54.466664+00:00 [queued]>
[2026-04-27T11:44:57.655+0000] {taskinstance.py:2076} INFO - Dependencies all met for dep_context=requeueable deps ti=<TaskInstance: training_pipeline.train_model manual__2026-04-27T11:44:54.466664+00:00 [queued]>
[2026-04-27T11:44:57.655+0000] {taskinstance.py:2306} INFO - Starting attempt 1 of 1
[2026-04-27T11:44:57.666+0000] {taskinstance.py:2330} INFO - Executing <Task(BashOperator): train_model> on 2026-04-27 11:44:54.466664+00:00
[2026-04-27T11:44:57.671+0000] {standard_task_runner.py:90} INFO - Running: ['***', 'tasks', 'run', 'training_pipeline', 'train_model', 'manual__2026-04-27T11:44:54.466664+00:00', '--job-id', '4', '--raw', '--subdir', 'DAGS_FOLDER/training_pipeline_dag.py', '--cfg-path', '/tmp/tmpmj_j_m0y']
[2026-04-27T11:44:57.674+0000] {standard_task_runner.py:91} INFO - Job 4: Subtask train_model
[2026-04-27T11:44:57.674+0000] {logging_mixin.py:188} WARNING - /home/***/.local/lib/python3.12/site-packages/***/task/task_runner/standard_task_runner.py:61 DeprecationWarning: This process (pid=252) is multi-threaded, use of fork() may lead to deadlocks in the child.
[2026-04-27T11:44:57.674+0000] {standard_task_runner.py:63} INFO - Started process 254 to run task
[2026-04-27T11:44:57.712+0000] {task_command.py:426} INFO - Running <TaskInstance: training_pipeline.train_model manual__2026-04-27T11:44:54.466664+00:00 [running]> on host 2bfd134a2313
[2026-04-27T11:44:57.779+0000] {taskinstance.py:2648} INFO - Exporting env vars: AIRFLOW_CTX_DAG_OWNER='***' AIRFLOW_CTX_DAG_ID='training_pipeline' AIRFLOW_CTX_TASK_ID='train_model' AIRFLOW_CTX_EXECUTION_DATE='2026-04-27T11:44:54.466664+00:00' AIRFLOW_CTX_TRY_NUMBER='1' AIRFLOW_CTX_DAG_RUN_ID='manual__2026-04-27T11:44:54.466664+00:00'
[2026-04-27T11:44:57.780+0000] {taskinstance.py:430} INFO - ::endgroup::
[2026-04-27T11:44:57.791+0000] {subprocess.py:63} INFO - Tmp dir root location: /tmp
[2026-04-27T11:44:57.791+0000] {subprocess.py:75} INFO - Running command: ['/usr/bin/bash', '-c', 'cd /opt/***/project && python -m src.training.train']
[2026-04-27T11:44:57.799+0000] {subprocess.py:86} INFO - Output:
[2026-04-27T11:44:59.418+0000] {subprocess.py:93} INFO - /opt/***/project/src/training/preprocess.py:33: DtypeWarning: Columns (10) have mixed types. Specify dtype option on import or set low_memory=False.
[2026-04-27T11:44:59.418+0000] {subprocess.py:93} INFO -   df = pd.read_csv(file_path, na_values=MISSING_VALUES)
[2026-04-27T11:45:01.929+0000] {subprocess.py:93} INFO - Model trained and saved to artifacts/models/logistic_baseline.joblib
[2026-04-27T11:45:01.929+0000] {subprocess.py:93} INFO - Training complete.
[2026-04-27T11:45:02.088+0000] {subprocess.py:97} INFO - Command exited with return code 0
[2026-04-27T11:45:02.089+0000] {taskinstance.py:441} INFO - ::group::Post task execution logs
[2026-04-27T11:45:02.128+0000] {taskinstance.py:1206} INFO - Marking task as SUCCESS. dag_id=training_pipeline, task_id=train_model, run_id=manual__2026-04-27T11:44:54.466664+00:00, execution_date=20260427T114454, start_date=20260427T114457, end_date=20260427T114502
[2026-04-27T11:45:02.160+0000] {local_task_job_runner.py:240} INFO - Task exited with return code 0
[2026-04-27T11:45:02.184+0000] {taskinstance.py:3498} INFO - 1 downstream tasks scheduled from follow-on schedule check
[2026-04-27T11:45:02.187+0000] {local_task_job_runner.py:222} INFO - ::endgroup::
