[2026-04-25T18:26:52.681+0000] {local_task_job_runner.py:120} INFO - ::group::Pre task execution logs
[2026-04-25T18:26:52.708+0000] {taskinstance.py:2076} INFO - Dependencies all met for dep_context=non-requeueable deps ti=<TaskInstance: backfill_pipeline.create_topics manual__2026-04-25T18:26:52.082388+00:00 [queued]>
[2026-04-25T18:26:52.718+0000] {taskinstance.py:2076} INFO - Dependencies all met for dep_context=requeueable deps ti=<TaskInstance: backfill_pipeline.create_topics manual__2026-04-25T18:26:52.082388+00:00 [queued]>
[2026-04-25T18:26:52.719+0000] {taskinstance.py:2306} INFO - Starting attempt 1 of 1
[2026-04-25T18:26:52.730+0000] {taskinstance.py:2330} INFO - Executing <Task(BashOperator): create_topics> on 2026-04-25 18:26:52.082388+00:00
[2026-04-25T18:26:52.739+0000] {logging_mixin.py:188} WARNING - /home/***/.local/lib/python3.12/site-packages/***/task/task_runner/standard_task_runner.py:61 DeprecationWarning: This process (pid=208) is multi-threaded, use of fork() may lead to deadlocks in the child.
[2026-04-25T18:26:52.737+0000] {standard_task_runner.py:90} INFO - Running: ['***', 'tasks', 'run', 'backfill_pipeline', 'create_topics', 'manual__2026-04-25T18:26:52.082388+00:00', '--job-id', '4', '--raw', '--subdir', 'DAGS_FOLDER/backfill_pipeline_dag.py', '--cfg-path', '/tmp/tmpx51yfkza']
[2026-04-25T18:26:52.740+0000] {standard_task_runner.py:63} INFO - Started process 209 to run task
[2026-04-25T18:26:52.740+0000] {standard_task_runner.py:91} INFO - Job 4: Subtask create_topics
[2026-04-25T18:26:52.788+0000] {task_command.py:426} INFO - Running <TaskInstance: backfill_pipeline.create_topics manual__2026-04-25T18:26:52.082388+00:00 [running]> on host 47db8a6344cd
[2026-04-25T18:26:52.862+0000] {taskinstance.py:2648} INFO - Exporting env vars: AIRFLOW_CTX_DAG_OWNER='***' AIRFLOW_CTX_DAG_ID='backfill_pipeline' AIRFLOW_CTX_TASK_ID='create_topics' AIRFLOW_CTX_EXECUTION_DATE='2026-04-25T18:26:52.082388+00:00' AIRFLOW_CTX_TRY_NUMBER='1' AIRFLOW_CTX_DAG_RUN_ID='manual__2026-04-25T18:26:52.082388+00:00'
[2026-04-25T18:26:52.862+0000] {taskinstance.py:430} INFO - ::endgroup::
[2026-04-25T18:26:52.875+0000] {subprocess.py:63} INFO - Tmp dir root location: /tmp
[2026-04-25T18:26:52.876+0000] {subprocess.py:75} INFO - Running command: ['/usr/bin/bash', '-c', 'cd /opt/***/project && python -m src.ingestion.create_topics']
[2026-04-25T18:26:52.884+0000] {subprocess.py:86} INFO - Output:
[2026-04-25T18:26:55.351+0000] {subprocess.py:93} INFO - Traceback (most recent call last):
[2026-04-25T18:26:55.352+0000] {subprocess.py:93} INFO -   File "<frozen runpy>", line 198, in _run_module_as_main
[2026-04-25T18:26:55.352+0000] {subprocess.py:93} INFO -   File "<frozen runpy>", line 88, in _run_code
[2026-04-25T18:26:55.352+0000] {subprocess.py:93} INFO -   File "/opt/***/project/src/ingestion/create_topics.py", line 48, in <module>
[2026-04-25T18:26:55.352+0000] {subprocess.py:93} INFO -     create_topics()
[2026-04-25T18:26:55.352+0000] {subprocess.py:93} INFO -   File "/opt/***/project/src/ingestion/create_topics.py", line 16, in create_topics
[2026-04-25T18:26:55.353+0000] {subprocess.py:93} INFO -     admin_client = KafkaAdminClient(
[2026-04-25T18:26:55.353+0000] {subprocess.py:93} INFO -                    ^^^^^^^^^^^^^^^^^
[2026-04-25T18:26:55.353+0000] {subprocess.py:93} INFO -   File "/home/***/.local/lib/python3.12/site-packages/kafka/admin/client.py", line 218, in __init__
[2026-04-25T18:26:55.353+0000] {subprocess.py:93} INFO -     self._client = self.config['kafka_client'](
[2026-04-25T18:26:55.353+0000] {subprocess.py:93} INFO -                    ^^^^^^^^^^^^^^^^^^^^^^^^^^^^
[2026-04-25T18:26:55.353+0000] {subprocess.py:93} INFO -   File "/home/***/.local/lib/python3.12/site-packages/kafka/client_async.py", line 262, in __init__
[2026-04-25T18:26:55.353+0000] {subprocess.py:93} INFO -     self.config['api_version'] = self.check_version()
[2026-04-25T18:26:55.353+0000] {subprocess.py:93} INFO -                                  ^^^^^^^^^^^^^^^^^^^^
[2026-04-25T18:26:55.354+0000] {subprocess.py:93} INFO -   File "/home/***/.local/lib/python3.12/site-packages/kafka/client_async.py", line 1076, in check_version
[2026-04-25T18:26:55.354+0000] {subprocess.py:93} INFO -     raise Errors.NoBrokersAvailable()
[2026-04-25T18:26:55.354+0000] {subprocess.py:93} INFO - kafka.errors.NoBrokersAvailable: NoBrokersAvailable
[2026-04-25T18:26:55.423+0000] {subprocess.py:97} INFO - Command exited with return code 1
[2026-04-25T18:26:55.425+0000] {taskinstance.py:441} INFO - ::group::Post task execution logs
[2026-04-25T18:26:55.436+0000] {taskinstance.py:2905} ERROR - Task failed with exception
Traceback (most recent call last):
  File "/home/airflow/.local/lib/python3.12/site-packages/airflow/models/taskinstance.py", line 465, in _execute_task
    result = _execute_callable(context=context, **execute_callable_kwargs)
             ^^^^^^^^^^^^^^^^^^^^^^^^^^^^^^^^^^^^^^^^^^^^^^^^^^^^^^^^^^^^^
  File "/home/airflow/.local/lib/python3.12/site-packages/airflow/models/taskinstance.py", line 432, in _execute_callable
    return execute_callable(context=context, **execute_callable_kwargs)
           ^^^^^^^^^^^^^^^^^^^^^^^^^^^^^^^^^^^^^^^^^^^^^^^^^^^^^^^^^^^^
  File "/home/airflow/.local/lib/python3.12/site-packages/airflow/models/baseoperator.py", line 400, in wrapper
    return func(self, *args, **kwargs)
           ^^^^^^^^^^^^^^^^^^^^^^^^^^^
  File "/home/airflow/.local/lib/python3.12/site-packages/airflow/operators/bash.py", line 243, in execute
    raise AirflowException(
airflow.exceptions.AirflowException: Bash command failed. The command returned a non-zero exit code 1.
[2026-04-25T18:26:55.440+0000] {taskinstance.py:1206} INFO - Marking task as FAILED. dag_id=backfill_pipeline, task_id=create_topics, run_id=manual__2026-04-25T18:26:52.082388+00:00, execution_date=20260425T182652, start_date=20260425T182652, end_date=20260425T182655
[2026-04-25T18:26:55.457+0000] {standard_task_runner.py:110} ERROR - Failed to execute job 4 for task create_topics (Bash command failed. The command returned a non-zero exit code 1.; 209)
[2026-04-25T18:26:55.483+0000] {local_task_job_runner.py:240} INFO - Task exited with return code 1
[2026-04-25T18:26:55.501+0000] {taskinstance.py:3498} INFO - 0 downstream tasks scheduled from follow-on schedule check
[2026-04-25T18:26:55.503+0000] {local_task_job_runner.py:222} INFO - ::endgroup::
