[2026-04-25T19:11:33.378+0000] {local_task_job_runner.py:120} INFO - ::group::Pre task execution logs
[2026-04-25T19:11:33.407+0000] {taskinstance.py:2076} INFO - Dependencies all met for dep_context=non-requeueable deps ti=<TaskInstance: backfill_pipeline.create_topics manual__2026-04-25T19:11:32.479039+00:00 [queued]>
[2026-04-25T19:11:33.415+0000] {taskinstance.py:2076} INFO - Dependencies all met for dep_context=requeueable deps ti=<TaskInstance: backfill_pipeline.create_topics manual__2026-04-25T19:11:32.479039+00:00 [queued]>
[2026-04-25T19:11:33.415+0000] {taskinstance.py:2306} INFO - Starting attempt 1 of 1
[2026-04-25T19:11:33.434+0000] {taskinstance.py:2330} INFO - Executing <Task(BashOperator): create_topics> on 2026-04-25 19:11:32.479039+00:00
[2026-04-25T19:11:33.444+0000] {standard_task_runner.py:90} INFO - Running: ['***', 'tasks', 'run', 'backfill_pipeline', 'create_topics', 'manual__2026-04-25T19:11:32.479039+00:00', '--job-id', '2', '--raw', '--subdir', 'DAGS_FOLDER/backfill_pipeline_dag.py', '--cfg-path', '/tmp/tmpd2cqbz3_']
[2026-04-25T19:11:33.448+0000] {standard_task_runner.py:91} INFO - Job 2: Subtask create_topics
[2026-04-25T19:11:33.449+0000] {logging_mixin.py:188} WARNING - /home/***/.local/lib/python3.12/site-packages/***/task/task_runner/standard_task_runner.py:61 DeprecationWarning: This process (pid=314) is multi-threaded, use of fork() may lead to deadlocks in the child.
[2026-04-25T19:11:33.450+0000] {standard_task_runner.py:63} INFO - Started process 315 to run task
[2026-04-25T19:11:33.503+0000] {task_command.py:426} INFO - Running <TaskInstance: backfill_pipeline.create_topics manual__2026-04-25T19:11:32.479039+00:00 [running]> on host 3b7cf07eea9a
[2026-04-25T19:11:33.582+0000] {taskinstance.py:2648} INFO - Exporting env vars: AIRFLOW_CTX_DAG_OWNER='***' AIRFLOW_CTX_DAG_ID='backfill_pipeline' AIRFLOW_CTX_TASK_ID='create_topics' AIRFLOW_CTX_EXECUTION_DATE='2026-04-25T19:11:32.479039+00:00' AIRFLOW_CTX_TRY_NUMBER='1' AIRFLOW_CTX_DAG_RUN_ID='manual__2026-04-25T19:11:32.479039+00:00'
[2026-04-25T19:11:33.582+0000] {taskinstance.py:430} INFO - ::endgroup::
[2026-04-25T19:11:33.609+0000] {subprocess.py:63} INFO - Tmp dir root location: /tmp
[2026-04-25T19:11:33.610+0000] {subprocess.py:75} INFO - Running command: ['/usr/bin/bash', '-c', 'cd /opt/***/project && python -m src.ingestion.create_topics']
[2026-04-25T19:11:33.618+0000] {subprocess.py:86} INFO - Output:
[2026-04-25T19:11:34.294+0000] {subprocess.py:93} INFO - 2026-04-25 19:11:34 | INFO | ingestion.create_topics | Topics already exist.
[2026-04-25T19:11:34.295+0000] {subprocess.py:93} INFO - Topics already exist.
[2026-04-25T19:11:34.355+0000] {subprocess.py:97} INFO - Command exited with return code 0
[2026-04-25T19:11:34.356+0000] {taskinstance.py:441} INFO - ::group::Post task execution logs
[2026-04-25T19:11:34.381+0000] {taskinstance.py:1206} INFO - Marking task as SUCCESS. dag_id=backfill_pipeline, task_id=create_topics, run_id=manual__2026-04-25T19:11:32.479039+00:00, execution_date=20260425T191132, start_date=20260425T191133, end_date=20260425T191134
[2026-04-25T19:11:34.427+0000] {local_task_job_runner.py:240} INFO - Task exited with return code 0
[2026-04-25T19:11:34.445+0000] {taskinstance.py:3498} INFO - 1 downstream tasks scheduled from follow-on schedule check
[2026-04-25T19:11:34.447+0000] {local_task_job_runner.py:222} INFO - ::endgroup::
