[2026-04-25T18:38:08.220+0000] {local_task_job_runner.py:120} INFO - ::group::Pre task execution logs
[2026-04-25T18:38:08.248+0000] {taskinstance.py:2076} INFO - Dependencies all met for dep_context=non-requeueable deps ti=<TaskInstance: monitoring_pipeline.generate_drift_report scheduled__2026-04-24T00:00:00+00:00 [queued]>
[2026-04-25T18:38:08.256+0000] {taskinstance.py:2076} INFO - Dependencies all met for dep_context=requeueable deps ti=<TaskInstance: monitoring_pipeline.generate_drift_report scheduled__2026-04-24T00:00:00+00:00 [queued]>
[2026-04-25T18:38:08.256+0000] {taskinstance.py:2306} INFO - Starting attempt 1 of 1
[2026-04-25T18:38:08.268+0000] {taskinstance.py:2330} INFO - Executing <Task(BashOperator): generate_drift_report> on 2026-04-24 00:00:00+00:00
[2026-04-25T18:38:08.275+0000] {standard_task_runner.py:90} INFO - Running: ['***', 'tasks', 'run', 'monitoring_pipeline', 'generate_drift_report', 'scheduled__2026-04-24T00:00:00+00:00', '--job-id', '4', '--raw', '--subdir', 'DAGS_FOLDER/monitoring_pipeline_dag.py', '--cfg-path', '/tmp/tmpl_egp0he']
[2026-04-25T18:38:08.277+0000] {standard_task_runner.py:91} INFO - Job 4: Subtask generate_drift_report
[2026-04-25T18:38:08.278+0000] {logging_mixin.py:188} WARNING - /home/***/.local/lib/python3.12/site-packages/***/task/task_runner/standard_task_runner.py:61 DeprecationWarning: This process (pid=340) is multi-threaded, use of fork() may lead to deadlocks in the child.
[2026-04-25T18:38:08.279+0000] {standard_task_runner.py:63} INFO - Started process 341 to run task
[2026-04-25T18:38:08.330+0000] {task_command.py:426} INFO - Running <TaskInstance: monitoring_pipeline.generate_drift_report scheduled__2026-04-24T00:00:00+00:00 [running]> on host c3af173fce92
[2026-04-25T18:38:08.410+0000] {taskinstance.py:2648} INFO - Exporting env vars: AIRFLOW_CTX_DAG_OWNER='***' AIRFLOW_CTX_DAG_ID='monitoring_pipeline' AIRFLOW_CTX_TASK_ID='generate_drift_report' AIRFLOW_CTX_EXECUTION_DATE='2026-04-24T00:00:00+00:00' AIRFLOW_CTX_TRY_NUMBER='1' AIRFLOW_CTX_DAG_RUN_ID='scheduled__2026-04-24T00:00:00+00:00'
[2026-04-25T18:38:08.411+0000] {taskinstance.py:430} INFO - ::endgroup::
[2026-04-25T18:38:08.423+0000] {subprocess.py:63} INFO - Tmp dir root location: /tmp
[2026-04-25T18:38:08.424+0000] {subprocess.py:75} INFO - Running command: ['/usr/bin/bash', '-c', 'cd /opt/***/project && python -m src.monitoring.drift_report ']
[2026-04-25T18:38:08.431+0000] {subprocess.py:86} INFO - Output:
[2026-04-25T18:38:09.131+0000] {subprocess.py:93} INFO - Traceback (most recent call last):
[2026-04-25T18:38:09.132+0000] {subprocess.py:93} INFO -   File "<frozen runpy>", line 198, in _run_module_as_main
[2026-04-25T18:38:09.132+0000] {subprocess.py:93} INFO -   File "<frozen runpy>", line 88, in _run_code
[2026-04-25T18:38:09.132+0000] {subprocess.py:93} INFO -   File "/opt/***/project/src/monitoring/drift_report.py", line 97, in <module>
[2026-04-25T18:38:09.133+0000] {subprocess.py:93} INFO -     main()
[2026-04-25T18:38:09.133+0000] {subprocess.py:93} INFO -   File "/opt/***/project/src/monitoring/drift_report.py", line 87, in main
[2026-04-25T18:38:09.133+0000] {subprocess.py:93} INFO -     raise FileNotFoundError(f"Online feature snapshot file not found: {online_path}")
[2026-04-25T18:38:09.133+0000] {subprocess.py:93} INFO - FileNotFoundError: Online feature snapshot file not found: artifacts/logs/latest_online_features.csv
[2026-04-25T18:38:09.259+0000] {subprocess.py:97} INFO - Command exited with return code 1
[2026-04-25T18:38:09.260+0000] {taskinstance.py:441} INFO - ::group::Post task execution logs
[2026-04-25T18:38:09.275+0000] {taskinstance.py:2905} ERROR - Task failed with exception
Traceback (most recent call last):
  File "/home/airflow/.local/lib/python3.12/site-packages/airflow/models/taskinstance.py", line 465, in _execute_task
    result = _execute_callable(context=context, **execute_callable_kwargs)
             ^^^^^^^^^^^^^^^^^^^^^^^^^^^^^^^^^^^^^^^^^^^^^^^^^^^^^^^^^^^^^
  File "/home/airflow/.local/lib/python3.12/site-packages/airflow/models/taskinstance.py", line 432, in _execute_callable
    return execute_callable(context=context, **execute_callable_kwargs)
           ^^^^^^^^^^^^^^^^^^^^^^^^^^^^^^^^^^^^^^^^^^^^^^^^^^^^^^^^^^^^
  File "/home/airflow/.local/lib/python3.12/site-packages/airflow/models/baseoperator.py", line 400, in wrapper
    return func(self, *args, **kwargs)
           ^^^^^^^^^^^^^^^^^^^^^^^^^^^
  File "/home/airflow/.local/lib/python3.12/site-packages/airflow/operators/bash.py", line 243, in execute
    raise AirflowException(
airflow.exceptions.AirflowException: Bash command failed. The command returned a non-zero exit code 1.
[2026-04-25T18:38:09.279+0000] {taskinstance.py:1206} INFO - Marking task as FAILED. dag_id=monitoring_pipeline, task_id=generate_drift_report, run_id=scheduled__2026-04-24T00:00:00+00:00, execution_date=20260424T000000, start_date=20260425T183808, end_date=20260425T183809
[2026-04-25T18:38:09.294+0000] {standard_task_runner.py:110} ERROR - Failed to execute job 4 for task generate_drift_report (Bash command failed. The command returned a non-zero exit code 1.; 341)
[2026-04-25T18:38:09.335+0000] {local_task_job_runner.py:240} INFO - Task exited with return code 1
[2026-04-25T18:38:09.357+0000] {taskinstance.py:3498} INFO - 0 downstream tasks scheduled from follow-on schedule check
[2026-04-25T18:38:09.362+0000] {local_task_job_runner.py:222} INFO - ::endgroup::
[2026-04-25T19:12:45.585+0000] {local_task_job_runner.py:120} INFO - ::group::Pre task execution logs
[2026-04-25T19:12:45.613+0000] {taskinstance.py:2076} INFO - Dependencies all met for dep_context=non-requeueable deps ti=<TaskInstance: monitoring_pipeline.generate_drift_report scheduled__2026-04-24T00:00:00+00:00 [queued]>
[2026-04-25T19:12:45.622+0000] {taskinstance.py:2076} INFO - Dependencies all met for dep_context=requeueable deps ti=<TaskInstance: monitoring_pipeline.generate_drift_report scheduled__2026-04-24T00:00:00+00:00 [queued]>
[2026-04-25T19:12:45.622+0000] {taskinstance.py:2306} INFO - Starting attempt 1 of 1
[2026-04-25T19:12:45.634+0000] {taskinstance.py:2330} INFO - Executing <Task(BashOperator): generate_drift_report> on 2026-04-24 00:00:00+00:00
[2026-04-25T19:12:45.641+0000] {standard_task_runner.py:90} INFO - Running: ['***', 'tasks', 'run', 'monitoring_pipeline', 'generate_drift_report', 'scheduled__2026-04-24T00:00:00+00:00', '--job-id', '5', '--raw', '--subdir', 'DAGS_FOLDER/monitoring_pipeline_dag.py', '--cfg-path', '/tmp/tmp7niq49hi']
[2026-04-25T19:12:45.643+0000] {logging_mixin.py:188} WARNING - /home/***/.local/lib/python3.12/site-packages/***/task/task_runner/standard_task_runner.py:61 DeprecationWarning: This process (pid=393) is multi-threaded, use of fork() may lead to deadlocks in the child.
[2026-04-25T19:12:45.643+0000] {standard_task_runner.py:91} INFO - Job 5: Subtask generate_drift_report
[2026-04-25T19:12:45.643+0000] {standard_task_runner.py:63} INFO - Started process 394 to run task
[2026-04-25T19:12:45.691+0000] {task_command.py:426} INFO - Running <TaskInstance: monitoring_pipeline.generate_drift_report scheduled__2026-04-24T00:00:00+00:00 [running]> on host 3b7cf07eea9a
[2026-04-25T19:12:45.780+0000] {taskinstance.py:2648} INFO - Exporting env vars: AIRFLOW_CTX_DAG_OWNER='***' AIRFLOW_CTX_DAG_ID='monitoring_pipeline' AIRFLOW_CTX_TASK_ID='generate_drift_report' AIRFLOW_CTX_EXECUTION_DATE='2026-04-24T00:00:00+00:00' AIRFLOW_CTX_TRY_NUMBER='1' AIRFLOW_CTX_DAG_RUN_ID='scheduled__2026-04-24T00:00:00+00:00'
[2026-04-25T19:12:45.781+0000] {taskinstance.py:430} INFO - ::endgroup::
[2026-04-25T19:12:45.794+0000] {subprocess.py:63} INFO - Tmp dir root location: /tmp
[2026-04-25T19:12:45.795+0000] {subprocess.py:75} INFO - Running command: ['/usr/bin/bash', '-c', 'cd /opt/***/project && python -m src.monitoring.drift_report']
[2026-04-25T19:12:45.805+0000] {subprocess.py:86} INFO - Output:
[2026-04-25T19:12:46.721+0000] {subprocess.py:93} INFO - /opt/***/project/src/monitoring/drift_report.py:89: DtypeWarning: Columns (10) have mixed types. Specify dtype option on import or set low_memory=False.
[2026-04-25T19:12:46.721+0000] {subprocess.py:93} INFO -   train_df = pd.read_csv(train_path)
[2026-04-25T19:12:46.903+0000] {subprocess.py:93} INFO - 2026-04-25 19:12:46 | INFO | monitoring.drift_report | Saved drift report to artifacts/logs/drift_report.json
[2026-04-25T19:12:46.911+0000] {subprocess.py:93} INFO - {
[2026-04-25T19:12:46.911+0000] {subprocess.py:93} INFO -   "numeric_drift": {
[2026-04-25T19:12:46.911+0000] {subprocess.py:93} INFO -     "admission_type_id": {
[2026-04-25T19:12:46.912+0000] {subprocess.py:93} INFO -       "train_mean": 2.024,
[2026-04-25T19:12:46.912+0000] {subprocess.py:93} INFO -       "online_mean": 1.6,
[2026-04-25T19:12:46.912+0000] {subprocess.py:93} INFO -       "abs_diff": 0.424
[2026-04-25T19:12:46.912+0000] {subprocess.py:93} INFO -     },
[2026-04-25T19:12:46.912+0000] {subprocess.py:93} INFO -     "discharge_disposition_id": {
[2026-04-25T19:12:46.912+0000] {subprocess.py:93} INFO -       "train_mean": 3.7156,
[2026-04-25T19:12:46.912+0000] {subprocess.py:93} INFO -       "online_mean": 2.2,
[2026-04-25T19:12:46.912+0000] {subprocess.py:93} INFO -       "abs_diff": 1.5156
[2026-04-25T19:12:46.912+0000] {subprocess.py:93} INFO -     },
[2026-04-25T19:12:46.912+0000] {subprocess.py:93} INFO -     "admission_source_id": {
[2026-04-25T19:12:46.912+0000] {subprocess.py:93} INFO -       "train_mean": 5.7544,
[2026-04-25T19:12:46.913+0000] {subprocess.py:93} INFO -       "online_mean": 3.2,
[2026-04-25T19:12:46.913+0000] {subprocess.py:93} INFO -       "abs_diff": 2.5544
[2026-04-25T19:12:46.913+0000] {subprocess.py:93} INFO -     },
[2026-04-25T19:12:46.913+0000] {subprocess.py:93} INFO -     "time_in_hospital": {
[2026-04-25T19:12:46.913+0000] {subprocess.py:93} INFO -       "train_mean": 4.396,
[2026-04-25T19:12:46.913+0000] {subprocess.py:93} INFO -       "online_mean": 5.8,
[2026-04-25T19:12:46.913+0000] {subprocess.py:93} INFO -       "abs_diff": 1.404
[2026-04-25T19:12:46.913+0000] {subprocess.py:93} INFO -     },
[2026-04-25T19:12:46.914+0000] {subprocess.py:93} INFO -     "num_lab_procedures": {
[2026-04-25T19:12:46.914+0000] {subprocess.py:93} INFO -       "train_mean": 43.0956,
[2026-04-25T19:12:46.914+0000] {subprocess.py:93} INFO -       "online_mean": 31.6,
[2026-04-25T19:12:46.914+0000] {subprocess.py:93} INFO -       "abs_diff": 11.4956
[2026-04-25T19:12:46.914+0000] {subprocess.py:93} INFO -     },
[2026-04-25T19:12:46.914+0000] {subprocess.py:93} INFO -     "num_procedures": {
[2026-04-25T19:12:46.914+0000] {subprocess.py:93} INFO -       "train_mean": 1.3397,
[2026-04-25T19:12:46.914+0000] {subprocess.py:93} INFO -       "online_mean": 0.6,
[2026-04-25T19:12:46.915+0000] {subprocess.py:93} INFO -       "abs_diff": 0.7397
[2026-04-25T19:12:46.915+0000] {subprocess.py:93} INFO -     },
[2026-04-25T19:12:46.915+0000] {subprocess.py:93} INFO -     "num_medications": {
[2026-04-25T19:12:46.915+0000] {subprocess.py:93} INFO -       "train_mean": 16.0218,
[2026-04-25T19:12:46.915+0000] {subprocess.py:93} INFO -       "online_mean": 15.0,
[2026-04-25T19:12:46.915+0000] {subprocess.py:93} INFO -       "abs_diff": 1.0218
[2026-04-25T19:12:46.915+0000] {subprocess.py:93} INFO -     },
[2026-04-25T19:12:46.915+0000] {subprocess.py:93} INFO -     "number_outpatient": {
[2026-04-25T19:12:46.915+0000] {subprocess.py:93} INFO -       "train_mean": 0.3694,
[2026-04-25T19:12:46.916+0000] {subprocess.py:93} INFO -       "online_mean": 0.2,
[2026-04-25T19:12:46.916+0000] {subprocess.py:93} INFO -       "abs_diff": 0.1694
[2026-04-25T19:12:46.916+0000] {subprocess.py:93} INFO -     },
[2026-04-25T19:12:46.916+0000] {subprocess.py:93} INFO -     "number_emergency": {
[2026-04-25T19:12:46.916+0000] {subprocess.py:93} INFO -       "train_mean": 0.1978,
[2026-04-25T19:12:46.916+0000] {subprocess.py:93} INFO -       "online_mean": 0.0,
[2026-04-25T19:12:46.916+0000] {subprocess.py:93} INFO -       "abs_diff": 0.1978
[2026-04-25T19:12:46.916+0000] {subprocess.py:93} INFO -     },
[2026-04-25T19:12:46.916+0000] {subprocess.py:93} INFO -     "number_inpatient": {
[2026-04-25T19:12:46.916+0000] {subprocess.py:93} INFO -       "train_mean": 0.6356,
[2026-04-25T19:12:46.916+0000] {subprocess.py:93} INFO -       "online_mean": 0.6,
[2026-04-25T19:12:46.916+0000] {subprocess.py:93} INFO -       "abs_diff": 0.0356
[2026-04-25T19:12:46.916+0000] {subprocess.py:93} INFO -     },
[2026-04-25T19:12:46.917+0000] {subprocess.py:93} INFO -     "number_diagnoses": {
[2026-04-25T19:12:46.917+0000] {subprocess.py:93} INFO -       "train_mean": 7.4226,
[2026-04-25T19:12:46.917+0000] {subprocess.py:93} INFO -       "online_mean": 6.8,
[2026-04-25T19:12:46.917+0000] {subprocess.py:93} INFO -       "abs_diff": 0.6226
[2026-04-25T19:12:46.917+0000] {subprocess.py:93} INFO -     }
[2026-04-25T19:12:46.917+0000] {subprocess.py:93} INFO -   },
[2026-04-25T19:12:46.917+0000] {subprocess.py:93} INFO -   "categorical_drift": {
[2026-04-25T19:12:46.917+0000] {subprocess.py:93} INFO -     "race": {
[2026-04-25T19:12:46.917+0000] {subprocess.py:93} INFO -       "train_top": "Caucasian",
[2026-04-25T19:12:46.917+0000] {subprocess.py:93} INFO -       "online_top": "Caucasian",
[2026-04-25T19:12:46.917+0000] {subprocess.py:93} INFO -       "changed": false
[2026-04-25T19:12:46.917+0000] {subprocess.py:93} INFO -     },
[2026-04-25T19:12:46.918+0000] {subprocess.py:93} INFO -     "gender": {
[2026-04-25T19:12:46.918+0000] {subprocess.py:93} INFO -       "train_top": "Female",
[2026-04-25T19:12:46.918+0000] {subprocess.py:93} INFO -       "online_top": "Female",
[2026-04-25T19:12:46.918+0000] {subprocess.py:93} INFO -       "changed": false
[2026-04-25T19:12:46.918+0000] {subprocess.py:93} INFO -     },
[2026-04-25T19:12:46.918+0000] {subprocess.py:93} INFO -     "age": {
[2026-04-25T19:12:46.918+0000] {subprocess.py:93} INFO -       "train_top": "[70-80)",
[2026-04-25T19:12:46.918+0000] {subprocess.py:93} INFO -       "online_top": "[60-70)",
[2026-04-25T19:12:46.918+0000] {subprocess.py:93} INFO -       "changed": true
[2026-04-25T19:12:46.918+0000] {subprocess.py:93} INFO -     },
[2026-04-25T19:12:46.918+0000] {subprocess.py:93} INFO -     "medical_specialty": {
[2026-04-25T19:12:46.919+0000] {subprocess.py:93} INFO -       "train_top": "missing",
[2026-04-25T19:12:46.919+0000] {subprocess.py:93} INFO -       "online_top": "missing",
[2026-04-25T19:12:46.919+0000] {subprocess.py:93} INFO -       "changed": false
[2026-04-25T19:12:46.919+0000] {subprocess.py:93} INFO -     },
[2026-04-25T19:12:46.919+0000] {subprocess.py:93} INFO -     "diag_1": {
[2026-04-25T19:12:46.919+0000] {subprocess.py:93} INFO -       "train_top": "428",
[2026-04-25T19:12:46.919+0000] {subprocess.py:93} INFO -       "online_top": "250.8",
[2026-04-25T19:12:46.919+0000] {subprocess.py:93} INFO -       "changed": true
[2026-04-25T19:12:46.919+0000] {subprocess.py:93} INFO -     },
[2026-04-25T19:12:46.920+0000] {subprocess.py:93} INFO -     "diag_2": {
[2026-04-25T19:12:46.920+0000] {subprocess.py:93} INFO -       "train_top": "276",
[2026-04-25T19:12:46.920+0000] {subprocess.py:93} INFO -       "online_top": "277",
[2026-04-25T19:12:46.920+0000] {subprocess.py:93} INFO -       "changed": true
[2026-04-25T19:12:46.920+0000] {subprocess.py:93} INFO -     },
[2026-04-25T19:12:46.920+0000] {subprocess.py:93} INFO -     "diag_3": {
[2026-04-25T19:12:46.920+0000] {subprocess.py:93} INFO -       "train_top": "250",
[2026-04-25T19:12:46.920+0000] {subprocess.py:93} INFO -       "online_top": "117",
[2026-04-25T19:12:46.920+0000] {subprocess.py:93} INFO -       "changed": true
[2026-04-25T19:12:46.920+0000] {subprocess.py:93} INFO -     },
[2026-04-25T19:12:46.920+0000] {subprocess.py:93} INFO -     "change": {
[2026-04-25T19:12:46.921+0000] {subprocess.py:93} INFO -       "train_top": "No",
[2026-04-25T19:12:46.921+0000] {subprocess.py:93} INFO -       "online_top": "missing",
[2026-04-25T19:12:46.921+0000] {subprocess.py:93} INFO -       "changed": true
[2026-04-25T19:12:46.921+0000] {subprocess.py:93} INFO -     },
[2026-04-25T19:12:46.921+0000] {subprocess.py:93} INFO -     "diabetesMed": {
[2026-04-25T19:12:46.921+0000] {subprocess.py:93} INFO -       "train_top": "Yes",
[2026-04-25T19:12:46.921+0000] {subprocess.py:93} INFO -       "online_top": "missing",
[2026-04-25T19:12:46.921+0000] {subprocess.py:93} INFO -       "changed": true
[2026-04-25T19:12:46.921+0000] {subprocess.py:93} INFO -     }
[2026-04-25T19:12:46.921+0000] {subprocess.py:93} INFO -   },
[2026-04-25T19:12:46.922+0000] {subprocess.py:93} INFO -   "train_rows": 101766,
[2026-04-25T19:12:46.922+0000] {subprocess.py:93} INFO -   "online_rows": 5
[2026-04-25T19:12:46.922+0000] {subprocess.py:93} INFO - }
[2026-04-25T19:12:46.977+0000] {subprocess.py:97} INFO - Command exited with return code 0
[2026-04-25T19:12:46.978+0000] {taskinstance.py:441} INFO - ::group::Post task execution logs
[2026-04-25T19:12:47.002+0000] {taskinstance.py:1206} INFO - Marking task as SUCCESS. dag_id=monitoring_pipeline, task_id=generate_drift_report, run_id=scheduled__2026-04-24T00:00:00+00:00, execution_date=20260424T000000, start_date=20260425T191245, end_date=20260425T191247
[2026-04-25T19:12:47.025+0000] {local_task_job_runner.py:240} INFO - Task exited with return code 0
[2026-04-25T19:12:47.044+0000] {taskinstance.py:3498} INFO - 1 downstream tasks scheduled from follow-on schedule check
[2026-04-25T19:12:47.046+0000] {local_task_job_runner.py:222} INFO - ::endgroup::
[2026-04-25T19:19:56.139+0000] {local_task_job_runner.py:120} INFO - ::group::Pre task execution logs
[2026-04-25T19:19:56.167+0000] {taskinstance.py:2076} INFO - Dependencies all met for dep_context=non-requeueable deps ti=<TaskInstance: monitoring_pipeline.generate_drift_report scheduled__2026-04-24T00:00:00+00:00 [queued]>
[2026-04-25T19:19:56.174+0000] {taskinstance.py:2076} INFO - Dependencies all met for dep_context=requeueable deps ti=<TaskInstance: monitoring_pipeline.generate_drift_report scheduled__2026-04-24T00:00:00+00:00 [queued]>
[2026-04-25T19:19:56.175+0000] {taskinstance.py:2306} INFO - Starting attempt 1 of 1
[2026-04-25T19:19:56.187+0000] {taskinstance.py:2330} INFO - Executing <Task(BashOperator): generate_drift_report> on 2026-04-24 00:00:00+00:00
[2026-04-25T19:19:56.193+0000] {standard_task_runner.py:90} INFO - Running: ['***', 'tasks', 'run', 'monitoring_pipeline', 'generate_drift_report', 'scheduled__2026-04-24T00:00:00+00:00', '--job-id', '3', '--raw', '--subdir', 'DAGS_FOLDER/monitoring_pipeline_dag.py', '--cfg-path', '/tmp/tmpnu9l7rij']
[2026-04-25T19:19:56.196+0000] {standard_task_runner.py:91} INFO - Job 3: Subtask generate_drift_report
[2026-04-25T19:19:56.196+0000] {logging_mixin.py:188} WARNING - /home/***/.local/lib/python3.12/site-packages/***/task/task_runner/standard_task_runner.py:61 DeprecationWarning: This process (pid=259) is multi-threaded, use of fork() may lead to deadlocks in the child.
[2026-04-25T19:19:56.197+0000] {standard_task_runner.py:63} INFO - Started process 260 to run task
[2026-04-25T19:19:56.240+0000] {task_command.py:426} INFO - Running <TaskInstance: monitoring_pipeline.generate_drift_report scheduled__2026-04-24T00:00:00+00:00 [running]> on host de535a893666
[2026-04-25T19:19:56.322+0000] {taskinstance.py:2648} INFO - Exporting env vars: AIRFLOW_CTX_DAG_OWNER='***' AIRFLOW_CTX_DAG_ID='monitoring_pipeline' AIRFLOW_CTX_TASK_ID='generate_drift_report' AIRFLOW_CTX_EXECUTION_DATE='2026-04-24T00:00:00+00:00' AIRFLOW_CTX_TRY_NUMBER='1' AIRFLOW_CTX_DAG_RUN_ID='scheduled__2026-04-24T00:00:00+00:00'
[2026-04-25T19:19:56.323+0000] {taskinstance.py:430} INFO - ::endgroup::
[2026-04-25T19:19:56.336+0000] {subprocess.py:63} INFO - Tmp dir root location: /tmp
[2026-04-25T19:19:56.337+0000] {subprocess.py:75} INFO - Running command: ['/usr/bin/bash', '-c', 'cd /opt/***/project && python -m src.monitoring.drift_report']
[2026-04-25T19:19:56.347+0000] {subprocess.py:86} INFO - Output:
[2026-04-25T19:19:57.394+0000] {subprocess.py:93} INFO - /opt/***/project/src/monitoring/drift_report.py:89: DtypeWarning: Columns (10) have mixed types. Specify dtype option on import or set low_memory=False.
[2026-04-25T19:19:57.394+0000] {subprocess.py:93} INFO -   train_df = pd.read_csv(train_path)
[2026-04-25T19:19:57.586+0000] {subprocess.py:93} INFO - 2026-04-25 19:19:57 | INFO | monitoring.drift_report | Saved drift report to artifacts/logs/drift_report.json
[2026-04-25T19:19:57.593+0000] {subprocess.py:93} INFO - {
[2026-04-25T19:19:57.594+0000] {subprocess.py:93} INFO -   "numeric_drift": {
[2026-04-25T19:19:57.594+0000] {subprocess.py:93} INFO -     "admission_type_id": {
[2026-04-25T19:19:57.594+0000] {subprocess.py:93} INFO -       "train_mean": 2.024,
[2026-04-25T19:19:57.594+0000] {subprocess.py:93} INFO -       "online_mean": 1.6,
[2026-04-25T19:19:57.594+0000] {subprocess.py:93} INFO -       "abs_diff": 0.424
[2026-04-25T19:19:57.594+0000] {subprocess.py:93} INFO -     },
[2026-04-25T19:19:57.594+0000] {subprocess.py:93} INFO -     "discharge_disposition_id": {
[2026-04-25T19:19:57.594+0000] {subprocess.py:93} INFO -       "train_mean": 3.7156,
[2026-04-25T19:19:57.595+0000] {subprocess.py:93} INFO -       "online_mean": 2.2,
[2026-04-25T19:19:57.595+0000] {subprocess.py:93} INFO -       "abs_diff": 1.5156
[2026-04-25T19:19:57.595+0000] {subprocess.py:93} INFO -     },
[2026-04-25T19:19:57.595+0000] {subprocess.py:93} INFO -     "admission_source_id": {
[2026-04-25T19:19:57.595+0000] {subprocess.py:93} INFO -       "train_mean": 5.7544,
[2026-04-25T19:19:57.595+0000] {subprocess.py:93} INFO -       "online_mean": 3.2,
[2026-04-25T19:19:57.595+0000] {subprocess.py:93} INFO -       "abs_diff": 2.5544
[2026-04-25T19:19:57.595+0000] {subprocess.py:93} INFO -     },
[2026-04-25T19:19:57.595+0000] {subprocess.py:93} INFO -     "time_in_hospital": {
[2026-04-25T19:19:57.596+0000] {subprocess.py:93} INFO -       "train_mean": 4.396,
[2026-04-25T19:19:57.596+0000] {subprocess.py:93} INFO -       "online_mean": 5.8,
[2026-04-25T19:19:57.596+0000] {subprocess.py:93} INFO -       "abs_diff": 1.404
[2026-04-25T19:19:57.596+0000] {subprocess.py:93} INFO -     },
[2026-04-25T19:19:57.596+0000] {subprocess.py:93} INFO -     "num_lab_procedures": {
[2026-04-25T19:19:57.596+0000] {subprocess.py:93} INFO -       "train_mean": 43.0956,
[2026-04-25T19:19:57.596+0000] {subprocess.py:93} INFO -       "online_mean": 31.6,
[2026-04-25T19:19:57.596+0000] {subprocess.py:93} INFO -       "abs_diff": 11.4956
[2026-04-25T19:19:57.596+0000] {subprocess.py:93} INFO -     },
[2026-04-25T19:19:57.596+0000] {subprocess.py:93} INFO -     "num_procedures": {
[2026-04-25T19:19:57.597+0000] {subprocess.py:93} INFO -       "train_mean": 1.3397,
[2026-04-25T19:19:57.597+0000] {subprocess.py:93} INFO -       "online_mean": 0.6,
[2026-04-25T19:19:57.597+0000] {subprocess.py:93} INFO -       "abs_diff": 0.7397
[2026-04-25T19:19:57.597+0000] {subprocess.py:93} INFO -     },
[2026-04-25T19:19:57.597+0000] {subprocess.py:93} INFO -     "num_medications": {
[2026-04-25T19:19:57.597+0000] {subprocess.py:93} INFO -       "train_mean": 16.0218,
[2026-04-25T19:19:57.597+0000] {subprocess.py:93} INFO -       "online_mean": 15.0,
[2026-04-25T19:19:57.597+0000] {subprocess.py:93} INFO -       "abs_diff": 1.0218
[2026-04-25T19:19:57.597+0000] {subprocess.py:93} INFO -     },
[2026-04-25T19:19:57.597+0000] {subprocess.py:93} INFO -     "number_outpatient": {
[2026-04-25T19:19:57.597+0000] {subprocess.py:93} INFO -       "train_mean": 0.3694,
[2026-04-25T19:19:57.598+0000] {subprocess.py:93} INFO -       "online_mean": 0.2,
[2026-04-25T19:19:57.598+0000] {subprocess.py:93} INFO -       "abs_diff": 0.1694
[2026-04-25T19:19:57.598+0000] {subprocess.py:93} INFO -     },
[2026-04-25T19:19:57.598+0000] {subprocess.py:93} INFO -     "number_emergency": {
[2026-04-25T19:19:57.598+0000] {subprocess.py:93} INFO -       "train_mean": 0.1978,
[2026-04-25T19:19:57.598+0000] {subprocess.py:93} INFO -       "online_mean": 0.0,
[2026-04-25T19:19:57.598+0000] {subprocess.py:93} INFO -       "abs_diff": 0.1978
[2026-04-25T19:19:57.598+0000] {subprocess.py:93} INFO -     },
[2026-04-25T19:19:57.598+0000] {subprocess.py:93} INFO -     "number_inpatient": {
[2026-04-25T19:19:57.598+0000] {subprocess.py:93} INFO -       "train_mean": 0.6356,
[2026-04-25T19:19:57.598+0000] {subprocess.py:93} INFO -       "online_mean": 0.6,
[2026-04-25T19:19:57.598+0000] {subprocess.py:93} INFO -       "abs_diff": 0.0356
[2026-04-25T19:19:57.599+0000] {subprocess.py:93} INFO -     },
[2026-04-25T19:19:57.599+0000] {subprocess.py:93} INFO -     "number_diagnoses": {
[2026-04-25T19:19:57.599+0000] {subprocess.py:93} INFO -       "train_mean": 7.4226,
[2026-04-25T19:19:57.599+0000] {subprocess.py:93} INFO -       "online_mean": 6.8,
[2026-04-25T19:19:57.599+0000] {subprocess.py:93} INFO -       "abs_diff": 0.6226
[2026-04-25T19:19:57.599+0000] {subprocess.py:93} INFO -     }
[2026-04-25T19:19:57.599+0000] {subprocess.py:93} INFO -   },
[2026-04-25T19:19:57.599+0000] {subprocess.py:93} INFO -   "categorical_drift": {
[2026-04-25T19:19:57.599+0000] {subprocess.py:93} INFO -     "race": {
[2026-04-25T19:19:57.600+0000] {subprocess.py:93} INFO -       "train_top": "Caucasian",
[2026-04-25T19:19:57.600+0000] {subprocess.py:93} INFO -       "online_top": "Caucasian",
[2026-04-25T19:19:57.600+0000] {subprocess.py:93} INFO -       "changed": false
[2026-04-25T19:19:57.600+0000] {subprocess.py:93} INFO -     },
[2026-04-25T19:19:57.600+0000] {subprocess.py:93} INFO -     "gender": {
[2026-04-25T19:19:57.600+0000] {subprocess.py:93} INFO -       "train_top": "Female",
[2026-04-25T19:19:57.600+0000] {subprocess.py:93} INFO -       "online_top": "Female",
[2026-04-25T19:19:57.600+0000] {subprocess.py:93} INFO -       "changed": false
[2026-04-25T19:19:57.600+0000] {subprocess.py:93} INFO -     },
[2026-04-25T19:19:57.600+0000] {subprocess.py:93} INFO -     "age": {
[2026-04-25T19:19:57.601+0000] {subprocess.py:93} INFO -       "train_top": "[70-80)",
[2026-04-25T19:19:57.601+0000] {subprocess.py:93} INFO -       "online_top": "[60-70)",
[2026-04-25T19:19:57.601+0000] {subprocess.py:93} INFO -       "changed": true
[2026-04-25T19:19:57.601+0000] {subprocess.py:93} INFO -     },
[2026-04-25T19:19:57.601+0000] {subprocess.py:93} INFO -     "medical_specialty": {
[2026-04-25T19:19:57.601+0000] {subprocess.py:93} INFO -       "train_top": "missing",
[2026-04-25T19:19:57.601+0000] {subprocess.py:93} INFO -       "online_top": "missing",
[2026-04-25T19:19:57.602+0000] {subprocess.py:93} INFO -       "changed": false
[2026-04-25T19:19:57.602+0000] {subprocess.py:93} INFO -     },
[2026-04-25T19:19:57.602+0000] {subprocess.py:93} INFO -     "diag_1": {
[2026-04-25T19:19:57.602+0000] {subprocess.py:93} INFO -       "train_top": "428",
[2026-04-25T19:19:57.602+0000] {subprocess.py:93} INFO -       "online_top": "250.8",
[2026-04-25T19:19:57.602+0000] {subprocess.py:93} INFO -       "changed": true
[2026-04-25T19:19:57.602+0000] {subprocess.py:93} INFO -     },
[2026-04-25T19:19:57.602+0000] {subprocess.py:93} INFO -     "diag_2": {
[2026-04-25T19:19:57.602+0000] {subprocess.py:93} INFO -       "train_top": "276",
[2026-04-25T19:19:57.602+0000] {subprocess.py:93} INFO -       "online_top": "277",
[2026-04-25T19:19:57.602+0000] {subprocess.py:93} INFO -       "changed": true
[2026-04-25T19:19:57.603+0000] {subprocess.py:93} INFO -     },
[2026-04-25T19:19:57.603+0000] {subprocess.py:93} INFO -     "diag_3": {
[2026-04-25T19:19:57.603+0000] {subprocess.py:93} INFO -       "train_top": "250",
[2026-04-25T19:19:57.603+0000] {subprocess.py:93} INFO -       "online_top": "117",
[2026-04-25T19:19:57.603+0000] {subprocess.py:93} INFO -       "changed": true
[2026-04-25T19:19:57.603+0000] {subprocess.py:93} INFO -     },
[2026-04-25T19:19:57.603+0000] {subprocess.py:93} INFO -     "change": {
[2026-04-25T19:19:57.603+0000] {subprocess.py:93} INFO -       "train_top": "No",
[2026-04-25T19:19:57.603+0000] {subprocess.py:93} INFO -       "online_top": "missing",
[2026-04-25T19:19:57.603+0000] {subprocess.py:93} INFO -       "changed": true
[2026-04-25T19:19:57.603+0000] {subprocess.py:93} INFO -     },
[2026-04-25T19:19:57.603+0000] {subprocess.py:93} INFO -     "diabetesMed": {
[2026-04-25T19:19:57.603+0000] {subprocess.py:93} INFO -       "train_top": "Yes",
[2026-04-25T19:19:57.604+0000] {subprocess.py:93} INFO -       "online_top": "missing",
[2026-04-25T19:19:57.604+0000] {subprocess.py:93} INFO -       "changed": true
[2026-04-25T19:19:57.604+0000] {subprocess.py:93} INFO -     }
[2026-04-25T19:19:57.604+0000] {subprocess.py:93} INFO -   },
[2026-04-25T19:19:57.604+0000] {subprocess.py:93} INFO -   "train_rows": 101766,
[2026-04-25T19:19:57.604+0000] {subprocess.py:93} INFO -   "online_rows": 5
[2026-04-25T19:19:57.604+0000] {subprocess.py:93} INFO - }
[2026-04-25T19:19:57.734+0000] {subprocess.py:97} INFO - Command exited with return code 0
[2026-04-25T19:19:57.735+0000] {taskinstance.py:441} INFO - ::group::Post task execution logs
[2026-04-25T19:19:57.762+0000] {taskinstance.py:1206} INFO - Marking task as SUCCESS. dag_id=monitoring_pipeline, task_id=generate_drift_report, run_id=scheduled__2026-04-24T00:00:00+00:00, execution_date=20260424T000000, start_date=20260425T191956, end_date=20260425T191957
[2026-04-25T19:19:57.817+0000] {local_task_job_runner.py:240} INFO - Task exited with return code 0
[2026-04-25T19:19:57.837+0000] {taskinstance.py:3498} INFO - 1 downstream tasks scheduled from follow-on schedule check
[2026-04-25T19:19:57.839+0000] {local_task_job_runner.py:222} INFO - ::endgroup::
