[2026-04-25T19:20:01.182+0000] {local_task_job_runner.py:120} INFO - ::group::Pre task execution logs
[2026-04-25T19:20:01.210+0000] {taskinstance.py:2076} INFO - Dependencies all met for dep_context=non-requeueable deps ti=<TaskInstance: monitoring_pipeline.evaluate_feedback_loop manual__2026-04-25T19:19:56.141716+00:00 [queued]>
[2026-04-25T19:20:01.217+0000] {taskinstance.py:2076} INFO - Dependencies all met for dep_context=requeueable deps ti=<TaskInstance: monitoring_pipeline.evaluate_feedback_loop manual__2026-04-25T19:19:56.141716+00:00 [queued]>
[2026-04-25T19:20:01.217+0000] {taskinstance.py:2306} INFO - Starting attempt 1 of 1
[2026-04-25T19:20:01.228+0000] {taskinstance.py:2330} INFO - Executing <Task(BashOperator): evaluate_feedback_loop> on 2026-04-25 19:19:56.141716+00:00
[2026-04-25T19:20:01.234+0000] {standard_task_runner.py:90} INFO - Running: ['***', 'tasks', 'run', 'monitoring_pipeline', 'evaluate_feedback_loop', 'manual__2026-04-25T19:19:56.141716+00:00', '--job-id', '7', '--raw', '--subdir', 'DAGS_FOLDER/monitoring_pipeline_dag.py', '--cfg-path', '/tmp/tmp_5csc9i4']
[2026-04-25T19:20:01.236+0000] {standard_task_runner.py:91} INFO - Job 7: Subtask evaluate_feedback_loop
[2026-04-25T19:20:01.236+0000] {logging_mixin.py:188} WARNING - /home/***/.local/lib/python3.12/site-packages/***/task/task_runner/standard_task_runner.py:61 DeprecationWarning: This process (pid=371) is multi-threaded, use of fork() may lead to deadlocks in the child.
[2026-04-25T19:20:01.236+0000] {standard_task_runner.py:63} INFO - Started process 372 to run task
[2026-04-25T19:20:01.281+0000] {task_command.py:426} INFO - Running <TaskInstance: monitoring_pipeline.evaluate_feedback_loop manual__2026-04-25T19:19:56.141716+00:00 [running]> on host de535a893666
[2026-04-25T19:20:01.362+0000] {taskinstance.py:2648} INFO - Exporting env vars: AIRFLOW_CTX_DAG_OWNER='***' AIRFLOW_CTX_DAG_ID='monitoring_pipeline' AIRFLOW_CTX_TASK_ID='evaluate_feedback_loop' AIRFLOW_CTX_EXECUTION_DATE='2026-04-25T19:19:56.141716+00:00' AIRFLOW_CTX_TRY_NUMBER='1' AIRFLOW_CTX_DAG_RUN_ID='manual__2026-04-25T19:19:56.141716+00:00'
[2026-04-25T19:20:01.363+0000] {taskinstance.py:430} INFO - ::endgroup::
[2026-04-25T19:20:01.375+0000] {subprocess.py:63} INFO - Tmp dir root location: /tmp
[2026-04-25T19:20:01.376+0000] {subprocess.py:75} INFO - Running command: ['/usr/bin/bash', '-c', 'cd /opt/***/project && python -m src.monitoring.feedback_loop']
[2026-04-25T19:20:01.383+0000] {subprocess.py:86} INFO - Output:
[2026-04-25T19:20:02.890+0000] {subprocess.py:93} INFO - Traceback (most recent call last):
[2026-04-25T19:20:02.891+0000] {subprocess.py:93} INFO -   File "<frozen runpy>", line 198, in _run_module_as_main
[2026-04-25T19:20:02.891+0000] {subprocess.py:93} INFO -   File "<frozen runpy>", line 88, in _run_code
[2026-04-25T19:20:02.891+0000] {subprocess.py:93} INFO -   File "/opt/***/project/src/monitoring/feedback_loop.py", line 66, in <module>
[2026-04-25T19:20:02.891+0000] {subprocess.py:93} INFO -     main()
[2026-04-25T19:20:02.891+0000] {subprocess.py:93} INFO -   File "/opt/***/project/src/monitoring/feedback_loop.py", line 58, in main
[2026-04-25T19:20:02.891+0000] {subprocess.py:93} INFO -     merged_df = merge_predictions_with_labels(prediction_path, ground_truth_path)
[2026-04-25T19:20:02.891+0000] {subprocess.py:93} INFO -                 ^^^^^^^^^^^^^^^^^^^^^^^^^^^^^^^^^^^^^^^^^^^^^^^^^^^^^^^^^^^^^^^^^
[2026-04-25T19:20:02.891+0000] {subprocess.py:93} INFO -   File "/opt/***/project/src/monitoring/feedback_loop.py", line 20, in merge_predictions_with_labels
[2026-04-25T19:20:02.892+0000] {subprocess.py:93} INFO -     raise FileNotFoundError(f"Prediction file not found: {prediction_path}")
[2026-04-25T19:20:02.892+0000] {subprocess.py:93} INFO - FileNotFoundError: Prediction file not found: artifacts/metrics/batch_predictions.csv
[2026-04-25T19:20:03.058+0000] {subprocess.py:97} INFO - Command exited with return code 1
[2026-04-25T19:20:03.059+0000] {taskinstance.py:441} INFO - ::group::Post task execution logs
[2026-04-25T19:20:03.068+0000] {taskinstance.py:2905} ERROR - Task failed with exception
Traceback (most recent call last):
  File "/home/airflow/.local/lib/python3.12/site-packages/airflow/models/taskinstance.py", line 465, in _execute_task
    result = _execute_callable(context=context, **execute_callable_kwargs)
             ^^^^^^^^^^^^^^^^^^^^^^^^^^^^^^^^^^^^^^^^^^^^^^^^^^^^^^^^^^^^^
  File "/home/airflow/.local/lib/python3.12/site-packages/airflow/models/taskinstance.py", line 432, in _execute_callable
    return execute_callable(context=context, **execute_callable_kwargs)
           ^^^^^^^^^^^^^^^^^^^^^^^^^^^^^^^^^^^^^^^^^^^^^^^^^^^^^^^^^^^^
  File "/home/airflow/.local/lib/python3.12/site-packages/airflow/models/baseoperator.py", line 400, in wrapper
    return func(self, *args, **kwargs)
           ^^^^^^^^^^^^^^^^^^^^^^^^^^^
  File "/home/airflow/.local/lib/python3.12/site-packages/airflow/operators/bash.py", line 243, in execute
    raise AirflowException(
airflow.exceptions.AirflowException: Bash command failed. The command returned a non-zero exit code 1.
[2026-04-25T19:20:03.072+0000] {taskinstance.py:1206} INFO - Marking task as FAILED. dag_id=monitoring_pipeline, task_id=evaluate_feedback_loop, run_id=manual__2026-04-25T19:19:56.141716+00:00, execution_date=20260425T191956, start_date=20260425T192001, end_date=20260425T192003
[2026-04-25T19:20:03.084+0000] {standard_task_runner.py:110} ERROR - Failed to execute job 7 for task evaluate_feedback_loop (Bash command failed. The command returned a non-zero exit code 1.; 372)
[2026-04-25T19:20:03.099+0000] {local_task_job_runner.py:240} INFO - Task exited with return code 1
[2026-04-25T19:20:03.114+0000] {taskinstance.py:3498} INFO - 0 downstream tasks scheduled from follow-on schedule check
[2026-04-25T19:20:03.116+0000] {local_task_job_runner.py:222} INFO - ::endgroup::
