[2026-04-27T11:38:01.644+0000] {local_task_job_runner.py:120} INFO - ::group::Pre task execution logs
[2026-04-27T11:38:01.665+0000] {taskinstance.py:2076} INFO - Dependencies all met for dep_context=non-requeueable deps ti=<TaskInstance: monitoring_pipeline.evaluate_feedback_loop scheduled__2026-04-26T00:00:00+00:00 [queued]>
[2026-04-27T11:38:01.670+0000] {taskinstance.py:2076} INFO - Dependencies all met for dep_context=requeueable deps ti=<TaskInstance: monitoring_pipeline.evaluate_feedback_loop scheduled__2026-04-26T00:00:00+00:00 [queued]>
[2026-04-27T11:38:01.671+0000] {taskinstance.py:2306} INFO - Starting attempt 1 of 1
[2026-04-27T11:38:01.679+0000] {taskinstance.py:2330} INFO - Executing <Task(BashOperator): evaluate_feedback_loop> on 2026-04-26 00:00:00+00:00
[2026-04-27T11:38:01.685+0000] {standard_task_runner.py:90} INFO - Running: ['***', 'tasks', 'run', 'monitoring_pipeline', 'evaluate_feedback_loop', 'scheduled__2026-04-26T00:00:00+00:00', '--job-id', '7', '--raw', '--subdir', 'DAGS_FOLDER/monitoring_pipeline_dag.py', '--cfg-path', '/tmp/tmpbfyvfpu8']
[2026-04-27T11:38:01.687+0000] {standard_task_runner.py:91} INFO - Job 7: Subtask evaluate_feedback_loop
[2026-04-27T11:38:01.687+0000] {logging_mixin.py:188} WARNING - /home/***/.local/lib/python3.12/site-packages/***/task/task_runner/standard_task_runner.py:61 DeprecationWarning: This process (pid=302) is multi-threaded, use of fork() may lead to deadlocks in the child.
[2026-04-27T11:38:01.687+0000] {standard_task_runner.py:63} INFO - Started process 303 to run task
[2026-04-27T11:38:01.723+0000] {task_command.py:426} INFO - Running <TaskInstance: monitoring_pipeline.evaluate_feedback_loop scheduled__2026-04-26T00:00:00+00:00 [running]> on host 4ee61ed472da
[2026-04-27T11:38:01.783+0000] {taskinstance.py:2648} INFO - Exporting env vars: AIRFLOW_CTX_DAG_OWNER='***' AIRFLOW_CTX_DAG_ID='monitoring_pipeline' AIRFLOW_CTX_TASK_ID='evaluate_feedback_loop' AIRFLOW_CTX_EXECUTION_DATE='2026-04-26T00:00:00+00:00' AIRFLOW_CTX_TRY_NUMBER='1' AIRFLOW_CTX_DAG_RUN_ID='scheduled__2026-04-26T00:00:00+00:00'
[2026-04-27T11:38:01.784+0000] {taskinstance.py:430} INFO - ::endgroup::
[2026-04-27T11:38:01.793+0000] {subprocess.py:63} INFO - Tmp dir root location: /tmp
[2026-04-27T11:38:01.793+0000] {subprocess.py:75} INFO - Running command: ['/usr/bin/bash', '-c', 'cd /opt/***/project && python -m src.monitoring.feedback_loop']
[2026-04-27T11:38:01.799+0000] {subprocess.py:86} INFO - Output:
[2026-04-27T11:38:03.397+0000] {subprocess.py:93} INFO - Traceback (most recent call last):
[2026-04-27T11:38:03.397+0000] {subprocess.py:93} INFO -   File "<frozen runpy>", line 198, in _run_module_as_main
[2026-04-27T11:38:03.398+0000] {subprocess.py:93} INFO -   File "<frozen runpy>", line 88, in _run_code
[2026-04-27T11:38:03.398+0000] {subprocess.py:93} INFO -   File "/opt/***/project/src/monitoring/feedback_loop.py", line 66, in <module>
[2026-04-27T11:38:03.398+0000] {subprocess.py:93} INFO -     main()
[2026-04-27T11:38:03.398+0000] {subprocess.py:93} INFO -   File "/opt/***/project/src/monitoring/feedback_loop.py", line 58, in main
[2026-04-27T11:38:03.398+0000] {subprocess.py:93} INFO -     merged_df = merge_predictions_with_labels(prediction_path, ground_truth_path)
[2026-04-27T11:38:03.398+0000] {subprocess.py:93} INFO -                 ^^^^^^^^^^^^^^^^^^^^^^^^^^^^^^^^^^^^^^^^^^^^^^^^^^^^^^^^^^^^^^^^^
[2026-04-27T11:38:03.398+0000] {subprocess.py:93} INFO -   File "/opt/***/project/src/monitoring/feedback_loop.py", line 20, in merge_predictions_with_labels
[2026-04-27T11:38:03.398+0000] {subprocess.py:93} INFO -     raise FileNotFoundError(f"Prediction file not found: {prediction_path}")
[2026-04-27T11:38:03.399+0000] {subprocess.py:93} INFO - FileNotFoundError: Prediction file not found: artifacts/metrics/batch_predictions.csv
[2026-04-27T11:38:03.511+0000] {subprocess.py:97} INFO - Command exited with return code 1
[2026-04-27T11:38:03.511+0000] {taskinstance.py:441} INFO - ::group::Post task execution logs
[2026-04-27T11:38:03.520+0000] {taskinstance.py:2905} ERROR - Task failed with exception
Traceback (most recent call last):
  File "/home/airflow/.local/lib/python3.12/site-packages/airflow/models/taskinstance.py", line 465, in _execute_task
    result = _execute_callable(context=context, **execute_callable_kwargs)
             ^^^^^^^^^^^^^^^^^^^^^^^^^^^^^^^^^^^^^^^^^^^^^^^^^^^^^^^^^^^^^
  File "/home/airflow/.local/lib/python3.12/site-packages/airflow/models/taskinstance.py", line 432, in _execute_callable
    return execute_callable(context=context, **execute_callable_kwargs)
           ^^^^^^^^^^^^^^^^^^^^^^^^^^^^^^^^^^^^^^^^^^^^^^^^^^^^^^^^^^^^
  File "/home/airflow/.local/lib/python3.12/site-packages/airflow/models/baseoperator.py", line 400, in wrapper
    return func(self, *args, **kwargs)
           ^^^^^^^^^^^^^^^^^^^^^^^^^^^
  File "/home/airflow/.local/lib/python3.12/site-packages/airflow/operators/bash.py", line 243, in execute
    raise AirflowException(
airflow.exceptions.AirflowException: Bash command failed. The command returned a non-zero exit code 1.
[2026-04-27T11:38:03.523+0000] {taskinstance.py:1206} INFO - Marking task as FAILED. dag_id=monitoring_pipeline, task_id=evaluate_feedback_loop, run_id=scheduled__2026-04-26T00:00:00+00:00, execution_date=20260426T000000, start_date=20260427T113801, end_date=20260427T113803
[2026-04-27T11:38:03.533+0000] {standard_task_runner.py:110} ERROR - Failed to execute job 7 for task evaluate_feedback_loop (Bash command failed. The command returned a non-zero exit code 1.; 303)
[2026-04-27T11:38:03.557+0000] {local_task_job_runner.py:240} INFO - Task exited with return code 1
[2026-04-27T11:38:03.569+0000] {taskinstance.py:3498} INFO - 0 downstream tasks scheduled from follow-on schedule check
[2026-04-27T11:38:03.570+0000] {local_task_job_runner.py:222} INFO - ::endgroup::
[2026-04-27T11:51:24.339+0000] {local_task_job_runner.py:120} INFO - ::group::Pre task execution logs
[2026-04-27T11:51:24.361+0000] {taskinstance.py:2076} INFO - Dependencies all met for dep_context=non-requeueable deps ti=<TaskInstance: monitoring_pipeline.evaluate_feedback_loop scheduled__2026-04-26T00:00:00+00:00 [queued]>
[2026-04-27T11:51:24.367+0000] {taskinstance.py:2076} INFO - Dependencies all met for dep_context=requeueable deps ti=<TaskInstance: monitoring_pipeline.evaluate_feedback_loop scheduled__2026-04-26T00:00:00+00:00 [queued]>
[2026-04-27T11:51:24.367+0000] {taskinstance.py:2306} INFO - Starting attempt 1 of 1
[2026-04-27T11:51:24.376+0000] {taskinstance.py:2330} INFO - Executing <Task(BashOperator): evaluate_feedback_loop> on 2026-04-26 00:00:00+00:00
[2026-04-27T11:51:24.382+0000] {logging_mixin.py:188} WARNING - /home/***/.local/lib/python3.12/site-packages/***/task/task_runner/standard_task_runner.py:61 DeprecationWarning: This process (pid=526) is multi-threaded, use of fork() may lead to deadlocks in the child.
[2026-04-27T11:51:24.381+0000] {standard_task_runner.py:90} INFO - Running: ['***', 'tasks', 'run', 'monitoring_pipeline', 'evaluate_feedback_loop', 'scheduled__2026-04-26T00:00:00+00:00', '--job-id', '12', '--raw', '--subdir', 'DAGS_FOLDER/monitoring_pipeline_dag.py', '--cfg-path', '/tmp/tmpxfvbtzca']
[2026-04-27T11:51:24.383+0000] {standard_task_runner.py:91} INFO - Job 12: Subtask evaluate_feedback_loop
[2026-04-27T11:51:24.383+0000] {standard_task_runner.py:63} INFO - Started process 527 to run task
[2026-04-27T11:51:24.416+0000] {task_command.py:426} INFO - Running <TaskInstance: monitoring_pipeline.evaluate_feedback_loop scheduled__2026-04-26T00:00:00+00:00 [running]> on host 80036929c971
[2026-04-27T11:51:24.479+0000] {taskinstance.py:2648} INFO - Exporting env vars: AIRFLOW_CTX_DAG_OWNER='***' AIRFLOW_CTX_DAG_ID='monitoring_pipeline' AIRFLOW_CTX_TASK_ID='evaluate_feedback_loop' AIRFLOW_CTX_EXECUTION_DATE='2026-04-26T00:00:00+00:00' AIRFLOW_CTX_TRY_NUMBER='1' AIRFLOW_CTX_DAG_RUN_ID='scheduled__2026-04-26T00:00:00+00:00'
[2026-04-27T11:51:24.480+0000] {taskinstance.py:430} INFO - ::endgroup::
[2026-04-27T11:51:24.489+0000] {subprocess.py:63} INFO - Tmp dir root location: /tmp
[2026-04-27T11:51:24.490+0000] {subprocess.py:75} INFO - Running command: ['/usr/bin/bash', '-c', 'cd /opt/***/project && python -m src.monitoring.feedback_loop']
[2026-04-27T11:51:24.496+0000] {subprocess.py:86} INFO - Output:
[2026-04-27T11:51:25.776+0000] {subprocess.py:93} INFO - Traceback (most recent call last):
[2026-04-27T11:51:25.776+0000] {subprocess.py:93} INFO -   File "<frozen runpy>", line 198, in _run_module_as_main
[2026-04-27T11:51:25.777+0000] {subprocess.py:93} INFO -   File "<frozen runpy>", line 88, in _run_code
[2026-04-27T11:51:25.777+0000] {subprocess.py:93} INFO -   File "/opt/***/project/src/monitoring/feedback_loop.py", line 66, in <module>
[2026-04-27T11:51:25.777+0000] {subprocess.py:93} INFO -     main()
[2026-04-27T11:51:25.777+0000] {subprocess.py:93} INFO -   File "/opt/***/project/src/monitoring/feedback_loop.py", line 58, in main
[2026-04-27T11:51:25.778+0000] {subprocess.py:93} INFO -     merged_df = merge_predictions_with_labels(prediction_path, ground_truth_path)
[2026-04-27T11:51:25.778+0000] {subprocess.py:93} INFO -                 ^^^^^^^^^^^^^^^^^^^^^^^^^^^^^^^^^^^^^^^^^^^^^^^^^^^^^^^^^^^^^^^^^
[2026-04-27T11:51:25.778+0000] {subprocess.py:93} INFO -   File "/opt/***/project/src/monitoring/feedback_loop.py", line 20, in merge_predictions_with_labels
[2026-04-27T11:51:25.778+0000] {subprocess.py:93} INFO -     raise FileNotFoundError(f"Prediction file not found: {prediction_path}")
[2026-04-27T11:51:25.778+0000] {subprocess.py:93} INFO - FileNotFoundError: Prediction file not found: artifacts/metrics/batch_predictions.csv
[2026-04-27T11:51:25.904+0000] {subprocess.py:97} INFO - Command exited with return code 1
[2026-04-27T11:51:25.904+0000] {taskinstance.py:441} INFO - ::group::Post task execution logs
[2026-04-27T11:51:25.913+0000] {taskinstance.py:2905} ERROR - Task failed with exception
Traceback (most recent call last):
  File "/home/airflow/.local/lib/python3.12/site-packages/airflow/models/taskinstance.py", line 465, in _execute_task
    result = _execute_callable(context=context, **execute_callable_kwargs)
             ^^^^^^^^^^^^^^^^^^^^^^^^^^^^^^^^^^^^^^^^^^^^^^^^^^^^^^^^^^^^^
  File "/home/airflow/.local/lib/python3.12/site-packages/airflow/models/taskinstance.py", line 432, in _execute_callable
    return execute_callable(context=context, **execute_callable_kwargs)
           ^^^^^^^^^^^^^^^^^^^^^^^^^^^^^^^^^^^^^^^^^^^^^^^^^^^^^^^^^^^^
  File "/home/airflow/.local/lib/python3.12/site-packages/airflow/models/baseoperator.py", line 400, in wrapper
    return func(self, *args, **kwargs)
           ^^^^^^^^^^^^^^^^^^^^^^^^^^^
  File "/home/airflow/.local/lib/python3.12/site-packages/airflow/operators/bash.py", line 243, in execute
    raise AirflowException(
airflow.exceptions.AirflowException: Bash command failed. The command returned a non-zero exit code 1.
[2026-04-27T11:51:25.916+0000] {taskinstance.py:1206} INFO - Marking task as FAILED. dag_id=monitoring_pipeline, task_id=evaluate_feedback_loop, run_id=scheduled__2026-04-26T00:00:00+00:00, execution_date=20260426T000000, start_date=20260427T115124, end_date=20260427T115125
[2026-04-27T11:51:25.926+0000] {standard_task_runner.py:110} ERROR - Failed to execute job 12 for task evaluate_feedback_loop (Bash command failed. The command returned a non-zero exit code 1.; 527)
[2026-04-27T11:51:25.953+0000] {local_task_job_runner.py:240} INFO - Task exited with return code 1
[2026-04-27T11:51:25.966+0000] {taskinstance.py:3498} INFO - 0 downstream tasks scheduled from follow-on schedule check
[2026-04-27T11:51:25.968+0000] {local_task_job_runner.py:222} INFO - ::endgroup::
[2026-04-27T11:55:04.892+0000] {local_task_job_runner.py:120} INFO - ::group::Pre task execution logs
[2026-04-27T11:55:04.914+0000] {taskinstance.py:2076} INFO - Dependencies all met for dep_context=non-requeueable deps ti=<TaskInstance: monitoring_pipeline.evaluate_feedback_loop scheduled__2026-04-26T00:00:00+00:00 [queued]>
[2026-04-27T11:55:04.919+0000] {taskinstance.py:2076} INFO - Dependencies all met for dep_context=requeueable deps ti=<TaskInstance: monitoring_pipeline.evaluate_feedback_loop scheduled__2026-04-26T00:00:00+00:00 [queued]>
[2026-04-27T11:55:04.920+0000] {taskinstance.py:2306} INFO - Starting attempt 1 of 1
[2026-04-27T11:55:04.929+0000] {taskinstance.py:2330} INFO - Executing <Task(BashOperator): evaluate_feedback_loop> on 2026-04-26 00:00:00+00:00
[2026-04-27T11:55:04.935+0000] {standard_task_runner.py:90} INFO - Running: ['***', 'tasks', 'run', 'monitoring_pipeline', 'evaluate_feedback_loop', 'scheduled__2026-04-26T00:00:00+00:00', '--job-id', '4', '--raw', '--subdir', 'DAGS_FOLDER/monitoring_pipeline_dag.py', '--cfg-path', '/tmp/tmp7u_s0v_8']
[2026-04-27T11:55:04.937+0000] {logging_mixin.py:188} WARNING - /home/***/.local/lib/python3.12/site-packages/***/task/task_runner/standard_task_runner.py:61 DeprecationWarning: This process (pid=232) is multi-threaded, use of fork() may lead to deadlocks in the child.
[2026-04-27T11:55:04.937+0000] {standard_task_runner.py:91} INFO - Job 4: Subtask evaluate_feedback_loop
[2026-04-27T11:55:04.937+0000] {standard_task_runner.py:63} INFO - Started process 235 to run task
[2026-04-27T11:55:04.977+0000] {task_command.py:426} INFO - Running <TaskInstance: monitoring_pipeline.evaluate_feedback_loop scheduled__2026-04-26T00:00:00+00:00 [running]> on host 34bdc0b29c9b
[2026-04-27T11:55:05.039+0000] {taskinstance.py:2648} INFO - Exporting env vars: AIRFLOW_CTX_DAG_OWNER='***' AIRFLOW_CTX_DAG_ID='monitoring_pipeline' AIRFLOW_CTX_TASK_ID='evaluate_feedback_loop' AIRFLOW_CTX_EXECUTION_DATE='2026-04-26T00:00:00+00:00' AIRFLOW_CTX_TRY_NUMBER='1' AIRFLOW_CTX_DAG_RUN_ID='scheduled__2026-04-26T00:00:00+00:00'
[2026-04-27T11:55:05.039+0000] {taskinstance.py:430} INFO - ::endgroup::
[2026-04-27T11:55:05.049+0000] {subprocess.py:63} INFO - Tmp dir root location: /tmp
[2026-04-27T11:55:05.050+0000] {subprocess.py:75} INFO - Running command: ['/usr/bin/bash', '-c', 'cd /opt/***/project && python -m src.monitoring.feedback_loop']
[2026-04-27T11:55:05.055+0000] {subprocess.py:86} INFO - Output:
[2026-04-27T11:55:06.348+0000] {subprocess.py:93} INFO - Traceback (most recent call last):
[2026-04-27T11:55:06.348+0000] {subprocess.py:93} INFO -   File "<frozen runpy>", line 198, in _run_module_as_main
[2026-04-27T11:55:06.348+0000] {subprocess.py:93} INFO -   File "<frozen runpy>", line 88, in _run_code
[2026-04-27T11:55:06.348+0000] {subprocess.py:93} INFO -   File "/opt/***/project/src/monitoring/feedback_loop.py", line 66, in <module>
[2026-04-27T11:55:06.349+0000] {subprocess.py:93} INFO -     main()
[2026-04-27T11:55:06.349+0000] {subprocess.py:93} INFO -   File "/opt/***/project/src/monitoring/feedback_loop.py", line 58, in main
[2026-04-27T11:55:06.349+0000] {subprocess.py:93} INFO -     merged_df = merge_predictions_with_labels(prediction_path, ground_truth_path)
[2026-04-27T11:55:06.349+0000] {subprocess.py:93} INFO -                 ^^^^^^^^^^^^^^^^^^^^^^^^^^^^^^^^^^^^^^^^^^^^^^^^^^^^^^^^^^^^^^^^^
[2026-04-27T11:55:06.349+0000] {subprocess.py:93} INFO -   File "/opt/***/project/src/monitoring/feedback_loop.py", line 20, in merge_predictions_with_labels
[2026-04-27T11:55:06.349+0000] {subprocess.py:93} INFO -     raise FileNotFoundError(f"Prediction file not found: {prediction_path}")
[2026-04-27T11:55:06.349+0000] {subprocess.py:93} INFO - FileNotFoundError: Prediction file not found: artifacts/metrics/batch_predictions.csv
[2026-04-27T11:55:06.445+0000] {subprocess.py:97} INFO - Command exited with return code 1
[2026-04-27T11:55:06.445+0000] {taskinstance.py:441} INFO - ::group::Post task execution logs
[2026-04-27T11:55:06.454+0000] {taskinstance.py:2905} ERROR - Task failed with exception
Traceback (most recent call last):
  File "/home/airflow/.local/lib/python3.12/site-packages/airflow/models/taskinstance.py", line 465, in _execute_task
    result = _execute_callable(context=context, **execute_callable_kwargs)
             ^^^^^^^^^^^^^^^^^^^^^^^^^^^^^^^^^^^^^^^^^^^^^^^^^^^^^^^^^^^^^
  File "/home/airflow/.local/lib/python3.12/site-packages/airflow/models/taskinstance.py", line 432, in _execute_callable
    return execute_callable(context=context, **execute_callable_kwargs)
           ^^^^^^^^^^^^^^^^^^^^^^^^^^^^^^^^^^^^^^^^^^^^^^^^^^^^^^^^^^^^
  File "/home/airflow/.local/lib/python3.12/site-packages/airflow/models/baseoperator.py", line 400, in wrapper
    return func(self, *args, **kwargs)
           ^^^^^^^^^^^^^^^^^^^^^^^^^^^
  File "/home/airflow/.local/lib/python3.12/site-packages/airflow/operators/bash.py", line 243, in execute
    raise AirflowException(
airflow.exceptions.AirflowException: Bash command failed. The command returned a non-zero exit code 1.
[2026-04-27T11:55:06.457+0000] {taskinstance.py:1206} INFO - Marking task as FAILED. dag_id=monitoring_pipeline, task_id=evaluate_feedback_loop, run_id=scheduled__2026-04-26T00:00:00+00:00, execution_date=20260426T000000, start_date=20260427T115504, end_date=20260427T115506
[2026-04-27T11:55:06.467+0000] {standard_task_runner.py:110} ERROR - Failed to execute job 4 for task evaluate_feedback_loop (Bash command failed. The command returned a non-zero exit code 1.; 235)
[2026-04-27T11:55:06.503+0000] {local_task_job_runner.py:240} INFO - Task exited with return code 1
[2026-04-27T11:55:06.515+0000] {taskinstance.py:3498} INFO - 0 downstream tasks scheduled from follow-on schedule check
[2026-04-27T11:55:06.517+0000] {local_task_job_runner.py:222} INFO - ::endgroup::
