[2026-04-25T19:00:47.107+0000] {local_task_job_runner.py:120} INFO - ::group::Pre task execution logs
[2026-04-25T19:00:47.131+0000] {taskinstance.py:2076} INFO - Dependencies all met for dep_context=non-requeueable deps ti=<TaskInstance: monitoring_pipeline.export_online_snapshot scheduled__2026-04-24T00:00:00+00:00 [queued]>
[2026-04-25T19:00:47.136+0000] {taskinstance.py:2076} INFO - Dependencies all met for dep_context=requeueable deps ti=<TaskInstance: monitoring_pipeline.export_online_snapshot scheduled__2026-04-24T00:00:00+00:00 [queued]>
[2026-04-25T19:00:47.137+0000] {taskinstance.py:2306} INFO - Starting attempt 1 of 1
[2026-04-25T19:00:47.146+0000] {taskinstance.py:2330} INFO - Executing <Task(BashOperator): export_online_snapshot> on 2026-04-24 00:00:00+00:00
[2026-04-25T19:00:47.151+0000] {standard_task_runner.py:90} INFO - Running: ['***', 'tasks', 'run', 'monitoring_pipeline', 'export_online_snapshot', 'scheduled__2026-04-24T00:00:00+00:00', '--job-id', '4', '--raw', '--subdir', 'DAGS_FOLDER/monitoring_pipeline_dag.py', '--cfg-path', '/tmp/tmp60r80_ma']
[2026-04-25T19:00:47.153+0000] {logging_mixin.py:188} WARNING - /home/***/.local/lib/python3.12/site-packages/***/task/task_runner/standard_task_runner.py:61 DeprecationWarning: This process (pid=250) is multi-threaded, use of fork() may lead to deadlocks in the child.
[2026-04-25T19:00:47.153+0000] {standard_task_runner.py:91} INFO - Job 4: Subtask export_online_snapshot
[2026-04-25T19:00:47.153+0000] {standard_task_runner.py:63} INFO - Started process 251 to run task
[2026-04-25T19:00:47.195+0000] {task_command.py:426} INFO - Running <TaskInstance: monitoring_pipeline.export_online_snapshot scheduled__2026-04-24T00:00:00+00:00 [running]> on host 731343c33fcb
[2026-04-25T19:00:47.262+0000] {taskinstance.py:2648} INFO - Exporting env vars: AIRFLOW_CTX_DAG_OWNER='***' AIRFLOW_CTX_DAG_ID='monitoring_pipeline' AIRFLOW_CTX_TASK_ID='export_online_snapshot' AIRFLOW_CTX_EXECUTION_DATE='2026-04-24T00:00:00+00:00' AIRFLOW_CTX_TRY_NUMBER='1' AIRFLOW_CTX_DAG_RUN_ID='scheduled__2026-04-24T00:00:00+00:00'
[2026-04-25T19:00:47.262+0000] {taskinstance.py:430} INFO - ::endgroup::
[2026-04-25T19:00:47.273+0000] {subprocess.py:63} INFO - Tmp dir root location: /tmp
[2026-04-25T19:00:47.274+0000] {subprocess.py:75} INFO - Running command: ['/usr/bin/bash', '-c', 'cd /opt/***/project && python -m src.monitoring.export_online_features_snapshot']
[2026-04-25T19:00:47.281+0000] {subprocess.py:86} INFO - Output:
[2026-04-25T19:00:47.842+0000] {subprocess.py:93} INFO - Traceback (most recent call last):
[2026-04-25T19:00:47.843+0000] {subprocess.py:93} INFO -   File "<frozen runpy>", line 198, in _run_module_as_main
[2026-04-25T19:00:47.843+0000] {subprocess.py:93} INFO -   File "<frozen runpy>", line 88, in _run_code
[2026-04-25T19:00:47.843+0000] {subprocess.py:93} INFO -   File "/opt/***/project/src/monitoring/export_online_features_snapshot.py", line 35, in <module>
[2026-04-25T19:00:47.843+0000] {subprocess.py:93} INFO -     main()
[2026-04-25T19:00:47.843+0000] {subprocess.py:93} INFO -   File "/opt/***/project/src/monitoring/export_online_features_snapshot.py", line 30, in main
[2026-04-25T19:00:47.843+0000] {subprocess.py:93} INFO -     output_path = export_online_snapshot()
[2026-04-25T19:00:47.843+0000] {subprocess.py:93} INFO -                   ^^^^^^^^^^^^^^^^^^^^^^^^
[2026-04-25T19:00:47.843+0000] {subprocess.py:93} INFO -   File "/opt/***/project/src/monitoring/export_online_features_snapshot.py", line 16, in export_online_snapshot
[2026-04-25T19:00:47.844+0000] {subprocess.py:93} INFO -     raise FileNotFoundError(f"Online feature store file not found: {source_path}")
[2026-04-25T19:00:47.844+0000] {subprocess.py:93} INFO - FileNotFoundError: Online feature store file not found: artifacts/logs/online_feature_store.json
[2026-04-25T19:00:47.893+0000] {subprocess.py:97} INFO - Command exited with return code 1
[2026-04-25T19:00:47.894+0000] {taskinstance.py:441} INFO - ::group::Post task execution logs
[2026-04-25T19:00:47.903+0000] {taskinstance.py:2905} ERROR - Task failed with exception
Traceback (most recent call last):
  File "/home/airflow/.local/lib/python3.12/site-packages/airflow/models/taskinstance.py", line 465, in _execute_task
    result = _execute_callable(context=context, **execute_callable_kwargs)
             ^^^^^^^^^^^^^^^^^^^^^^^^^^^^^^^^^^^^^^^^^^^^^^^^^^^^^^^^^^^^^
  File "/home/airflow/.local/lib/python3.12/site-packages/airflow/models/taskinstance.py", line 432, in _execute_callable
    return execute_callable(context=context, **execute_callable_kwargs)
           ^^^^^^^^^^^^^^^^^^^^^^^^^^^^^^^^^^^^^^^^^^^^^^^^^^^^^^^^^^^^
  File "/home/airflow/.local/lib/python3.12/site-packages/airflow/models/baseoperator.py", line 400, in wrapper
    return func(self, *args, **kwargs)
           ^^^^^^^^^^^^^^^^^^^^^^^^^^^
  File "/home/airflow/.local/lib/python3.12/site-packages/airflow/operators/bash.py", line 243, in execute
    raise AirflowException(
airflow.exceptions.AirflowException: Bash command failed. The command returned a non-zero exit code 1.
[2026-04-25T19:00:47.906+0000] {taskinstance.py:1206} INFO - Marking task as FAILED. dag_id=monitoring_pipeline, task_id=export_online_snapshot, run_id=scheduled__2026-04-24T00:00:00+00:00, execution_date=20260424T000000, start_date=20260425T190047, end_date=20260425T190047
[2026-04-25T19:00:47.914+0000] {standard_task_runner.py:110} ERROR - Failed to execute job 4 for task export_online_snapshot (Bash command failed. The command returned a non-zero exit code 1.; 251)
[2026-04-25T19:00:47.931+0000] {local_task_job_runner.py:240} INFO - Task exited with return code 1
[2026-04-25T19:00:47.947+0000] {taskinstance.py:3498} INFO - 0 downstream tasks scheduled from follow-on schedule check
[2026-04-25T19:00:47.951+0000] {local_task_job_runner.py:222} INFO - ::endgroup::
[2026-04-25T19:12:43.956+0000] {local_task_job_runner.py:120} INFO - ::group::Pre task execution logs
[2026-04-25T19:12:43.985+0000] {taskinstance.py:2076} INFO - Dependencies all met for dep_context=non-requeueable deps ti=<TaskInstance: monitoring_pipeline.export_online_snapshot scheduled__2026-04-24T00:00:00+00:00 [queued]>
[2026-04-25T19:12:43.993+0000] {taskinstance.py:2076} INFO - Dependencies all met for dep_context=requeueable deps ti=<TaskInstance: monitoring_pipeline.export_online_snapshot scheduled__2026-04-24T00:00:00+00:00 [queued]>
[2026-04-25T19:12:43.993+0000] {taskinstance.py:2306} INFO - Starting attempt 1 of 1
[2026-04-25T19:12:44.004+0000] {taskinstance.py:2330} INFO - Executing <Task(BashOperator): export_online_snapshot> on 2026-04-24 00:00:00+00:00
[2026-04-25T19:12:44.012+0000] {logging_mixin.py:188} WARNING - /home/***/.local/lib/python3.12/site-packages/***/task/task_runner/standard_task_runner.py:61 DeprecationWarning: This process (pid=370) is multi-threaded, use of fork() may lead to deadlocks in the child.
[2026-04-25T19:12:44.011+0000] {standard_task_runner.py:90} INFO - Running: ['***', 'tasks', 'run', 'monitoring_pipeline', 'export_online_snapshot', 'scheduled__2026-04-24T00:00:00+00:00', '--job-id', '4', '--raw', '--subdir', 'DAGS_FOLDER/monitoring_pipeline_dag.py', '--cfg-path', '/tmp/tmp5r8tlvjf']
[2026-04-25T19:12:44.013+0000] {standard_task_runner.py:91} INFO - Job 4: Subtask export_online_snapshot
[2026-04-25T19:12:44.013+0000] {standard_task_runner.py:63} INFO - Started process 371 to run task
[2026-04-25T19:12:44.062+0000] {task_command.py:426} INFO - Running <TaskInstance: monitoring_pipeline.export_online_snapshot scheduled__2026-04-24T00:00:00+00:00 [running]> on host 3b7cf07eea9a
[2026-04-25T19:12:44.141+0000] {taskinstance.py:2648} INFO - Exporting env vars: AIRFLOW_CTX_DAG_OWNER='***' AIRFLOW_CTX_DAG_ID='monitoring_pipeline' AIRFLOW_CTX_TASK_ID='export_online_snapshot' AIRFLOW_CTX_EXECUTION_DATE='2026-04-24T00:00:00+00:00' AIRFLOW_CTX_TRY_NUMBER='1' AIRFLOW_CTX_DAG_RUN_ID='scheduled__2026-04-24T00:00:00+00:00'
[2026-04-25T19:12:44.142+0000] {taskinstance.py:430} INFO - ::endgroup::
[2026-04-25T19:12:44.155+0000] {subprocess.py:63} INFO - Tmp dir root location: /tmp
[2026-04-25T19:12:44.156+0000] {subprocess.py:75} INFO - Running command: ['/usr/bin/bash', '-c', 'cd /opt/***/project && python -m src.monitoring.export_online_features_snapshot']
[2026-04-25T19:12:44.165+0000] {subprocess.py:86} INFO - Output:
[2026-04-25T19:12:44.902+0000] {subprocess.py:93} INFO - 2026-04-25 19:12:44 | INFO | monitoring.export_online_snapshot | Exported online feature snapshot to artifacts/logs/latest_online_features.csv
[2026-04-25T19:12:44.903+0000] {subprocess.py:93} INFO - Saved snapshot to artifacts/logs/latest_online_features.csv
[2026-04-25T19:12:44.975+0000] {subprocess.py:97} INFO - Command exited with return code 0
[2026-04-25T19:12:44.976+0000] {taskinstance.py:441} INFO - ::group::Post task execution logs
[2026-04-25T19:12:44.997+0000] {taskinstance.py:1206} INFO - Marking task as SUCCESS. dag_id=monitoring_pipeline, task_id=export_online_snapshot, run_id=scheduled__2026-04-24T00:00:00+00:00, execution_date=20260424T000000, start_date=20260425T191243, end_date=20260425T191244
[2026-04-25T19:12:45.031+0000] {local_task_job_runner.py:240} INFO - Task exited with return code 0
[2026-04-25T19:12:45.053+0000] {taskinstance.py:3498} INFO - 1 downstream tasks scheduled from follow-on schedule check
[2026-04-25T19:12:45.055+0000] {local_task_job_runner.py:222} INFO - ::endgroup::
[2026-04-25T19:19:54.249+0000] {local_task_job_runner.py:120} INFO - ::group::Pre task execution logs
[2026-04-25T19:19:54.280+0000] {taskinstance.py:2076} INFO - Dependencies all met for dep_context=non-requeueable deps ti=<TaskInstance: monitoring_pipeline.export_online_snapshot scheduled__2026-04-24T00:00:00+00:00 [queued]>
[2026-04-25T19:19:54.287+0000] {taskinstance.py:2076} INFO - Dependencies all met for dep_context=requeueable deps ti=<TaskInstance: monitoring_pipeline.export_online_snapshot scheduled__2026-04-24T00:00:00+00:00 [queued]>
[2026-04-25T19:19:54.288+0000] {taskinstance.py:2306} INFO - Starting attempt 1 of 1
[2026-04-25T19:19:54.299+0000] {taskinstance.py:2330} INFO - Executing <Task(BashOperator): export_online_snapshot> on 2026-04-24 00:00:00+00:00
[2026-04-25T19:19:54.307+0000] {logging_mixin.py:188} WARNING - /home/***/.local/lib/python3.12/site-packages/***/task/task_runner/standard_task_runner.py:61 DeprecationWarning: This process (pid=236) is multi-threaded, use of fork() may lead to deadlocks in the child.
[2026-04-25T19:19:54.305+0000] {standard_task_runner.py:90} INFO - Running: ['***', 'tasks', 'run', 'monitoring_pipeline', 'export_online_snapshot', 'scheduled__2026-04-24T00:00:00+00:00', '--job-id', '2', '--raw', '--subdir', 'DAGS_FOLDER/monitoring_pipeline_dag.py', '--cfg-path', '/tmp/tmpcb0rqxtn']
[2026-04-25T19:19:54.308+0000] {standard_task_runner.py:63} INFO - Started process 237 to run task
[2026-04-25T19:19:54.308+0000] {standard_task_runner.py:91} INFO - Job 2: Subtask export_online_snapshot
[2026-04-25T19:19:54.355+0000] {task_command.py:426} INFO - Running <TaskInstance: monitoring_pipeline.export_online_snapshot scheduled__2026-04-24T00:00:00+00:00 [running]> on host de535a893666
[2026-04-25T19:19:54.439+0000] {taskinstance.py:2648} INFO - Exporting env vars: AIRFLOW_CTX_DAG_OWNER='***' AIRFLOW_CTX_DAG_ID='monitoring_pipeline' AIRFLOW_CTX_TASK_ID='export_online_snapshot' AIRFLOW_CTX_EXECUTION_DATE='2026-04-24T00:00:00+00:00' AIRFLOW_CTX_TRY_NUMBER='1' AIRFLOW_CTX_DAG_RUN_ID='scheduled__2026-04-24T00:00:00+00:00'
[2026-04-25T19:19:54.439+0000] {taskinstance.py:430} INFO - ::endgroup::
[2026-04-25T19:19:54.467+0000] {subprocess.py:63} INFO - Tmp dir root location: /tmp
[2026-04-25T19:19:54.468+0000] {subprocess.py:75} INFO - Running command: ['/usr/bin/bash', '-c', 'cd /opt/***/project && python -m src.monitoring.export_online_features_snapshot']
[2026-04-25T19:19:54.475+0000] {subprocess.py:86} INFO - Output:
[2026-04-25T19:19:55.866+0000] {subprocess.py:93} INFO - 2026-04-25 19:19:55 | INFO | monitoring.export_online_snapshot | Exported online feature snapshot to artifacts/logs/latest_online_features.csv
[2026-04-25T19:19:55.867+0000] {subprocess.py:93} INFO - Saved snapshot to artifacts/logs/latest_online_features.csv
[2026-04-25T19:19:55.942+0000] {subprocess.py:97} INFO - Command exited with return code 0
[2026-04-25T19:19:55.943+0000] {taskinstance.py:441} INFO - ::group::Post task execution logs
[2026-04-25T19:19:55.965+0000] {taskinstance.py:1206} INFO - Marking task as SUCCESS. dag_id=monitoring_pipeline, task_id=export_online_snapshot, run_id=scheduled__2026-04-24T00:00:00+00:00, execution_date=20260424T000000, start_date=20260425T191954, end_date=20260425T191955
[2026-04-25T19:19:56.006+0000] {local_task_job_runner.py:240} INFO - Task exited with return code 0
[2026-04-25T19:19:56.024+0000] {taskinstance.py:3498} INFO - 0 downstream tasks scheduled from follow-on schedule check
[2026-04-25T19:19:56.026+0000] {local_task_job_runner.py:222} INFO - ::endgroup::
