[2026-04-25T19:12:47.969+0000] {local_task_job_runner.py:120} INFO - ::group::Pre task execution logs
[2026-04-25T19:12:47.999+0000] {taskinstance.py:2076} INFO - Dependencies all met for dep_context=non-requeueable deps ti=<TaskInstance: monitoring_pipeline.evaluate_feedback_loop scheduled__2026-04-24T00:00:00+00:00 [queued]>
[2026-04-25T19:12:48.007+0000] {taskinstance.py:2076} INFO - Dependencies all met for dep_context=requeueable deps ti=<TaskInstance: monitoring_pipeline.evaluate_feedback_loop scheduled__2026-04-24T00:00:00+00:00 [queued]>
[2026-04-25T19:12:48.007+0000] {taskinstance.py:2306} INFO - Starting attempt 1 of 1
[2026-04-25T19:12:48.018+0000] {taskinstance.py:2330} INFO - Executing <Task(BashOperator): evaluate_feedback_loop> on 2026-04-24 00:00:00+00:00
[2026-04-25T19:12:48.024+0000] {standard_task_runner.py:90} INFO - Running: ['***', 'tasks', 'run', 'monitoring_pipeline', 'evaluate_feedback_loop', 'scheduled__2026-04-24T00:00:00+00:00', '--job-id', '6', '--raw', '--subdir', 'DAGS_FOLDER/monitoring_pipeline_dag.py', '--cfg-path', '/tmp/tmp4xggomb3']
[2026-04-25T19:12:48.025+0000] {logging_mixin.py:188} WARNING - /home/***/.local/lib/python3.12/site-packages/***/task/task_runner/standard_task_runner.py:61 DeprecationWarning: This process (pid=416) is multi-threaded, use of fork() may lead to deadlocks in the child.
[2026-04-25T19:12:48.026+0000] {standard_task_runner.py:91} INFO - Job 6: Subtask evaluate_feedback_loop
[2026-04-25T19:12:48.026+0000] {standard_task_runner.py:63} INFO - Started process 417 to run task
[2026-04-25T19:12:48.069+0000] {task_command.py:426} INFO - Running <TaskInstance: monitoring_pipeline.evaluate_feedback_loop scheduled__2026-04-24T00:00:00+00:00 [running]> on host 3b7cf07eea9a
[2026-04-25T19:12:48.147+0000] {taskinstance.py:2648} INFO - Exporting env vars: AIRFLOW_CTX_DAG_OWNER='***' AIRFLOW_CTX_DAG_ID='monitoring_pipeline' AIRFLOW_CTX_TASK_ID='evaluate_feedback_loop' AIRFLOW_CTX_EXECUTION_DATE='2026-04-24T00:00:00+00:00' AIRFLOW_CTX_TRY_NUMBER='1' AIRFLOW_CTX_DAG_RUN_ID='scheduled__2026-04-24T00:00:00+00:00'
[2026-04-25T19:12:48.148+0000] {taskinstance.py:430} INFO - ::endgroup::
[2026-04-25T19:12:48.158+0000] {subprocess.py:63} INFO - Tmp dir root location: /tmp
[2026-04-25T19:12:48.159+0000] {subprocess.py:75} INFO - Running command: ['/usr/bin/bash', '-c', 'cd /opt/***/project && python -m src.monitoring.feedback_loop']
[2026-04-25T19:12:48.166+0000] {subprocess.py:86} INFO - Output:
[2026-04-25T19:12:48.834+0000] {subprocess.py:93} INFO - Traceback (most recent call last):
[2026-04-25T19:12:48.834+0000] {subprocess.py:93} INFO -   File "<frozen runpy>", line 198, in _run_module_as_main
[2026-04-25T19:12:48.834+0000] {subprocess.py:93} INFO -   File "<frozen runpy>", line 88, in _run_code
[2026-04-25T19:12:48.834+0000] {subprocess.py:93} INFO -   File "/opt/***/project/src/monitoring/feedback_loop.py", line 4, in <module>
[2026-04-25T19:12:48.835+0000] {subprocess.py:93} INFO -     from sklearn.metrics import accuracy_score, precision_score, recall_score, f1_score
[2026-04-25T19:12:48.835+0000] {subprocess.py:93} INFO - ModuleNotFoundError: No module named 'sklearn'
[2026-04-25T19:12:48.913+0000] {subprocess.py:97} INFO - Command exited with return code 1
[2026-04-25T19:12:48.913+0000] {taskinstance.py:441} INFO - ::group::Post task execution logs
[2026-04-25T19:12:48.923+0000] {taskinstance.py:2905} ERROR - Task failed with exception
Traceback (most recent call last):
  File "/home/airflow/.local/lib/python3.12/site-packages/airflow/models/taskinstance.py", line 465, in _execute_task
    result = _execute_callable(context=context, **execute_callable_kwargs)
             ^^^^^^^^^^^^^^^^^^^^^^^^^^^^^^^^^^^^^^^^^^^^^^^^^^^^^^^^^^^^^
  File "/home/airflow/.local/lib/python3.12/site-packages/airflow/models/taskinstance.py", line 432, in _execute_callable
    return execute_callable(context=context, **execute_callable_kwargs)
           ^^^^^^^^^^^^^^^^^^^^^^^^^^^^^^^^^^^^^^^^^^^^^^^^^^^^^^^^^^^^
  File "/home/airflow/.local/lib/python3.12/site-packages/airflow/models/baseoperator.py", line 400, in wrapper
    return func(self, *args, **kwargs)
           ^^^^^^^^^^^^^^^^^^^^^^^^^^^
  File "/home/airflow/.local/lib/python3.12/site-packages/airflow/operators/bash.py", line 243, in execute
    raise AirflowException(
airflow.exceptions.AirflowException: Bash command failed. The command returned a non-zero exit code 1.
[2026-04-25T19:12:48.926+0000] {taskinstance.py:1206} INFO - Marking task as FAILED. dag_id=monitoring_pipeline, task_id=evaluate_feedback_loop, run_id=scheduled__2026-04-24T00:00:00+00:00, execution_date=20260424T000000, start_date=20260425T191247, end_date=20260425T191248
[2026-04-25T19:12:48.936+0000] {standard_task_runner.py:110} ERROR - Failed to execute job 6 for task evaluate_feedback_loop (Bash command failed. The command returned a non-zero exit code 1.; 417)
[2026-04-25T19:12:48.963+0000] {local_task_job_runner.py:240} INFO - Task exited with return code 1
[2026-04-25T19:12:48.976+0000] {taskinstance.py:3498} INFO - 0 downstream tasks scheduled from follow-on schedule check
[2026-04-25T19:12:48.978+0000] {local_task_job_runner.py:222} INFO - ::endgroup::
[2026-04-25T19:19:58.375+0000] {local_task_job_runner.py:120} INFO - ::group::Pre task execution logs
[2026-04-25T19:19:58.404+0000] {taskinstance.py:2076} INFO - Dependencies all met for dep_context=non-requeueable deps ti=<TaskInstance: monitoring_pipeline.evaluate_feedback_loop scheduled__2026-04-24T00:00:00+00:00 [queued]>
[2026-04-25T19:19:58.411+0000] {taskinstance.py:2076} INFO - Dependencies all met for dep_context=requeueable deps ti=<TaskInstance: monitoring_pipeline.evaluate_feedback_loop scheduled__2026-04-24T00:00:00+00:00 [queued]>
[2026-04-25T19:19:58.412+0000] {taskinstance.py:2306} INFO - Starting attempt 1 of 1
[2026-04-25T19:19:58.423+0000] {taskinstance.py:2330} INFO - Executing <Task(BashOperator): evaluate_feedback_loop> on 2026-04-24 00:00:00+00:00
[2026-04-25T19:19:58.431+0000] {logging_mixin.py:188} WARNING - /home/***/.local/lib/python3.12/site-packages/***/task/task_runner/standard_task_runner.py:61 DeprecationWarning: This process (pid=305) is multi-threaded, use of fork() may lead to deadlocks in the child.
[2026-04-25T19:19:58.430+0000] {standard_task_runner.py:90} INFO - Running: ['***', 'tasks', 'run', 'monitoring_pipeline', 'evaluate_feedback_loop', 'scheduled__2026-04-24T00:00:00+00:00', '--job-id', '5', '--raw', '--subdir', 'DAGS_FOLDER/monitoring_pipeline_dag.py', '--cfg-path', '/tmp/tmpywbb3n6f']
[2026-04-25T19:19:58.432+0000] {standard_task_runner.py:91} INFO - Job 5: Subtask evaluate_feedback_loop
[2026-04-25T19:19:58.432+0000] {standard_task_runner.py:63} INFO - Started process 306 to run task
[2026-04-25T19:19:58.486+0000] {task_command.py:426} INFO - Running <TaskInstance: monitoring_pipeline.evaluate_feedback_loop scheduled__2026-04-24T00:00:00+00:00 [running]> on host de535a893666
[2026-04-25T19:19:58.575+0000] {taskinstance.py:2648} INFO - Exporting env vars: AIRFLOW_CTX_DAG_OWNER='***' AIRFLOW_CTX_DAG_ID='monitoring_pipeline' AIRFLOW_CTX_TASK_ID='evaluate_feedback_loop' AIRFLOW_CTX_EXECUTION_DATE='2026-04-24T00:00:00+00:00' AIRFLOW_CTX_TRY_NUMBER='1' AIRFLOW_CTX_DAG_RUN_ID='scheduled__2026-04-24T00:00:00+00:00'
[2026-04-25T19:19:58.575+0000] {taskinstance.py:430} INFO - ::endgroup::
[2026-04-25T19:19:58.590+0000] {subprocess.py:63} INFO - Tmp dir root location: /tmp
[2026-04-25T19:19:58.591+0000] {subprocess.py:75} INFO - Running command: ['/usr/bin/bash', '-c', 'cd /opt/***/project && python -m src.monitoring.feedback_loop']
[2026-04-25T19:19:58.601+0000] {subprocess.py:86} INFO - Output:
[2026-04-25T19:20:00.263+0000] {subprocess.py:93} INFO - Traceback (most recent call last):
[2026-04-25T19:20:00.263+0000] {subprocess.py:93} INFO -   File "<frozen runpy>", line 198, in _run_module_as_main
[2026-04-25T19:20:00.263+0000] {subprocess.py:93} INFO -   File "<frozen runpy>", line 88, in _run_code
[2026-04-25T19:20:00.263+0000] {subprocess.py:93} INFO -   File "/opt/***/project/src/monitoring/feedback_loop.py", line 66, in <module>
[2026-04-25T19:20:00.263+0000] {subprocess.py:93} INFO -     main()
[2026-04-25T19:20:00.264+0000] {subprocess.py:93} INFO -   File "/opt/***/project/src/monitoring/feedback_loop.py", line 58, in main
[2026-04-25T19:20:00.264+0000] {subprocess.py:93} INFO -     merged_df = merge_predictions_with_labels(prediction_path, ground_truth_path)
[2026-04-25T19:20:00.264+0000] {subprocess.py:93} INFO -                 ^^^^^^^^^^^^^^^^^^^^^^^^^^^^^^^^^^^^^^^^^^^^^^^^^^^^^^^^^^^^^^^^^
[2026-04-25T19:20:00.264+0000] {subprocess.py:93} INFO -   File "/opt/***/project/src/monitoring/feedback_loop.py", line 20, in merge_predictions_with_labels
[2026-04-25T19:20:00.264+0000] {subprocess.py:93} INFO -     raise FileNotFoundError(f"Prediction file not found: {prediction_path}")
[2026-04-25T19:20:00.264+0000] {subprocess.py:93} INFO - FileNotFoundError: Prediction file not found: artifacts/metrics/batch_predictions.csv
[2026-04-25T19:20:00.453+0000] {subprocess.py:97} INFO - Command exited with return code 1
[2026-04-25T19:20:00.454+0000] {taskinstance.py:441} INFO - ::group::Post task execution logs
[2026-04-25T19:20:00.466+0000] {taskinstance.py:2905} ERROR - Task failed with exception
Traceback (most recent call last):
  File "/home/airflow/.local/lib/python3.12/site-packages/airflow/models/taskinstance.py", line 465, in _execute_task
    result = _execute_callable(context=context, **execute_callable_kwargs)
             ^^^^^^^^^^^^^^^^^^^^^^^^^^^^^^^^^^^^^^^^^^^^^^^^^^^^^^^^^^^^^
  File "/home/airflow/.local/lib/python3.12/site-packages/airflow/models/taskinstance.py", line 432, in _execute_callable
    return execute_callable(context=context, **execute_callable_kwargs)
           ^^^^^^^^^^^^^^^^^^^^^^^^^^^^^^^^^^^^^^^^^^^^^^^^^^^^^^^^^^^^
  File "/home/airflow/.local/lib/python3.12/site-packages/airflow/models/baseoperator.py", line 400, in wrapper
    return func(self, *args, **kwargs)
           ^^^^^^^^^^^^^^^^^^^^^^^^^^^
  File "/home/airflow/.local/lib/python3.12/site-packages/airflow/operators/bash.py", line 243, in execute
    raise AirflowException(
airflow.exceptions.AirflowException: Bash command failed. The command returned a non-zero exit code 1.
[2026-04-25T19:20:00.470+0000] {taskinstance.py:1206} INFO - Marking task as FAILED. dag_id=monitoring_pipeline, task_id=evaluate_feedback_loop, run_id=scheduled__2026-04-24T00:00:00+00:00, execution_date=20260424T000000, start_date=20260425T191958, end_date=20260425T192000
[2026-04-25T19:20:00.483+0000] {standard_task_runner.py:110} ERROR - Failed to execute job 5 for task evaluate_feedback_loop (Bash command failed. The command returned a non-zero exit code 1.; 306)
[2026-04-25T19:20:00.502+0000] {local_task_job_runner.py:240} INFO - Task exited with return code 1
[2026-04-25T19:20:00.517+0000] {taskinstance.py:3498} INFO - 0 downstream tasks scheduled from follow-on schedule check
[2026-04-25T19:20:00.520+0000] {local_task_job_runner.py:222} INFO - ::endgroup::
