[2026-04-25T19:00:32.029+0000] {local_task_job_runner.py:120} INFO - ::group::Pre task execution logs
[2026-04-25T19:00:32.054+0000] {taskinstance.py:2076} INFO - Dependencies all met for dep_context=non-requeueable deps ti=<TaskInstance: backfill_pipeline.build_offline_features manual__2026-04-25T19:00:29.728177+00:00 [queued]>
[2026-04-25T19:00:32.059+0000] {taskinstance.py:2076} INFO - Dependencies all met for dep_context=requeueable deps ti=<TaskInstance: backfill_pipeline.build_offline_features manual__2026-04-25T19:00:29.728177+00:00 [queued]>
[2026-04-25T19:00:32.060+0000] {taskinstance.py:2306} INFO - Starting attempt 1 of 1
[2026-04-25T19:00:32.070+0000] {taskinstance.py:2330} INFO - Executing <Task(BashOperator): build_offline_features> on 2026-04-25 19:00:29.728177+00:00
[2026-04-25T19:00:32.076+0000] {standard_task_runner.py:90} INFO - Running: ['***', 'tasks', 'run', 'backfill_pipeline', 'build_offline_features', 'manual__2026-04-25T19:00:29.728177+00:00', '--job-id', '3', '--raw', '--subdir', 'DAGS_FOLDER/backfill_pipeline_dag.py', '--cfg-path', '/tmp/tmp_1d_hoh6']
[2026-04-25T19:00:32.077+0000] {logging_mixin.py:188} WARNING - /home/***/.local/lib/python3.12/site-packages/***/task/task_runner/standard_task_runner.py:61 DeprecationWarning: This process (pid=212) is multi-threaded, use of fork() may lead to deadlocks in the child.
[2026-04-25T19:00:32.077+0000] {standard_task_runner.py:91} INFO - Job 3: Subtask build_offline_features
[2026-04-25T19:00:32.078+0000] {standard_task_runner.py:63} INFO - Started process 213 to run task
[2026-04-25T19:00:32.116+0000] {task_command.py:426} INFO - Running <TaskInstance: backfill_pipeline.build_offline_features manual__2026-04-25T19:00:29.728177+00:00 [running]> on host 731343c33fcb
[2026-04-25T19:00:32.178+0000] {taskinstance.py:2648} INFO - Exporting env vars: AIRFLOW_CTX_DAG_OWNER='***' AIRFLOW_CTX_DAG_ID='backfill_pipeline' AIRFLOW_CTX_TASK_ID='build_offline_features' AIRFLOW_CTX_EXECUTION_DATE='2026-04-25T19:00:29.728177+00:00' AIRFLOW_CTX_TRY_NUMBER='1' AIRFLOW_CTX_DAG_RUN_ID='manual__2026-04-25T19:00:29.728177+00:00'
[2026-04-25T19:00:32.178+0000] {taskinstance.py:430} INFO - ::endgroup::
[2026-04-25T19:00:32.188+0000] {subprocess.py:63} INFO - Tmp dir root location: /tmp
[2026-04-25T19:00:32.189+0000] {subprocess.py:75} INFO - Running command: ['/usr/bin/bash', '-c', 'cd /opt/***/project && python -m src.features.offline.build_offline_features ']
[2026-04-25T19:00:32.196+0000] {subprocess.py:86} INFO - Output:
[2026-04-25T19:00:33.340+0000] {subprocess.py:93} INFO - 2026-04-25 19:00:33 | INFO | offline_features | Loading raw data...
[2026-04-25T19:00:33.701+0000] {subprocess.py:93} INFO - 2026-04-25 19:00:33 | INFO | offline_features | Building offline features...
[2026-04-25T19:00:34.712+0000] {subprocess.py:93} INFO - 2026-04-25 19:00:34 | INFO | offline_features | Saved offline features to data/gold/offline_features.csv
[2026-04-25T19:00:34.713+0000] {subprocess.py:93} INFO - 2026-04-25 19:00:34 | INFO | offline_features | Output shape: (101766, 56)
[2026-04-25T19:00:34.779+0000] {subprocess.py:97} INFO - Command exited with return code 0
[2026-04-25T19:00:34.780+0000] {taskinstance.py:441} INFO - ::group::Post task execution logs
[2026-04-25T19:00:34.803+0000] {taskinstance.py:1206} INFO - Marking task as SUCCESS. dag_id=backfill_pipeline, task_id=build_offline_features, run_id=manual__2026-04-25T19:00:29.728177+00:00, execution_date=20260425T190029, start_date=20260425T190032, end_date=20260425T190034
[2026-04-25T19:00:34.818+0000] {local_task_job_runner.py:240} INFO - Task exited with return code 0
[2026-04-25T19:00:34.827+0000] {local_task_job_runner.py:222} INFO - ::endgroup::
