[2026-04-27T11:45:02.746+0000] {local_task_job_runner.py:120} INFO - ::group::Pre task execution logs
[2026-04-27T11:45:02.769+0000] {taskinstance.py:2076} INFO - Dependencies all met for dep_context=non-requeueable deps ti=<TaskInstance: training_pipeline.evaluate_model scheduled__2026-04-26T00:00:00+00:00 [queued]>
[2026-04-27T11:45:02.775+0000] {taskinstance.py:2076} INFO - Dependencies all met for dep_context=requeueable deps ti=<TaskInstance: training_pipeline.evaluate_model scheduled__2026-04-26T00:00:00+00:00 [queued]>
[2026-04-27T11:45:02.775+0000] {taskinstance.py:2306} INFO - Starting attempt 1 of 1
[2026-04-27T11:45:02.785+0000] {taskinstance.py:2330} INFO - Executing <Task(BashOperator): evaluate_model> on 2026-04-26 00:00:00+00:00
[2026-04-27T11:45:02.790+0000] {standard_task_runner.py:90} INFO - Running: ['***', 'tasks', 'run', 'training_pipeline', 'evaluate_model', 'scheduled__2026-04-26T00:00:00+00:00', '--job-id', '7', '--raw', '--subdir', 'DAGS_FOLDER/training_pipeline_dag.py', '--cfg-path', '/tmp/tmpftj7evdh']
[2026-04-27T11:45:02.792+0000] {logging_mixin.py:188} WARNING - /home/***/.local/lib/python3.12/site-packages/***/task/task_runner/standard_task_runner.py:61 DeprecationWarning: This process (pid=339) is multi-threaded, use of fork() may lead to deadlocks in the child.
[2026-04-27T11:45:02.792+0000] {standard_task_runner.py:91} INFO - Job 7: Subtask evaluate_model
[2026-04-27T11:45:02.792+0000] {standard_task_runner.py:63} INFO - Started process 340 to run task
[2026-04-27T11:45:02.831+0000] {task_command.py:426} INFO - Running <TaskInstance: training_pipeline.evaluate_model scheduled__2026-04-26T00:00:00+00:00 [running]> on host 2bfd134a2313
[2026-04-27T11:45:02.896+0000] {taskinstance.py:2648} INFO - Exporting env vars: AIRFLOW_CTX_DAG_OWNER='***' AIRFLOW_CTX_DAG_ID='training_pipeline' AIRFLOW_CTX_TASK_ID='evaluate_model' AIRFLOW_CTX_EXECUTION_DATE='2026-04-26T00:00:00+00:00' AIRFLOW_CTX_TRY_NUMBER='1' AIRFLOW_CTX_DAG_RUN_ID='scheduled__2026-04-26T00:00:00+00:00'
[2026-04-27T11:45:02.897+0000] {taskinstance.py:430} INFO - ::endgroup::
[2026-04-27T11:45:02.907+0000] {subprocess.py:63} INFO - Tmp dir root location: /tmp
[2026-04-27T11:45:02.907+0000] {subprocess.py:75} INFO - Running command: ['/usr/bin/bash', '-c', 'cd /opt/***/project && python -m src.training.evaluate']
[2026-04-27T11:45:02.913+0000] {subprocess.py:86} INFO - Output:
[2026-04-27T11:45:03.032+0000] {subprocess.py:93} INFO - Traceback (most recent call last):
[2026-04-27T11:45:03.033+0000] {subprocess.py:93} INFO -   File "<frozen runpy>", line 198, in _run_module_as_main
[2026-04-27T11:45:03.033+0000] {subprocess.py:93} INFO -   File "<frozen runpy>", line 88, in _run_code
[2026-04-27T11:45:03.033+0000] {subprocess.py:93} INFO -   File "/opt/***/project/src/training/evaluate.py", line 3, in <module>
[2026-04-27T11:45:03.033+0000] {subprocess.py:93} INFO -     from turtle import pd
[2026-04-27T11:45:03.033+0000] {subprocess.py:93} INFO -     ^^^^^^^^^^^^^^^^^^^^^
[2026-04-27T11:45:03.033+0000] {subprocess.py:93} INFO -   File "/usr/local/lib/python3.12/turtle.py", line 101, in <module>
[2026-04-27T11:45:03.033+0000] {subprocess.py:93} INFO -     import tkinter as TK
[2026-04-27T11:45:03.033+0000] {subprocess.py:93} INFO -   File "/usr/local/lib/python3.12/tkinter/__init__.py", line 38, in <module>
[2026-04-27T11:45:03.033+0000] {subprocess.py:93} INFO -     import _tkinter # If this fails your Python may not be configured for Tk
[2026-04-27T11:45:03.033+0000] {subprocess.py:93} INFO -     ^^^^^^^^^^^^^^^
[2026-04-27T11:45:03.034+0000] {subprocess.py:93} INFO - ImportError: libtk8.6.so: cannot open shared object file: No such file or directory
[2026-04-27T11:45:03.037+0000] {subprocess.py:97} INFO - Command exited with return code 1
[2026-04-27T11:45:03.038+0000] {taskinstance.py:441} INFO - ::group::Post task execution logs
[2026-04-27T11:45:03.046+0000] {taskinstance.py:2905} ERROR - Task failed with exception
Traceback (most recent call last):
  File "/home/airflow/.local/lib/python3.12/site-packages/airflow/models/taskinstance.py", line 465, in _execute_task
    result = _execute_callable(context=context, **execute_callable_kwargs)
             ^^^^^^^^^^^^^^^^^^^^^^^^^^^^^^^^^^^^^^^^^^^^^^^^^^^^^^^^^^^^^
  File "/home/airflow/.local/lib/python3.12/site-packages/airflow/models/taskinstance.py", line 432, in _execute_callable
    return execute_callable(context=context, **execute_callable_kwargs)
           ^^^^^^^^^^^^^^^^^^^^^^^^^^^^^^^^^^^^^^^^^^^^^^^^^^^^^^^^^^^^
  File "/home/airflow/.local/lib/python3.12/site-packages/airflow/models/baseoperator.py", line 400, in wrapper
    return func(self, *args, **kwargs)
           ^^^^^^^^^^^^^^^^^^^^^^^^^^^
  File "/home/airflow/.local/lib/python3.12/site-packages/airflow/operators/bash.py", line 243, in execute
    raise AirflowException(
airflow.exceptions.AirflowException: Bash command failed. The command returned a non-zero exit code 1.
[2026-04-27T11:45:03.049+0000] {taskinstance.py:1206} INFO - Marking task as FAILED. dag_id=training_pipeline, task_id=evaluate_model, run_id=scheduled__2026-04-26T00:00:00+00:00, execution_date=20260426T000000, start_date=20260427T114502, end_date=20260427T114503
[2026-04-27T11:45:03.058+0000] {standard_task_runner.py:110} ERROR - Failed to execute job 7 for task evaluate_model (Bash command failed. The command returned a non-zero exit code 1.; 340)
[2026-04-27T11:45:03.095+0000] {local_task_job_runner.py:240} INFO - Task exited with return code 1
[2026-04-27T11:45:03.106+0000] {taskinstance.py:3498} INFO - 0 downstream tasks scheduled from follow-on schedule check
[2026-04-27T11:45:03.108+0000] {local_task_job_runner.py:222} INFO - ::endgroup::
[2026-04-27T11:50:19.246+0000] {local_task_job_runner.py:120} INFO - ::group::Pre task execution logs
[2026-04-27T11:50:19.272+0000] {taskinstance.py:2076} INFO - Dependencies all met for dep_context=non-requeueable deps ti=<TaskInstance: training_pipeline.evaluate_model scheduled__2026-04-26T00:00:00+00:00 [queued]>
[2026-04-27T11:50:19.278+0000] {taskinstance.py:2076} INFO - Dependencies all met for dep_context=requeueable deps ti=<TaskInstance: training_pipeline.evaluate_model scheduled__2026-04-26T00:00:00+00:00 [queued]>
[2026-04-27T11:50:19.278+0000] {taskinstance.py:2306} INFO - Starting attempt 1 of 1
[2026-04-27T11:50:19.287+0000] {taskinstance.py:2330} INFO - Executing <Task(BashOperator): evaluate_model> on 2026-04-26 00:00:00+00:00
[2026-04-27T11:50:19.292+0000] {standard_task_runner.py:90} INFO - Running: ['***', 'tasks', 'run', 'training_pipeline', 'evaluate_model', 'scheduled__2026-04-26T00:00:00+00:00', '--job-id', '6', '--raw', '--subdir', 'DAGS_FOLDER/training_pipeline_dag.py', '--cfg-path', '/tmp/tmp_1_4ykdj']
[2026-04-27T11:50:19.294+0000] {logging_mixin.py:188} WARNING - /home/***/.local/lib/python3.12/site-packages/***/task/task_runner/standard_task_runner.py:61 DeprecationWarning: This process (pid=323) is multi-threaded, use of fork() may lead to deadlocks in the child.
[2026-04-27T11:50:19.294+0000] {standard_task_runner.py:63} INFO - Started process 324 to run task
[2026-04-27T11:50:19.294+0000] {standard_task_runner.py:91} INFO - Job 6: Subtask evaluate_model
[2026-04-27T11:50:19.332+0000] {task_command.py:426} INFO - Running <TaskInstance: training_pipeline.evaluate_model scheduled__2026-04-26T00:00:00+00:00 [running]> on host 80036929c971
[2026-04-27T11:50:19.397+0000] {taskinstance.py:2648} INFO - Exporting env vars: AIRFLOW_CTX_DAG_OWNER='***' AIRFLOW_CTX_DAG_ID='training_pipeline' AIRFLOW_CTX_TASK_ID='evaluate_model' AIRFLOW_CTX_EXECUTION_DATE='2026-04-26T00:00:00+00:00' AIRFLOW_CTX_TRY_NUMBER='1' AIRFLOW_CTX_DAG_RUN_ID='scheduled__2026-04-26T00:00:00+00:00'
[2026-04-27T11:50:19.397+0000] {taskinstance.py:430} INFO - ::endgroup::
[2026-04-27T11:50:19.407+0000] {subprocess.py:63} INFO - Tmp dir root location: /tmp
[2026-04-27T11:50:19.408+0000] {subprocess.py:75} INFO - Running command: ['/usr/bin/bash', '-c', 'cd /opt/***/project && python -m src.training.evaluate']
[2026-04-27T11:50:19.414+0000] {subprocess.py:86} INFO - Output:
[2026-04-27T11:50:21.315+0000] {subprocess.py:93} INFO - /opt/***/project/src/training/preprocess.py:33: DtypeWarning: Columns (10) have mixed types. Specify dtype option on import or set low_memory=False.
[2026-04-27T11:50:21.316+0000] {subprocess.py:93} INFO -   df = pd.read_csv(file_path, na_values=MISSING_VALUES)
[2026-04-27T11:50:22.032+0000] {subprocess.py:93} INFO - Metrics:
[2026-04-27T11:50:22.032+0000] {subprocess.py:93} INFO - accuracy: 0.6254790213225901
[2026-04-27T11:50:22.033+0000] {subprocess.py:93} INFO - precision: 0.5949407620877362
[2026-04-27T11:50:22.033+0000] {subprocess.py:93} INFO - recall: 0.5928525845564774
[2026-04-27T11:50:22.033+0000] {subprocess.py:93} INFO - f1_score: 0.5938948377816845
[2026-04-27T11:50:22.033+0000] {subprocess.py:93} INFO - roc_auc: 0.6705793814908753
[2026-04-27T11:50:22.033+0000] {subprocess.py:93} INFO - average_precision: 0.6317628898461791
[2026-04-27T11:50:22.033+0000] {subprocess.py:93} INFO - 
[2026-04-27T11:50:22.033+0000] {subprocess.py:93} INFO - Classification report:
[2026-04-27T11:50:22.033+0000] {subprocess.py:93} INFO -               precision    recall  f1-score   support
[2026-04-27T11:50:22.033+0000] {subprocess.py:93} INFO - 
[2026-04-27T11:50:22.034+0000] {subprocess.py:93} INFO -            0       0.65      0.65      0.65     10952
[2026-04-27T11:50:22.034+0000] {subprocess.py:93} INFO -            1       0.59      0.59      0.59      9402
[2026-04-27T11:50:22.034+0000] {subprocess.py:93} INFO - 
[2026-04-27T11:50:22.034+0000] {subprocess.py:93} INFO -     accuracy                           0.63     20354
[2026-04-27T11:50:22.034+0000] {subprocess.py:93} INFO -    macro avg       0.62      0.62      0.62     20354
[2026-04-27T11:50:22.034+0000] {subprocess.py:93} INFO - weighted avg       0.63      0.63      0.63     20354
[2026-04-27T11:50:22.034+0000] {subprocess.py:93} INFO - 
[2026-04-27T11:50:22.034+0000] {subprocess.py:93} INFO - 
[2026-04-27T11:50:22.034+0000] {subprocess.py:93} INFO - Metrics saved to: artifacts/metrics/logistic_baseline_metrics.json
[2026-04-27T11:50:22.156+0000] {subprocess.py:97} INFO - Command exited with return code 0
[2026-04-27T11:50:22.156+0000] {taskinstance.py:441} INFO - ::group::Post task execution logs
[2026-04-27T11:50:22.177+0000] {taskinstance.py:1206} INFO - Marking task as SUCCESS. dag_id=training_pipeline, task_id=evaluate_model, run_id=scheduled__2026-04-26T00:00:00+00:00, execution_date=20260426T000000, start_date=20260427T115019, end_date=20260427T115022
[2026-04-27T11:50:22.189+0000] {local_task_job_runner.py:240} INFO - Task exited with return code 0
[2026-04-27T11:50:22.202+0000] {taskinstance.py:3498} INFO - 0 downstream tasks scheduled from follow-on schedule check
[2026-04-27T11:50:22.204+0000] {local_task_job_runner.py:222} INFO - ::endgroup::
[2026-04-27T12:01:29.618+0000] {local_task_job_runner.py:120} INFO - ::group::Pre task execution logs
[2026-04-27T12:01:29.643+0000] {taskinstance.py:2076} INFO - Dependencies all met for dep_context=non-requeueable deps ti=<TaskInstance: training_pipeline.evaluate_model scheduled__2026-04-26T00:00:00+00:00 [queued]>
[2026-04-27T12:01:29.649+0000] {taskinstance.py:2076} INFO - Dependencies all met for dep_context=requeueable deps ti=<TaskInstance: training_pipeline.evaluate_model scheduled__2026-04-26T00:00:00+00:00 [queued]>
[2026-04-27T12:01:29.649+0000] {taskinstance.py:2306} INFO - Starting attempt 1 of 1
[2026-04-27T12:01:29.658+0000] {taskinstance.py:2330} INFO - Executing <Task(BashOperator): evaluate_model> on 2026-04-26 00:00:00+00:00
[2026-04-27T12:01:29.664+0000] {standard_task_runner.py:90} INFO - Running: ['***', 'tasks', 'run', 'training_pipeline', 'evaluate_model', 'scheduled__2026-04-26T00:00:00+00:00', '--job-id', '12', '--raw', '--subdir', 'DAGS_FOLDER/training_pipeline_dag.py', '--cfg-path', '/tmp/tmp40c7exqb']
[2026-04-27T12:01:29.665+0000] {logging_mixin.py:188} WARNING - /home/***/.local/lib/python3.12/site-packages/***/task/task_runner/standard_task_runner.py:61 DeprecationWarning: This process (pid=576) is multi-threaded, use of fork() may lead to deadlocks in the child.
[2026-04-27T12:01:29.666+0000] {standard_task_runner.py:91} INFO - Job 12: Subtask evaluate_model
[2026-04-27T12:01:29.666+0000] {standard_task_runner.py:63} INFO - Started process 577 to run task
[2026-04-27T12:01:29.703+0000] {task_command.py:426} INFO - Running <TaskInstance: training_pipeline.evaluate_model scheduled__2026-04-26T00:00:00+00:00 [running]> on host 0d500256bece
[2026-04-27T12:01:29.765+0000] {taskinstance.py:2648} INFO - Exporting env vars: AIRFLOW_CTX_DAG_OWNER='***' AIRFLOW_CTX_DAG_ID='training_pipeline' AIRFLOW_CTX_TASK_ID='evaluate_model' AIRFLOW_CTX_EXECUTION_DATE='2026-04-26T00:00:00+00:00' AIRFLOW_CTX_TRY_NUMBER='1' AIRFLOW_CTX_DAG_RUN_ID='scheduled__2026-04-26T00:00:00+00:00'
[2026-04-27T12:01:29.765+0000] {taskinstance.py:430} INFO - ::endgroup::
[2026-04-27T12:01:29.776+0000] {subprocess.py:63} INFO - Tmp dir root location: /tmp
[2026-04-27T12:01:29.776+0000] {subprocess.py:75} INFO - Running command: ['/usr/bin/bash', '-c', 'cd /opt/***/project && python -m src.training.evaluate']
[2026-04-27T12:01:29.783+0000] {subprocess.py:86} INFO - Output:
[2026-04-27T12:01:31.669+0000] {subprocess.py:93} INFO - /opt/***/project/src/training/preprocess.py:33: DtypeWarning: Columns (10) have mixed types. Specify dtype option on import or set low_memory=False.
[2026-04-27T12:01:31.670+0000] {subprocess.py:93} INFO -   df = pd.read_csv(file_path, na_values=MISSING_VALUES)
[2026-04-27T12:01:32.408+0000] {subprocess.py:93} INFO - Metrics:
[2026-04-27T12:01:32.408+0000] {subprocess.py:93} INFO - accuracy: 0.6254790213225901
[2026-04-27T12:01:32.409+0000] {subprocess.py:93} INFO - precision: 0.5949407620877362
[2026-04-27T12:01:32.409+0000] {subprocess.py:93} INFO - recall: 0.5928525845564774
[2026-04-27T12:01:32.409+0000] {subprocess.py:93} INFO - f1_score: 0.5938948377816845
[2026-04-27T12:01:32.409+0000] {subprocess.py:93} INFO - roc_auc: 0.6705793814908753
[2026-04-27T12:01:32.409+0000] {subprocess.py:93} INFO - average_precision: 0.6317628898461791
[2026-04-27T12:01:32.409+0000] {subprocess.py:93} INFO - 
[2026-04-27T12:01:32.409+0000] {subprocess.py:93} INFO - Classification report:
[2026-04-27T12:01:32.409+0000] {subprocess.py:93} INFO -               precision    recall  f1-score   support
[2026-04-27T12:01:32.409+0000] {subprocess.py:93} INFO - 
[2026-04-27T12:01:32.409+0000] {subprocess.py:93} INFO -            0       0.65      0.65      0.65     10952
[2026-04-27T12:01:32.410+0000] {subprocess.py:93} INFO -            1       0.59      0.59      0.59      9402
[2026-04-27T12:01:32.410+0000] {subprocess.py:93} INFO - 
[2026-04-27T12:01:32.410+0000] {subprocess.py:93} INFO -     accuracy                           0.63     20354
[2026-04-27T12:01:32.410+0000] {subprocess.py:93} INFO -    macro avg       0.62      0.62      0.62     20354
[2026-04-27T12:01:32.410+0000] {subprocess.py:93} INFO - weighted avg       0.63      0.63      0.63     20354
[2026-04-27T12:01:32.410+0000] {subprocess.py:93} INFO - 
[2026-04-27T12:01:32.410+0000] {subprocess.py:93} INFO - 
[2026-04-27T12:01:32.410+0000] {subprocess.py:93} INFO - Metrics saved to: artifacts/metrics/logistic_baseline_metrics.json
[2026-04-27T12:01:32.527+0000] {subprocess.py:97} INFO - Command exited with return code 0
[2026-04-27T12:01:32.527+0000] {taskinstance.py:441} INFO - ::group::Post task execution logs
[2026-04-27T12:01:32.547+0000] {taskinstance.py:1206} INFO - Marking task as SUCCESS. dag_id=training_pipeline, task_id=evaluate_model, run_id=scheduled__2026-04-26T00:00:00+00:00, execution_date=20260426T000000, start_date=20260427T120129, end_date=20260427T120132
[2026-04-27T12:01:32.568+0000] {local_task_job_runner.py:240} INFO - Task exited with return code 0
[2026-04-27T12:01:32.580+0000] {taskinstance.py:3498} INFO - 0 downstream tasks scheduled from follow-on schedule check
[2026-04-27T12:01:32.582+0000] {local_task_job_runner.py:222} INFO - ::endgroup::
