[2026-04-25T19:00:29.959+0000] {local_task_job_runner.py:120} INFO - ::group::Pre task execution logs
[2026-04-25T19:00:29.993+0000] {taskinstance.py:2076} INFO - Dependencies all met for dep_context=non-requeueable deps ti=<TaskInstance: backfill_pipeline.create_topics manual__2026-04-25T19:00:29.728177+00:00 [queued]>
[2026-04-25T19:00:30.002+0000] {taskinstance.py:2076} INFO - Dependencies all met for dep_context=requeueable deps ti=<TaskInstance: backfill_pipeline.create_topics manual__2026-04-25T19:00:29.728177+00:00 [queued]>
[2026-04-25T19:00:30.002+0000] {taskinstance.py:2306} INFO - Starting attempt 1 of 1
[2026-04-25T19:00:30.014+0000] {taskinstance.py:2330} INFO - Executing <Task(BashOperator): create_topics> on 2026-04-25 19:00:29.728177+00:00
[2026-04-25T19:00:30.020+0000] {standard_task_runner.py:90} INFO - Running: ['***', 'tasks', 'run', 'backfill_pipeline', 'create_topics', 'manual__2026-04-25T19:00:29.728177+00:00', '--job-id', '2', '--raw', '--subdir', 'DAGS_FOLDER/backfill_pipeline_dag.py', '--cfg-path', '/tmp/tmpldzezyn2']
[2026-04-25T19:00:30.022+0000] {logging_mixin.py:188} WARNING - /home/***/.local/lib/python3.12/site-packages/***/task/task_runner/standard_task_runner.py:61 DeprecationWarning: This process (pid=209) is multi-threaded, use of fork() may lead to deadlocks in the child.
[2026-04-25T19:00:30.022+0000] {standard_task_runner.py:91} INFO - Job 2: Subtask create_topics
[2026-04-25T19:00:30.022+0000] {standard_task_runner.py:63} INFO - Started process 210 to run task
[2026-04-25T19:00:30.066+0000] {task_command.py:426} INFO - Running <TaskInstance: backfill_pipeline.create_topics manual__2026-04-25T19:00:29.728177+00:00 [running]> on host 731343c33fcb
[2026-04-25T19:00:30.157+0000] {taskinstance.py:2648} INFO - Exporting env vars: AIRFLOW_CTX_DAG_OWNER='***' AIRFLOW_CTX_DAG_ID='backfill_pipeline' AIRFLOW_CTX_TASK_ID='create_topics' AIRFLOW_CTX_EXECUTION_DATE='2026-04-25T19:00:29.728177+00:00' AIRFLOW_CTX_TRY_NUMBER='1' AIRFLOW_CTX_DAG_RUN_ID='manual__2026-04-25T19:00:29.728177+00:00'
[2026-04-25T19:00:30.158+0000] {taskinstance.py:430} INFO - ::endgroup::
[2026-04-25T19:00:30.189+0000] {subprocess.py:63} INFO - Tmp dir root location: /tmp
[2026-04-25T19:00:30.189+0000] {subprocess.py:75} INFO - Running command: ['/usr/bin/bash', '-c', 'cd /opt/***/project && python -m src.ingestion.create_topics']
[2026-04-25T19:00:30.197+0000] {subprocess.py:86} INFO - Output:
[2026-04-25T19:00:30.974+0000] {subprocess.py:93} INFO - 2026-04-25 19:00:30 | INFO | ingestion.create_topics | Created topics: ['hospital-events', 'hospital-predictions']
[2026-04-25T19:00:30.974+0000] {subprocess.py:93} INFO - Created topics: ['hospital-events', 'hospital-predictions']
[2026-04-25T19:00:31.011+0000] {subprocess.py:97} INFO - Command exited with return code 0
[2026-04-25T19:00:31.012+0000] {taskinstance.py:441} INFO - ::group::Post task execution logs
[2026-04-25T19:00:31.032+0000] {taskinstance.py:1206} INFO - Marking task as SUCCESS. dag_id=backfill_pipeline, task_id=create_topics, run_id=manual__2026-04-25T19:00:29.728177+00:00, execution_date=20260425T190029, start_date=20260425T190029, end_date=20260425T190031
[2026-04-25T19:00:31.079+0000] {local_task_job_runner.py:240} INFO - Task exited with return code 0
[2026-04-25T19:00:31.093+0000] {taskinstance.py:3498} INFO - 1 downstream tasks scheduled from follow-on schedule check
[2026-04-25T19:00:31.095+0000] {local_task_job_runner.py:222} INFO - ::endgroup::
