[2026-04-27T11:50:14.188+0000] {local_task_job_runner.py:120} INFO - ::group::Pre task execution logs
[2026-04-27T11:50:14.215+0000] {taskinstance.py:2076} INFO - Dependencies all met for dep_context=non-requeueable deps ti=<TaskInstance: training_pipeline.backfill_offline_features manual__2026-04-27T11:50:13.975772+00:00 [queued]>
[2026-04-27T11:50:14.221+0000] {taskinstance.py:2076} INFO - Dependencies all met for dep_context=requeueable deps ti=<TaskInstance: training_pipeline.backfill_offline_features manual__2026-04-27T11:50:13.975772+00:00 [queued]>
[2026-04-27T11:50:14.221+0000] {taskinstance.py:2306} INFO - Starting attempt 1 of 1
[2026-04-27T11:50:14.232+0000] {taskinstance.py:2330} INFO - Executing <Task(BashOperator): backfill_offline_features> on 2026-04-27 11:50:13.975772+00:00
[2026-04-27T11:50:14.238+0000] {standard_task_runner.py:90} INFO - Running: ['***', 'tasks', 'run', 'training_pipeline', 'backfill_offline_features', 'manual__2026-04-27T11:50:13.975772+00:00', '--job-id', '4', '--raw', '--subdir', 'DAGS_FOLDER/training_pipeline_dag.py', '--cfg-path', '/tmp/tmpa9sb2fi1']
[2026-04-27T11:50:14.240+0000] {logging_mixin.py:188} WARNING - /home/***/.local/lib/python3.12/site-packages/***/task/task_runner/standard_task_runner.py:61 DeprecationWarning: This process (pid=215) is multi-threaded, use of fork() may lead to deadlocks in the child.
[2026-04-27T11:50:14.241+0000] {standard_task_runner.py:91} INFO - Job 4: Subtask backfill_offline_features
[2026-04-27T11:50:14.241+0000] {standard_task_runner.py:63} INFO - Started process 217 to run task
[2026-04-27T11:50:14.286+0000] {task_command.py:426} INFO - Running <TaskInstance: training_pipeline.backfill_offline_features manual__2026-04-27T11:50:13.975772+00:00 [running]> on host 80036929c971
[2026-04-27T11:50:14.363+0000] {taskinstance.py:2648} INFO - Exporting env vars: AIRFLOW_CTX_DAG_OWNER='***' AIRFLOW_CTX_DAG_ID='training_pipeline' AIRFLOW_CTX_TASK_ID='backfill_offline_features' AIRFLOW_CTX_EXECUTION_DATE='2026-04-27T11:50:13.975772+00:00' AIRFLOW_CTX_TRY_NUMBER='1' AIRFLOW_CTX_DAG_RUN_ID='manual__2026-04-27T11:50:13.975772+00:00'
[2026-04-27T11:50:14.363+0000] {taskinstance.py:430} INFO - ::endgroup::
[2026-04-27T11:50:14.374+0000] {subprocess.py:63} INFO - Tmp dir root location: /tmp
[2026-04-27T11:50:14.375+0000] {subprocess.py:75} INFO - Running command: ['/usr/bin/bash', '-c', 'cd /opt/***/project && python -m src.features.offline.build_offline_features']
[2026-04-27T11:50:14.382+0000] {subprocess.py:86} INFO - Output:
[2026-04-27T11:50:14.969+0000] {subprocess.py:93} INFO - 2026-04-27 11:50:14 | INFO | offline_features | Loading raw data...
[2026-04-27T11:50:15.332+0000] {subprocess.py:93} INFO - 2026-04-27 11:50:15 | INFO | offline_features | Building offline features...
[2026-04-27T11:50:16.345+0000] {subprocess.py:93} INFO - 2026-04-27 11:50:16 | INFO | offline_features | Saved offline features to data/gold/offline_features.csv
[2026-04-27T11:50:16.346+0000] {subprocess.py:93} INFO - 2026-04-27 11:50:16 | INFO | offline_features | Output shape: (101766, 56)
[2026-04-27T11:50:16.410+0000] {subprocess.py:97} INFO - Command exited with return code 0
[2026-04-27T11:50:16.411+0000] {taskinstance.py:441} INFO - ::group::Post task execution logs
[2026-04-27T11:50:16.434+0000] {taskinstance.py:1206} INFO - Marking task as SUCCESS. dag_id=training_pipeline, task_id=backfill_offline_features, run_id=manual__2026-04-27T11:50:13.975772+00:00, execution_date=20260427T115013, start_date=20260427T115014, end_date=20260427T115016
[2026-04-27T11:50:16.486+0000] {local_task_job_runner.py:240} INFO - Task exited with return code 0
[2026-04-27T11:50:16.507+0000] {taskinstance.py:3498} INFO - 1 downstream tasks scheduled from follow-on schedule check
[2026-04-27T11:50:16.510+0000] {local_task_job_runner.py:222} INFO - ::endgroup::
