[2026-04-27T12:01:32.534+0000] {local_task_job_runner.py:120} INFO - ::group::Pre task execution logs
[2026-04-27T12:01:32.557+0000] {taskinstance.py:2076} INFO - Dependencies all met for dep_context=non-requeueable deps ti=<TaskInstance: training_pipeline.evaluate_model manual__2026-04-27T12:01:24.478377+00:00 [queued]>
[2026-04-27T12:01:32.563+0000] {taskinstance.py:2076} INFO - Dependencies all met for dep_context=requeueable deps ti=<TaskInstance: training_pipeline.evaluate_model manual__2026-04-27T12:01:24.478377+00:00 [queued]>
[2026-04-27T12:01:32.563+0000] {taskinstance.py:2306} INFO - Starting attempt 1 of 1
[2026-04-27T12:01:32.571+0000] {taskinstance.py:2330} INFO - Executing <Task(BashOperator): evaluate_model> on 2026-04-27 12:01:24.478377+00:00
[2026-04-27T12:01:32.578+0000] {logging_mixin.py:188} WARNING - /home/***/.local/lib/python3.12/site-packages/***/task/task_runner/standard_task_runner.py:61 DeprecationWarning: This process (pid=619) is multi-threaded, use of fork() may lead to deadlocks in the child.
[2026-04-27T12:01:32.576+0000] {standard_task_runner.py:90} INFO - Running: ['***', 'tasks', 'run', 'training_pipeline', 'evaluate_model', 'manual__2026-04-27T12:01:24.478377+00:00', '--job-id', '13', '--raw', '--subdir', 'DAGS_FOLDER/training_pipeline_dag.py', '--cfg-path', '/tmp/tmprzal53t0']
[2026-04-27T12:01:32.578+0000] {standard_task_runner.py:91} INFO - Job 13: Subtask evaluate_model
[2026-04-27T12:01:32.578+0000] {standard_task_runner.py:63} INFO - Started process 620 to run task
[2026-04-27T12:01:32.612+0000] {task_command.py:426} INFO - Running <TaskInstance: training_pipeline.evaluate_model manual__2026-04-27T12:01:24.478377+00:00 [running]> on host 0d500256bece
[2026-04-27T12:01:32.672+0000] {taskinstance.py:2648} INFO - Exporting env vars: AIRFLOW_CTX_DAG_OWNER='***' AIRFLOW_CTX_DAG_ID='training_pipeline' AIRFLOW_CTX_TASK_ID='evaluate_model' AIRFLOW_CTX_EXECUTION_DATE='2026-04-27T12:01:24.478377+00:00' AIRFLOW_CTX_TRY_NUMBER='1' AIRFLOW_CTX_DAG_RUN_ID='manual__2026-04-27T12:01:24.478377+00:00'
[2026-04-27T12:01:32.672+0000] {taskinstance.py:430} INFO - ::endgroup::
[2026-04-27T12:01:32.682+0000] {subprocess.py:63} INFO - Tmp dir root location: /tmp
[2026-04-27T12:01:32.682+0000] {subprocess.py:75} INFO - Running command: ['/usr/bin/bash', '-c', 'cd /opt/***/project && python -m src.training.evaluate']
[2026-04-27T12:01:32.689+0000] {subprocess.py:86} INFO - Output:
[2026-04-27T12:01:34.033+0000] {subprocess.py:93} INFO - /opt/***/project/src/training/preprocess.py:33: DtypeWarning: Columns (10) have mixed types. Specify dtype option on import or set low_memory=False.
[2026-04-27T12:01:34.034+0000] {subprocess.py:93} INFO -   df = pd.read_csv(file_path, na_values=MISSING_VALUES)
[2026-04-27T12:01:34.660+0000] {subprocess.py:93} INFO - Metrics:
[2026-04-27T12:01:34.660+0000] {subprocess.py:93} INFO - accuracy: 0.6254790213225901
[2026-04-27T12:01:34.660+0000] {subprocess.py:93} INFO - precision: 0.5949407620877362
[2026-04-27T12:01:34.660+0000] {subprocess.py:93} INFO - recall: 0.5928525845564774
[2026-04-27T12:01:34.660+0000] {subprocess.py:93} INFO - f1_score: 0.5938948377816845
[2026-04-27T12:01:34.661+0000] {subprocess.py:93} INFO - roc_auc: 0.6705793814908753
[2026-04-27T12:01:34.661+0000] {subprocess.py:93} INFO - average_precision: 0.6317628898461791
[2026-04-27T12:01:34.661+0000] {subprocess.py:93} INFO - 
[2026-04-27T12:01:34.661+0000] {subprocess.py:93} INFO - Classification report:
[2026-04-27T12:01:34.661+0000] {subprocess.py:93} INFO -               precision    recall  f1-score   support
[2026-04-27T12:01:34.661+0000] {subprocess.py:93} INFO - 
[2026-04-27T12:01:34.661+0000] {subprocess.py:93} INFO -            0       0.65      0.65      0.65     10952
[2026-04-27T12:01:34.661+0000] {subprocess.py:93} INFO -            1       0.59      0.59      0.59      9402
[2026-04-27T12:01:34.661+0000] {subprocess.py:93} INFO - 
[2026-04-27T12:01:34.661+0000] {subprocess.py:93} INFO -     accuracy                           0.63     20354
[2026-04-27T12:01:34.661+0000] {subprocess.py:93} INFO -    macro avg       0.62      0.62      0.62     20354
[2026-04-27T12:01:34.662+0000] {subprocess.py:93} INFO - weighted avg       0.63      0.63      0.63     20354
[2026-04-27T12:01:34.662+0000] {subprocess.py:93} INFO - 
[2026-04-27T12:01:34.662+0000] {subprocess.py:93} INFO - 
[2026-04-27T12:01:34.662+0000] {subprocess.py:93} INFO - Metrics saved to: artifacts/metrics/logistic_baseline_metrics.json
[2026-04-27T12:01:34.758+0000] {subprocess.py:97} INFO - Command exited with return code 0
[2026-04-27T12:01:34.758+0000] {taskinstance.py:441} INFO - ::group::Post task execution logs
[2026-04-27T12:01:34.780+0000] {taskinstance.py:1206} INFO - Marking task as SUCCESS. dag_id=training_pipeline, task_id=evaluate_model, run_id=manual__2026-04-27T12:01:24.478377+00:00, execution_date=20260427T120124, start_date=20260427T120132, end_date=20260427T120134
[2026-04-27T12:01:34.818+0000] {local_task_job_runner.py:240} INFO - Task exited with return code 0
[2026-04-27T12:01:34.830+0000] {taskinstance.py:3498} INFO - 0 downstream tasks scheduled from follow-on schedule check
[2026-04-27T12:01:34.832+0000] {local_task_job_runner.py:222} INFO - ::endgroup::
