[2026-04-27T11:41:27.257+0000] {local_task_job_runner.py:120} INFO - ::group::Pre task execution logs
[2026-04-27T11:41:27.282+0000] {taskinstance.py:2076} INFO - Dependencies all met for dep_context=non-requeueable deps ti=<TaskInstance: training_pipeline.train_model scheduled__2026-04-26T00:00:00+00:00 [queued]>
[2026-04-27T11:41:27.288+0000] {taskinstance.py:2076} INFO - Dependencies all met for dep_context=requeueable deps ti=<TaskInstance: training_pipeline.train_model scheduled__2026-04-26T00:00:00+00:00 [queued]>
[2026-04-27T11:41:27.288+0000] {taskinstance.py:2306} INFO - Starting attempt 1 of 1
[2026-04-27T11:41:27.297+0000] {taskinstance.py:2330} INFO - Executing <Task(BashOperator): train_model> on 2026-04-26 00:00:00+00:00
[2026-04-27T11:41:27.303+0000] {standard_task_runner.py:90} INFO - Running: ['***', 'tasks', 'run', 'training_pipeline', 'train_model', 'scheduled__2026-04-26T00:00:00+00:00', '--job-id', '12', '--raw', '--subdir', 'DAGS_FOLDER/training_pipeline_dag.py', '--cfg-path', '/tmp/tmp4be26kkf']
[2026-04-27T11:41:27.305+0000] {standard_task_runner.py:91} INFO - Job 12: Subtask train_model
[2026-04-27T11:41:27.304+0000] {logging_mixin.py:188} WARNING - /home/***/.local/lib/python3.12/site-packages/***/task/task_runner/standard_task_runner.py:61 DeprecationWarning: This process (pid=561) is multi-threaded, use of fork() may lead to deadlocks in the child.
[2026-04-27T11:41:27.305+0000] {standard_task_runner.py:63} INFO - Started process 562 to run task
[2026-04-27T11:41:27.342+0000] {task_command.py:426} INFO - Running <TaskInstance: training_pipeline.train_model scheduled__2026-04-26T00:00:00+00:00 [running]> on host 4ee61ed472da
[2026-04-27T11:41:27.410+0000] {taskinstance.py:2648} INFO - Exporting env vars: AIRFLOW_CTX_DAG_OWNER='***' AIRFLOW_CTX_DAG_ID='training_pipeline' AIRFLOW_CTX_TASK_ID='train_model' AIRFLOW_CTX_EXECUTION_DATE='2026-04-26T00:00:00+00:00' AIRFLOW_CTX_TRY_NUMBER='1' AIRFLOW_CTX_DAG_RUN_ID='scheduled__2026-04-26T00:00:00+00:00'
[2026-04-27T11:41:27.410+0000] {taskinstance.py:430} INFO - ::endgroup::
[2026-04-27T11:41:27.421+0000] {subprocess.py:63} INFO - Tmp dir root location: /tmp
[2026-04-27T11:41:27.421+0000] {subprocess.py:75} INFO - Running command: ['/usr/bin/bash', '-c', 'cd /opt/***/project && python -m src.training.train']
[2026-04-27T11:41:27.428+0000] {subprocess.py:86} INFO - Output:
[2026-04-27T11:41:29.132+0000] {subprocess.py:93} INFO - /opt/***/project/src/training/preprocess.py:33: DtypeWarning: Columns (10) have mixed types. Specify dtype option on import or set low_memory=False.
[2026-04-27T11:41:29.133+0000] {subprocess.py:93} INFO -   df = pd.read_csv(file_path, na_values=MISSING_VALUES)
[2026-04-27T11:41:31.665+0000] {subprocess.py:93} INFO - Traceback (most recent call last):
[2026-04-27T11:41:31.665+0000] {subprocess.py:93} INFO -   File "<frozen runpy>", line 198, in _run_module_as_main
[2026-04-27T11:41:31.666+0000] {subprocess.py:93} INFO -   File "<frozen runpy>", line 88, in _run_code
[2026-04-27T11:41:31.667+0000] {subprocess.py:93} INFO -   File "/opt/***/project/src/training/train.py", line 76, in <module>
[2026-04-27T11:41:31.669+0000] {subprocess.py:93} INFO -     model_pipeline, X_test, y_test = train_model()
[2026-04-27T11:41:31.677+0000] {subprocess.py:93} INFO -                                      ^^^^^^^^^^^^^
[2026-04-27T11:41:31.677+0000] {subprocess.py:93} INFO -   File "/opt/***/project/src/training/train.py", line 68, in train_model
[2026-04-27T11:41:31.678+0000] {subprocess.py:93} INFO -     joblib.dump(pipeline, MODEL_OUTPUT_PATH)
[2026-04-27T11:41:31.678+0000] {subprocess.py:93} INFO -   File "/home/***/.local/lib/python3.12/site-packages/joblib/numpy_pickle.py", line 599, in dump
[2026-04-27T11:41:31.678+0000] {subprocess.py:93} INFO -     with open(filename, "wb") as f:
[2026-04-27T11:41:31.679+0000] {subprocess.py:93} INFO -          ^^^^^^^^^^^^^^^^^^^^
[2026-04-27T11:41:31.679+0000] {subprocess.py:93} INFO - PermissionError: [Errno 13] Permission denied: 'artifacts/models/logistic_baseline.joblib'
[2026-04-27T11:41:31.873+0000] {subprocess.py:97} INFO - Command exited with return code 1
[2026-04-27T11:41:31.875+0000] {taskinstance.py:441} INFO - ::group::Post task execution logs
[2026-04-27T11:41:31.890+0000] {taskinstance.py:2905} ERROR - Task failed with exception
Traceback (most recent call last):
  File "/home/airflow/.local/lib/python3.12/site-packages/airflow/models/taskinstance.py", line 465, in _execute_task
    result = _execute_callable(context=context, **execute_callable_kwargs)
             ^^^^^^^^^^^^^^^^^^^^^^^^^^^^^^^^^^^^^^^^^^^^^^^^^^^^^^^^^^^^^
  File "/home/airflow/.local/lib/python3.12/site-packages/airflow/models/taskinstance.py", line 432, in _execute_callable
    return execute_callable(context=context, **execute_callable_kwargs)
           ^^^^^^^^^^^^^^^^^^^^^^^^^^^^^^^^^^^^^^^^^^^^^^^^^^^^^^^^^^^^
  File "/home/airflow/.local/lib/python3.12/site-packages/airflow/models/baseoperator.py", line 400, in wrapper
    return func(self, *args, **kwargs)
           ^^^^^^^^^^^^^^^^^^^^^^^^^^^
  File "/home/airflow/.local/lib/python3.12/site-packages/airflow/operators/bash.py", line 243, in execute
    raise AirflowException(
airflow.exceptions.AirflowException: Bash command failed. The command returned a non-zero exit code 1.
[2026-04-27T11:41:31.895+0000] {taskinstance.py:1206} INFO - Marking task as FAILED. dag_id=training_pipeline, task_id=train_model, run_id=scheduled__2026-04-26T00:00:00+00:00, execution_date=20260426T000000, start_date=20260427T114127, end_date=20260427T114131
[2026-04-27T11:41:31.914+0000] {standard_task_runner.py:110} ERROR - Failed to execute job 12 for task train_model (Bash command failed. The command returned a non-zero exit code 1.; 562)
[2026-04-27T11:41:31.935+0000] {local_task_job_runner.py:240} INFO - Task exited with return code 1
[2026-04-27T11:41:31.968+0000] {taskinstance.py:3498} INFO - 0 downstream tasks scheduled from follow-on schedule check
[2026-04-27T11:41:31.973+0000] {local_task_job_runner.py:222} INFO - ::endgroup::
[2026-04-27T11:44:57.623+0000] {local_task_job_runner.py:120} INFO - ::group::Pre task execution logs
[2026-04-27T11:44:57.649+0000] {taskinstance.py:2076} INFO - Dependencies all met for dep_context=non-requeueable deps ti=<TaskInstance: training_pipeline.train_model scheduled__2026-04-26T00:00:00+00:00 [queued]>
[2026-04-27T11:44:57.655+0000] {taskinstance.py:2076} INFO - Dependencies all met for dep_context=requeueable deps ti=<TaskInstance: training_pipeline.train_model scheduled__2026-04-26T00:00:00+00:00 [queued]>
[2026-04-27T11:44:57.655+0000] {taskinstance.py:2306} INFO - Starting attempt 1 of 1
[2026-04-27T11:44:57.667+0000] {taskinstance.py:2330} INFO - Executing <Task(BashOperator): train_model> on 2026-04-26 00:00:00+00:00
[2026-04-27T11:44:57.672+0000] {standard_task_runner.py:90} INFO - Running: ['***', 'tasks', 'run', 'training_pipeline', 'train_model', 'scheduled__2026-04-26T00:00:00+00:00', '--job-id', '5', '--raw', '--subdir', 'DAGS_FOLDER/training_pipeline_dag.py', '--cfg-path', '/tmp/tmpgwe66tmp']
[2026-04-27T11:44:57.674+0000] {standard_task_runner.py:91} INFO - Job 5: Subtask train_model
[2026-04-27T11:44:57.674+0000] {logging_mixin.py:188} WARNING - /home/***/.local/lib/python3.12/site-packages/***/task/task_runner/standard_task_runner.py:61 DeprecationWarning: This process (pid=253) is multi-threaded, use of fork() may lead to deadlocks in the child.
[2026-04-27T11:44:57.674+0000] {standard_task_runner.py:63} INFO - Started process 255 to run task
[2026-04-27T11:44:57.713+0000] {task_command.py:426} INFO - Running <TaskInstance: training_pipeline.train_model scheduled__2026-04-26T00:00:00+00:00 [running]> on host 2bfd134a2313
[2026-04-27T11:44:57.779+0000] {taskinstance.py:2648} INFO - Exporting env vars: AIRFLOW_CTX_DAG_OWNER='***' AIRFLOW_CTX_DAG_ID='training_pipeline' AIRFLOW_CTX_TASK_ID='train_model' AIRFLOW_CTX_EXECUTION_DATE='2026-04-26T00:00:00+00:00' AIRFLOW_CTX_TRY_NUMBER='1' AIRFLOW_CTX_DAG_RUN_ID='scheduled__2026-04-26T00:00:00+00:00'
[2026-04-27T11:44:57.780+0000] {taskinstance.py:430} INFO - ::endgroup::
[2026-04-27T11:44:57.791+0000] {subprocess.py:63} INFO - Tmp dir root location: /tmp
[2026-04-27T11:44:57.791+0000] {subprocess.py:75} INFO - Running command: ['/usr/bin/bash', '-c', 'cd /opt/***/project && python -m src.training.train']
[2026-04-27T11:44:57.799+0000] {subprocess.py:86} INFO - Output:
[2026-04-27T11:44:59.403+0000] {subprocess.py:93} INFO - /opt/***/project/src/training/preprocess.py:33: DtypeWarning: Columns (10) have mixed types. Specify dtype option on import or set low_memory=False.
[2026-04-27T11:44:59.404+0000] {subprocess.py:93} INFO -   df = pd.read_csv(file_path, na_values=MISSING_VALUES)
[2026-04-27T11:45:02.155+0000] {subprocess.py:93} INFO - Model trained and saved to artifacts/models/logistic_baseline.joblib
[2026-04-27T11:45:02.156+0000] {subprocess.py:93} INFO - Training complete.
[2026-04-27T11:45:02.284+0000] {subprocess.py:97} INFO - Command exited with return code 0
[2026-04-27T11:45:02.284+0000] {taskinstance.py:441} INFO - ::group::Post task execution logs
[2026-04-27T11:45:02.304+0000] {taskinstance.py:1206} INFO - Marking task as SUCCESS. dag_id=training_pipeline, task_id=train_model, run_id=scheduled__2026-04-26T00:00:00+00:00, execution_date=20260426T000000, start_date=20260427T114457, end_date=20260427T114502
[2026-04-27T11:45:02.347+0000] {local_task_job_runner.py:240} INFO - Task exited with return code 0
[2026-04-27T11:45:02.362+0000] {taskinstance.py:3498} INFO - 1 downstream tasks scheduled from follow-on schedule check
[2026-04-27T11:45:02.364+0000] {local_task_job_runner.py:222} INFO - ::endgroup::
[2026-04-27T11:50:14.116+0000] {local_task_job_runner.py:120} INFO - ::group::Pre task execution logs
[2026-04-27T11:50:14.149+0000] {taskinstance.py:2076} INFO - Dependencies all met for dep_context=non-requeueable deps ti=<TaskInstance: training_pipeline.train_model scheduled__2026-04-26T00:00:00+00:00 [queued]>
[2026-04-27T11:50:14.157+0000] {taskinstance.py:2076} INFO - Dependencies all met for dep_context=requeueable deps ti=<TaskInstance: training_pipeline.train_model scheduled__2026-04-26T00:00:00+00:00 [queued]>
[2026-04-27T11:50:14.157+0000] {taskinstance.py:2306} INFO - Starting attempt 1 of 1
[2026-04-27T11:50:14.170+0000] {taskinstance.py:2330} INFO - Executing <Task(BashOperator): train_model> on 2026-04-26 00:00:00+00:00
[2026-04-27T11:50:14.180+0000] {logging_mixin.py:188} WARNING - /home/***/.local/lib/python3.12/site-packages/***/task/task_runner/standard_task_runner.py:61 DeprecationWarning: This process (pid=214) is multi-threaded, use of fork() may lead to deadlocks in the child.
[2026-04-27T11:50:14.177+0000] {standard_task_runner.py:90} INFO - Running: ['***', 'tasks', 'run', 'training_pipeline', 'train_model', 'scheduled__2026-04-26T00:00:00+00:00', '--job-id', '3', '--raw', '--subdir', 'DAGS_FOLDER/training_pipeline_dag.py', '--cfg-path', '/tmp/tmpzip9q37d']
[2026-04-27T11:50:14.180+0000] {standard_task_runner.py:63} INFO - Started process 216 to run task
[2026-04-27T11:50:14.180+0000] {standard_task_runner.py:91} INFO - Job 3: Subtask train_model
[2026-04-27T11:50:14.225+0000] {task_command.py:426} INFO - Running <TaskInstance: training_pipeline.train_model scheduled__2026-04-26T00:00:00+00:00 [running]> on host 80036929c971
[2026-04-27T11:50:14.299+0000] {taskinstance.py:2648} INFO - Exporting env vars: AIRFLOW_CTX_DAG_OWNER='***' AIRFLOW_CTX_DAG_ID='training_pipeline' AIRFLOW_CTX_TASK_ID='train_model' AIRFLOW_CTX_EXECUTION_DATE='2026-04-26T00:00:00+00:00' AIRFLOW_CTX_TRY_NUMBER='1' AIRFLOW_CTX_DAG_RUN_ID='scheduled__2026-04-26T00:00:00+00:00'
[2026-04-27T11:50:14.300+0000] {taskinstance.py:430} INFO - ::endgroup::
[2026-04-27T11:50:14.311+0000] {subprocess.py:63} INFO - Tmp dir root location: /tmp
[2026-04-27T11:50:14.312+0000] {subprocess.py:75} INFO - Running command: ['/usr/bin/bash', '-c', 'cd /opt/***/project && python -m src.training.train']
[2026-04-27T11:50:14.320+0000] {subprocess.py:86} INFO - Output:
[2026-04-27T11:50:15.900+0000] {subprocess.py:93} INFO - /opt/***/project/src/training/preprocess.py:33: DtypeWarning: Columns (10) have mixed types. Specify dtype option on import or set low_memory=False.
[2026-04-27T11:50:15.901+0000] {subprocess.py:93} INFO -   df = pd.read_csv(file_path, na_values=MISSING_VALUES)
[2026-04-27T11:50:18.265+0000] {subprocess.py:93} INFO - Model trained and saved to artifacts/models/logistic_baseline.joblib
[2026-04-27T11:50:18.265+0000] {subprocess.py:93} INFO - Training complete.
[2026-04-27T11:50:18.390+0000] {subprocess.py:97} INFO - Command exited with return code 0
[2026-04-27T11:50:18.391+0000] {taskinstance.py:441} INFO - ::group::Post task execution logs
[2026-04-27T11:50:18.413+0000] {taskinstance.py:1206} INFO - Marking task as SUCCESS. dag_id=training_pipeline, task_id=train_model, run_id=scheduled__2026-04-26T00:00:00+00:00, execution_date=20260426T000000, start_date=20260427T115014, end_date=20260427T115018
[2026-04-27T11:50:18.463+0000] {local_task_job_runner.py:240} INFO - Task exited with return code 0
[2026-04-27T11:50:18.479+0000] {taskinstance.py:3498} INFO - 1 downstream tasks scheduled from follow-on schedule check
[2026-04-27T11:50:18.482+0000] {local_task_job_runner.py:222} INFO - ::endgroup::
[2026-04-27T12:01:25.169+0000] {local_task_job_runner.py:120} INFO - ::group::Pre task execution logs
[2026-04-27T12:01:25.192+0000] {taskinstance.py:2076} INFO - Dependencies all met for dep_context=non-requeueable deps ti=<TaskInstance: training_pipeline.train_model scheduled__2026-04-26T00:00:00+00:00 [queued]>
[2026-04-27T12:01:25.197+0000] {taskinstance.py:2076} INFO - Dependencies all met for dep_context=requeueable deps ti=<TaskInstance: training_pipeline.train_model scheduled__2026-04-26T00:00:00+00:00 [queued]>
[2026-04-27T12:01:25.197+0000] {taskinstance.py:2306} INFO - Starting attempt 1 of 1
[2026-04-27T12:01:25.206+0000] {taskinstance.py:2330} INFO - Executing <Task(BashOperator): train_model> on 2026-04-26 00:00:00+00:00
[2026-04-27T12:01:25.212+0000] {standard_task_runner.py:90} INFO - Running: ['***', 'tasks', 'run', 'training_pipeline', 'train_model', 'scheduled__2026-04-26T00:00:00+00:00', '--job-id', '9', '--raw', '--subdir', 'DAGS_FOLDER/training_pipeline_dag.py', '--cfg-path', '/tmp/tmp5v43x7p4']
[2026-04-27T12:01:25.214+0000] {standard_task_runner.py:91} INFO - Job 9: Subtask train_model
[2026-04-27T12:01:25.213+0000] {logging_mixin.py:188} WARNING - /home/***/.local/lib/python3.12/site-packages/***/task/task_runner/standard_task_runner.py:61 DeprecationWarning: This process (pid=467) is multi-threaded, use of fork() may lead to deadlocks in the child.
[2026-04-27T12:01:25.214+0000] {standard_task_runner.py:63} INFO - Started process 469 to run task
[2026-04-27T12:01:25.250+0000] {task_command.py:426} INFO - Running <TaskInstance: training_pipeline.train_model scheduled__2026-04-26T00:00:00+00:00 [running]> on host 0d500256bece
[2026-04-27T12:01:25.311+0000] {taskinstance.py:2648} INFO - Exporting env vars: AIRFLOW_CTX_DAG_OWNER='***' AIRFLOW_CTX_DAG_ID='training_pipeline' AIRFLOW_CTX_TASK_ID='train_model' AIRFLOW_CTX_EXECUTION_DATE='2026-04-26T00:00:00+00:00' AIRFLOW_CTX_TRY_NUMBER='1' AIRFLOW_CTX_DAG_RUN_ID='scheduled__2026-04-26T00:00:00+00:00'
[2026-04-27T12:01:25.312+0000] {taskinstance.py:430} INFO - ::endgroup::
[2026-04-27T12:01:25.321+0000] {subprocess.py:63} INFO - Tmp dir root location: /tmp
[2026-04-27T12:01:25.322+0000] {subprocess.py:75} INFO - Running command: ['/usr/bin/bash', '-c', 'cd /opt/***/project && python -m src.training.train']
[2026-04-27T12:01:25.328+0000] {subprocess.py:86} INFO - Output:
[2026-04-27T12:01:26.848+0000] {subprocess.py:93} INFO - /opt/***/project/src/training/preprocess.py:33: DtypeWarning: Columns (10) have mixed types. Specify dtype option on import or set low_memory=False.
[2026-04-27T12:01:26.849+0000] {subprocess.py:93} INFO -   df = pd.read_csv(file_path, na_values=MISSING_VALUES)
[2026-04-27T12:01:29.098+0000] {subprocess.py:93} INFO - Model trained and saved to artifacts/models/logistic_baseline.joblib
[2026-04-27T12:01:29.098+0000] {subprocess.py:93} INFO - Training complete.
[2026-04-27T12:01:29.198+0000] {subprocess.py:97} INFO - Command exited with return code 0
[2026-04-27T12:01:29.199+0000] {taskinstance.py:441} INFO - ::group::Post task execution logs
[2026-04-27T12:01:29.217+0000] {taskinstance.py:1206} INFO - Marking task as SUCCESS. dag_id=training_pipeline, task_id=train_model, run_id=scheduled__2026-04-26T00:00:00+00:00, execution_date=20260426T000000, start_date=20260427T120125, end_date=20260427T120129
[2026-04-27T12:01:29.247+0000] {local_task_job_runner.py:240} INFO - Task exited with return code 0
[2026-04-27T12:01:29.260+0000] {taskinstance.py:3498} INFO - 1 downstream tasks scheduled from follow-on schedule check
[2026-04-27T12:01:29.262+0000] {local_task_job_runner.py:222} INFO - ::endgroup::
