[2026-04-25T17:04:22.220+0000] {local_task_job_runner.py:120} INFO - ::group::Pre task execution logs
[2026-04-25T17:04:22.249+0000] {taskinstance.py:2076} INFO - Dependencies all met for dep_context=non-requeueable deps ti=<TaskInstance: backfill_pipeline.create_topics manual__2026-04-25T17:04:21.677591+00:00 [queued]>
[2026-04-25T17:04:22.257+0000] {taskinstance.py:2076} INFO - Dependencies all met for dep_context=requeueable deps ti=<TaskInstance: backfill_pipeline.create_topics manual__2026-04-25T17:04:21.677591+00:00 [queued]>
[2026-04-25T17:04:22.258+0000] {taskinstance.py:2306} INFO - Starting attempt 1 of 1
[2026-04-25T17:04:22.271+0000] {taskinstance.py:2330} INFO - Executing <Task(BashOperator): create_topics> on 2026-04-25 17:04:21.677591+00:00
[2026-04-25T17:04:22.279+0000] {standard_task_runner.py:90} INFO - Running: ['***', 'tasks', 'run', 'backfill_pipeline', 'create_topics', 'manual__2026-04-25T17:04:21.677591+00:00', '--job-id', '2', '--raw', '--subdir', 'DAGS_FOLDER/backfill_pipeline_dag.py', '--cfg-path', '/tmp/tmp96c4xlmm']
[2026-04-25T17:04:22.282+0000] {standard_task_runner.py:91} INFO - Job 2: Subtask create_topics
[2026-04-25T17:04:22.282+0000] {logging_mixin.py:188} WARNING - /home/***/.local/lib/python3.12/site-packages/***/task/task_runner/standard_task_runner.py:61 DeprecationWarning: This process (pid=251) is multi-threaded, use of fork() may lead to deadlocks in the child.
[2026-04-25T17:04:22.282+0000] {standard_task_runner.py:63} INFO - Started process 252 to run task
[2026-04-25T17:04:22.330+0000] {task_command.py:426} INFO - Running <TaskInstance: backfill_pipeline.create_topics manual__2026-04-25T17:04:21.677591+00:00 [running]> on host 0d8e4b9c2bed
[2026-04-25T17:04:22.377+0000] {abstractoperator.py:725} ERROR - Exception rendering Jinja template for task 'create_topics', field 'bash_command'. Template: 'cd /opt/***/project && bash scripts/create_topics.sh'
Traceback (most recent call last):
  File "/home/airflow/.local/lib/python3.12/site-packages/airflow/models/abstractoperator.py", line 717, in _do_render_template_fields
    rendered_content = self.render_template(
                       ^^^^^^^^^^^^^^^^^^^^^
  File "/home/airflow/.local/lib/python3.12/site-packages/airflow/template/templater.py", line 166, in render_template
    template = jinja_env.get_template(value)
               ^^^^^^^^^^^^^^^^^^^^^^^^^^^^^
  File "/home/airflow/.local/lib/python3.12/site-packages/jinja2/environment.py", line 1010, in get_template
    return self._load_template(name, globals)
           ^^^^^^^^^^^^^^^^^^^^^^^^^^^^^^^^^^
  File "/home/airflow/.local/lib/python3.12/site-packages/jinja2/environment.py", line 969, in _load_template
    template = self.loader.load(self, name, self.make_globals(globals))
               ^^^^^^^^^^^^^^^^^^^^^^^^^^^^^^^^^^^^^^^^^^^^^^^^^^^^^^^^
  File "/home/airflow/.local/lib/python3.12/site-packages/jinja2/loaders.py", line 125, in load
    source, filename, uptodate = self.get_source(environment, name)
                                 ^^^^^^^^^^^^^^^^^^^^^^^^^^^^^^^^^^
  File "/home/airflow/.local/lib/python3.12/site-packages/jinja2/loaders.py", line 204, in get_source
    raise TemplateNotFound(template)
jinja2.exceptions.TemplateNotFound: cd /opt/airflow/project && bash scripts/create_topics.sh
[2026-04-25T17:04:22.378+0000] {taskinstance.py:2905} ERROR - Task failed with exception
Traceback (most recent call last):
  File "/home/airflow/.local/lib/python3.12/site-packages/airflow/models/taskinstance.py", line 2479, in _run_raw_task
    self._execute_task_with_callbacks(context, test_mode, session=session)
  File "/home/airflow/.local/lib/python3.12/site-packages/airflow/models/taskinstance.py", line 2633, in _execute_task_with_callbacks
    task_orig = self.render_templates(context=context, jinja_env=jinja_env)
                ^^^^^^^^^^^^^^^^^^^^^^^^^^^^^^^^^^^^^^^^^^^^^^^^^^^^^^^^^^^
  File "/home/airflow/.local/lib/python3.12/site-packages/airflow/models/taskinstance.py", line 3094, in render_templates
    original_task.render_template_fields(context, jinja_env)
  File "/home/airflow/.local/lib/python3.12/site-packages/airflow/models/baseoperator.py", line 1336, in render_template_fields
    self._do_render_template_fields(self, self.template_fields, context, jinja_env, set())
  File "/home/airflow/.local/lib/python3.12/site-packages/airflow/models/abstractoperator.py", line 717, in _do_render_template_fields
    rendered_content = self.render_template(
                       ^^^^^^^^^^^^^^^^^^^^^
  File "/home/airflow/.local/lib/python3.12/site-packages/airflow/template/templater.py", line 166, in render_template
    template = jinja_env.get_template(value)
               ^^^^^^^^^^^^^^^^^^^^^^^^^^^^^
  File "/home/airflow/.local/lib/python3.12/site-packages/jinja2/environment.py", line 1010, in get_template
    return self._load_template(name, globals)
           ^^^^^^^^^^^^^^^^^^^^^^^^^^^^^^^^^^
  File "/home/airflow/.local/lib/python3.12/site-packages/jinja2/environment.py", line 969, in _load_template
    template = self.loader.load(self, name, self.make_globals(globals))
               ^^^^^^^^^^^^^^^^^^^^^^^^^^^^^^^^^^^^^^^^^^^^^^^^^^^^^^^^
  File "/home/airflow/.local/lib/python3.12/site-packages/jinja2/loaders.py", line 125, in load
    source, filename, uptodate = self.get_source(environment, name)
                                 ^^^^^^^^^^^^^^^^^^^^^^^^^^^^^^^^^^
  File "/home/airflow/.local/lib/python3.12/site-packages/jinja2/loaders.py", line 204, in get_source
    raise TemplateNotFound(template)
jinja2.exceptions.TemplateNotFound: cd /opt/airflow/project && bash scripts/create_topics.sh
[2026-04-25T17:04:22.387+0000] {taskinstance.py:1206} INFO - Marking task as FAILED. dag_id=backfill_pipeline, task_id=create_topics, run_id=manual__2026-04-25T17:04:21.677591+00:00, execution_date=20260425T170421, start_date=20260425T170422, end_date=20260425T170422
[2026-04-25T17:04:22.397+0000] {standard_task_runner.py:110} ERROR - Failed to execute job 2 for task create_topics (cd /opt/airflow/project && bash scripts/create_topics.sh; 252)
[2026-04-25T17:04:22.416+0000] {local_task_job_runner.py:240} INFO - Task exited with return code 1
[2026-04-25T17:04:22.434+0000] {taskinstance.py:3498} INFO - 0 downstream tasks scheduled from follow-on schedule check
[2026-04-25T17:04:22.439+0000] {local_task_job_runner.py:222} INFO - ::endgroup::
