[2026-04-27T11:50:17.163+0000] {local_task_job_runner.py:120} INFO - ::group::Pre task execution logs
[2026-04-27T11:50:17.206+0000] {taskinstance.py:2076} INFO - Dependencies all met for dep_context=non-requeueable deps ti=<TaskInstance: training_pipeline.train_model manual__2026-04-27T11:50:13.975772+00:00 [queued]>
[2026-04-27T11:50:17.217+0000] {taskinstance.py:2076} INFO - Dependencies all met for dep_context=requeueable deps ti=<TaskInstance: training_pipeline.train_model manual__2026-04-27T11:50:13.975772+00:00 [queued]>
[2026-04-27T11:50:17.218+0000] {taskinstance.py:2306} INFO - Starting attempt 1 of 1
[2026-04-27T11:50:17.235+0000] {taskinstance.py:2330} INFO - Executing <Task(BashOperator): train_model> on 2026-04-27 11:50:13.975772+00:00
[2026-04-27T11:50:17.245+0000] {standard_task_runner.py:90} INFO - Running: ['***', 'tasks', 'run', 'training_pipeline', 'train_model', 'manual__2026-04-27T11:50:13.975772+00:00', '--job-id', '5', '--raw', '--subdir', 'DAGS_FOLDER/training_pipeline_dag.py', '--cfg-path', '/tmp/tmp4_khxylg']
[2026-04-27T11:50:17.247+0000] {standard_task_runner.py:91} INFO - Job 5: Subtask train_model
[2026-04-27T11:50:17.248+0000] {logging_mixin.py:188} WARNING - /home/***/.local/lib/python3.12/site-packages/***/task/task_runner/standard_task_runner.py:61 DeprecationWarning: This process (pid=280) is multi-threaded, use of fork() may lead to deadlocks in the child.
[2026-04-27T11:50:17.248+0000] {standard_task_runner.py:63} INFO - Started process 281 to run task
[2026-04-27T11:50:17.310+0000] {task_command.py:426} INFO - Running <TaskInstance: training_pipeline.train_model manual__2026-04-27T11:50:13.975772+00:00 [running]> on host 80036929c971
[2026-04-27T11:50:17.418+0000] {taskinstance.py:2648} INFO - Exporting env vars: AIRFLOW_CTX_DAG_OWNER='***' AIRFLOW_CTX_DAG_ID='training_pipeline' AIRFLOW_CTX_TASK_ID='train_model' AIRFLOW_CTX_EXECUTION_DATE='2026-04-27T11:50:13.975772+00:00' AIRFLOW_CTX_TRY_NUMBER='1' AIRFLOW_CTX_DAG_RUN_ID='manual__2026-04-27T11:50:13.975772+00:00'
[2026-04-27T11:50:17.419+0000] {taskinstance.py:430} INFO - ::endgroup::
[2026-04-27T11:50:17.436+0000] {subprocess.py:63} INFO - Tmp dir root location: /tmp
[2026-04-27T11:50:17.437+0000] {subprocess.py:75} INFO - Running command: ['/usr/bin/bash', '-c', 'cd /opt/***/project && python -m src.training.train']
[2026-04-27T11:50:17.448+0000] {subprocess.py:86} INFO - Output:
[2026-04-27T11:50:19.173+0000] {subprocess.py:93} INFO - /opt/***/project/src/training/preprocess.py:33: DtypeWarning: Columns (10) have mixed types. Specify dtype option on import or set low_memory=False.
[2026-04-27T11:50:19.173+0000] {subprocess.py:93} INFO -   df = pd.read_csv(file_path, na_values=MISSING_VALUES)
[2026-04-27T11:50:21.506+0000] {subprocess.py:93} INFO - Model trained and saved to artifacts/models/logistic_baseline.joblib
[2026-04-27T11:50:21.507+0000] {subprocess.py:93} INFO - Training complete.
[2026-04-27T11:50:21.637+0000] {subprocess.py:97} INFO - Command exited with return code 0
[2026-04-27T11:50:21.638+0000] {taskinstance.py:441} INFO - ::group::Post task execution logs
[2026-04-27T11:50:21.659+0000] {taskinstance.py:1206} INFO - Marking task as SUCCESS. dag_id=training_pipeline, task_id=train_model, run_id=manual__2026-04-27T11:50:13.975772+00:00, execution_date=20260427T115013, start_date=20260427T115017, end_date=20260427T115021
[2026-04-27T11:50:21.707+0000] {local_task_job_runner.py:240} INFO - Task exited with return code 0
[2026-04-27T11:50:21.722+0000] {taskinstance.py:3498} INFO - 1 downstream tasks scheduled from follow-on schedule check
[2026-04-27T11:50:21.724+0000] {local_task_job_runner.py:222} INFO - ::endgroup::
