[2026-04-27T11:45:02.746+0000] {local_task_job_runner.py:120} INFO - ::group::Pre task execution logs
[2026-04-27T11:45:02.769+0000] {taskinstance.py:2076} INFO - Dependencies all met for dep_context=non-requeueable deps ti=<TaskInstance: training_pipeline.evaluate_model manual__2026-04-27T11:44:54.466664+00:00 [queued]>
[2026-04-27T11:45:02.775+0000] {taskinstance.py:2076} INFO - Dependencies all met for dep_context=requeueable deps ti=<TaskInstance: training_pipeline.evaluate_model manual__2026-04-27T11:44:54.466664+00:00 [queued]>
[2026-04-27T11:45:02.775+0000] {taskinstance.py:2306} INFO - Starting attempt 1 of 1
[2026-04-27T11:45:02.786+0000] {taskinstance.py:2330} INFO - Executing <Task(BashOperator): evaluate_model> on 2026-04-27 11:44:54.466664+00:00
[2026-04-27T11:45:02.792+0000] {standard_task_runner.py:90} INFO - Running: ['***', 'tasks', 'run', 'training_pipeline', 'evaluate_model', 'manual__2026-04-27T11:44:54.466664+00:00', '--job-id', '6', '--raw', '--subdir', 'DAGS_FOLDER/training_pipeline_dag.py', '--cfg-path', '/tmp/tmpw4ytvzc_']
[2026-04-27T11:45:02.794+0000] {standard_task_runner.py:91} INFO - Job 6: Subtask evaluate_model
[2026-04-27T11:45:02.794+0000] {logging_mixin.py:188} WARNING - /home/***/.local/lib/python3.12/site-packages/***/task/task_runner/standard_task_runner.py:61 DeprecationWarning: This process (pid=338) is multi-threaded, use of fork() may lead to deadlocks in the child.
[2026-04-27T11:45:02.794+0000] {standard_task_runner.py:63} INFO - Started process 341 to run task
[2026-04-27T11:45:02.830+0000] {task_command.py:426} INFO - Running <TaskInstance: training_pipeline.evaluate_model manual__2026-04-27T11:44:54.466664+00:00 [running]> on host 2bfd134a2313
[2026-04-27T11:45:02.896+0000] {taskinstance.py:2648} INFO - Exporting env vars: AIRFLOW_CTX_DAG_OWNER='***' AIRFLOW_CTX_DAG_ID='training_pipeline' AIRFLOW_CTX_TASK_ID='evaluate_model' AIRFLOW_CTX_EXECUTION_DATE='2026-04-27T11:44:54.466664+00:00' AIRFLOW_CTX_TRY_NUMBER='1' AIRFLOW_CTX_DAG_RUN_ID='manual__2026-04-27T11:44:54.466664+00:00'
[2026-04-27T11:45:02.897+0000] {taskinstance.py:430} INFO - ::endgroup::
[2026-04-27T11:45:02.906+0000] {subprocess.py:63} INFO - Tmp dir root location: /tmp
[2026-04-27T11:45:02.907+0000] {subprocess.py:75} INFO - Running command: ['/usr/bin/bash', '-c', 'cd /opt/***/project && python -m src.training.evaluate']
[2026-04-27T11:45:02.913+0000] {subprocess.py:86} INFO - Output:
[2026-04-27T11:45:03.032+0000] {subprocess.py:93} INFO - Traceback (most recent call last):
[2026-04-27T11:45:03.033+0000] {subprocess.py:93} INFO -   File "<frozen runpy>", line 198, in _run_module_as_main
[2026-04-27T11:45:03.033+0000] {subprocess.py:93} INFO -   File "<frozen runpy>", line 88, in _run_code
[2026-04-27T11:45:03.033+0000] {subprocess.py:93} INFO -   File "/opt/***/project/src/training/evaluate.py", line 3, in <module>
[2026-04-27T11:45:03.033+0000] {subprocess.py:93} INFO -     from turtle import pd
[2026-04-27T11:45:03.033+0000] {subprocess.py:93} INFO -     ^^^^^^^^^^^^^^^^^^^^^
[2026-04-27T11:45:03.033+0000] {subprocess.py:93} INFO -   File "/usr/local/lib/python3.12/turtle.py", line 101, in <module>
[2026-04-27T11:45:03.033+0000] {subprocess.py:93} INFO -     import tkinter as TK
[2026-04-27T11:45:03.034+0000] {subprocess.py:93} INFO -   File "/usr/local/lib/python3.12/tkinter/__init__.py", line 38, in <module>
[2026-04-27T11:45:03.034+0000] {subprocess.py:93} INFO -     import _tkinter # If this fails your Python may not be configured for Tk
[2026-04-27T11:45:03.034+0000] {subprocess.py:93} INFO -     ^^^^^^^^^^^^^^^
[2026-04-27T11:45:03.034+0000] {subprocess.py:93} INFO - ImportError: libtk8.6.so: cannot open shared object file: No such file or directory
[2026-04-27T11:45:03.037+0000] {subprocess.py:97} INFO - Command exited with return code 1
[2026-04-27T11:45:03.038+0000] {taskinstance.py:441} INFO - ::group::Post task execution logs
[2026-04-27T11:45:03.046+0000] {taskinstance.py:2905} ERROR - Task failed with exception
Traceback (most recent call last):
  File "/home/airflow/.local/lib/python3.12/site-packages/airflow/models/taskinstance.py", line 465, in _execute_task
    result = _execute_callable(context=context, **execute_callable_kwargs)
             ^^^^^^^^^^^^^^^^^^^^^^^^^^^^^^^^^^^^^^^^^^^^^^^^^^^^^^^^^^^^^
  File "/home/airflow/.local/lib/python3.12/site-packages/airflow/models/taskinstance.py", line 432, in _execute_callable
    return execute_callable(context=context, **execute_callable_kwargs)
           ^^^^^^^^^^^^^^^^^^^^^^^^^^^^^^^^^^^^^^^^^^^^^^^^^^^^^^^^^^^^
  File "/home/airflow/.local/lib/python3.12/site-packages/airflow/models/baseoperator.py", line 400, in wrapper
    return func(self, *args, **kwargs)
           ^^^^^^^^^^^^^^^^^^^^^^^^^^^
  File "/home/airflow/.local/lib/python3.12/site-packages/airflow/operators/bash.py", line 243, in execute
    raise AirflowException(
airflow.exceptions.AirflowException: Bash command failed. The command returned a non-zero exit code 1.
[2026-04-27T11:45:03.050+0000] {taskinstance.py:1206} INFO - Marking task as FAILED. dag_id=training_pipeline, task_id=evaluate_model, run_id=manual__2026-04-27T11:44:54.466664+00:00, execution_date=20260427T114454, start_date=20260427T114502, end_date=20260427T114503
[2026-04-27T11:45:03.059+0000] {standard_task_runner.py:110} ERROR - Failed to execute job 6 for task evaluate_model (Bash command failed. The command returned a non-zero exit code 1.; 341)
[2026-04-27T11:45:03.093+0000] {local_task_job_runner.py:240} INFO - Task exited with return code 1
[2026-04-27T11:45:03.105+0000] {taskinstance.py:3498} INFO - 0 downstream tasks scheduled from follow-on schedule check
[2026-04-27T11:45:03.107+0000] {local_task_job_runner.py:222} INFO - ::endgroup::
