[2026-04-25T18:31:35.969+0000] {local_task_job_runner.py:120} INFO - ::group::Pre task execution logs
[2026-04-25T18:31:35.996+0000] {taskinstance.py:2076} INFO - Dependencies all met for dep_context=non-requeueable deps ti=<TaskInstance: backfill_pipeline.build_offline_features manual__2026-04-25T18:31:33.491044+00:00 [queued]>
[2026-04-25T18:31:36.005+0000] {taskinstance.py:2076} INFO - Dependencies all met for dep_context=requeueable deps ti=<TaskInstance: backfill_pipeline.build_offline_features manual__2026-04-25T18:31:33.491044+00:00 [queued]>
[2026-04-25T18:31:36.005+0000] {taskinstance.py:2306} INFO - Starting attempt 1 of 1
[2026-04-25T18:31:36.017+0000] {taskinstance.py:2330} INFO - Executing <Task(BashOperator): build_offline_features> on 2026-04-25 18:31:33.491044+00:00
[2026-04-25T18:31:36.024+0000] {standard_task_runner.py:90} INFO - Running: ['***', 'tasks', 'run', 'backfill_pipeline', 'build_offline_features', 'manual__2026-04-25T18:31:33.491044+00:00', '--job-id', '3', '--raw', '--subdir', 'DAGS_FOLDER/backfill_pipeline_dag.py', '--cfg-path', '/tmp/tmpj1zrx6zp']
[2026-04-25T18:31:36.025+0000] {logging_mixin.py:188} WARNING - /home/***/.local/lib/python3.12/site-packages/***/task/task_runner/standard_task_runner.py:61 DeprecationWarning: This process (pid=212) is multi-threaded, use of fork() may lead to deadlocks in the child.
[2026-04-25T18:31:36.025+0000] {standard_task_runner.py:91} INFO - Job 3: Subtask build_offline_features
[2026-04-25T18:31:36.025+0000] {standard_task_runner.py:63} INFO - Started process 213 to run task
[2026-04-25T18:31:36.067+0000] {task_command.py:426} INFO - Running <TaskInstance: backfill_pipeline.build_offline_features manual__2026-04-25T18:31:33.491044+00:00 [running]> on host 67eeb9482bf1
[2026-04-25T18:31:36.143+0000] {taskinstance.py:2648} INFO - Exporting env vars: AIRFLOW_CTX_DAG_OWNER='***' AIRFLOW_CTX_DAG_ID='backfill_pipeline' AIRFLOW_CTX_TASK_ID='build_offline_features' AIRFLOW_CTX_EXECUTION_DATE='2026-04-25T18:31:33.491044+00:00' AIRFLOW_CTX_TRY_NUMBER='1' AIRFLOW_CTX_DAG_RUN_ID='manual__2026-04-25T18:31:33.491044+00:00'
[2026-04-25T18:31:36.143+0000] {taskinstance.py:430} INFO - ::endgroup::
[2026-04-25T18:31:36.156+0000] {subprocess.py:63} INFO - Tmp dir root location: /tmp
[2026-04-25T18:31:36.157+0000] {subprocess.py:75} INFO - Running command: ['/usr/bin/bash', '-c', 'cd /opt/***/project && python -m src.features.offline.build_offline_features ']
[2026-04-25T18:31:36.165+0000] {subprocess.py:86} INFO - Output:
[2026-04-25T18:31:37.514+0000] {subprocess.py:93} INFO - 2026-04-25 18:31:37 | INFO | offline_features | Loading raw data...
[2026-04-25T18:31:37.977+0000] {subprocess.py:93} INFO - 2026-04-25 18:31:37 | INFO | offline_features | Building offline features...
[2026-04-25T18:31:38.312+0000] {subprocess.py:93} INFO - Traceback (most recent call last):
[2026-04-25T18:31:38.312+0000] {subprocess.py:93} INFO -   File "<frozen runpy>", line 198, in _run_module_as_main
[2026-04-25T18:31:38.312+0000] {subprocess.py:93} INFO -   File "<frozen runpy>", line 88, in _run_code
[2026-04-25T18:31:38.312+0000] {subprocess.py:93} INFO -   File "/opt/***/project/src/features/offline/build_offline_features.py", line 81, in <module>
[2026-04-25T18:31:38.313+0000] {subprocess.py:93} INFO -     main()
[2026-04-25T18:31:38.313+0000] {subprocess.py:93} INFO -   File "/opt/***/project/src/features/offline/build_offline_features.py", line 75, in main
[2026-04-25T18:31:38.313+0000] {subprocess.py:93} INFO -     output_path = save_offline_features(feat_df)
[2026-04-25T18:31:38.313+0000] {subprocess.py:93} INFO -                   ^^^^^^^^^^^^^^^^^^^^^^^^^^^^^^
[2026-04-25T18:31:38.313+0000] {subprocess.py:93} INFO -   File "/opt/***/project/src/features/offline/build_offline_features.py", line 64, in save_offline_features
[2026-04-25T18:31:38.313+0000] {subprocess.py:93} INFO -     df.to_csv(output_path, index=False)
[2026-04-25T18:31:38.313+0000] {subprocess.py:93} INFO -   File "/home/***/.local/lib/python3.12/site-packages/pandas/core/generic.py", line 3902, in to_csv
[2026-04-25T18:31:38.313+0000] {subprocess.py:93} INFO -     return DataFrameRenderer(formatter).to_csv(
[2026-04-25T18:31:38.313+0000] {subprocess.py:93} INFO -            ^^^^^^^^^^^^^^^^^^^^^^^^^^^^^^^^^^^^
[2026-04-25T18:31:38.313+0000] {subprocess.py:93} INFO -   File "/home/***/.local/lib/python3.12/site-packages/pandas/io/formats/format.py", line 1152, in to_csv
[2026-04-25T18:31:38.313+0000] {subprocess.py:93} INFO -     csv_formatter.save()
[2026-04-25T18:31:38.314+0000] {subprocess.py:93} INFO -   File "/home/***/.local/lib/python3.12/site-packages/pandas/io/formats/csvs.py", line 247, in save
[2026-04-25T18:31:38.314+0000] {subprocess.py:93} INFO -     with get_handle(
[2026-04-25T18:31:38.314+0000] {subprocess.py:93} INFO -          ^^^^^^^^^^^
[2026-04-25T18:31:38.314+0000] {subprocess.py:93} INFO -   File "/home/***/.local/lib/python3.12/site-packages/pandas/io/common.py", line 863, in get_handle
[2026-04-25T18:31:38.314+0000] {subprocess.py:93} INFO -     handle = open(
[2026-04-25T18:31:38.314+0000] {subprocess.py:93} INFO -              ^^^^^
[2026-04-25T18:31:38.314+0000] {subprocess.py:93} INFO - PermissionError: [Errno 13] Permission denied: 'data/gold/offline_features.csv'
[2026-04-25T18:31:38.408+0000] {subprocess.py:97} INFO - Command exited with return code 1
[2026-04-25T18:31:38.409+0000] {taskinstance.py:441} INFO - ::group::Post task execution logs
[2026-04-25T18:31:38.419+0000] {taskinstance.py:2905} ERROR - Task failed with exception
Traceback (most recent call last):
  File "/home/airflow/.local/lib/python3.12/site-packages/airflow/models/taskinstance.py", line 465, in _execute_task
    result = _execute_callable(context=context, **execute_callable_kwargs)
             ^^^^^^^^^^^^^^^^^^^^^^^^^^^^^^^^^^^^^^^^^^^^^^^^^^^^^^^^^^^^^
  File "/home/airflow/.local/lib/python3.12/site-packages/airflow/models/taskinstance.py", line 432, in _execute_callable
    return execute_callable(context=context, **execute_callable_kwargs)
           ^^^^^^^^^^^^^^^^^^^^^^^^^^^^^^^^^^^^^^^^^^^^^^^^^^^^^^^^^^^^
  File "/home/airflow/.local/lib/python3.12/site-packages/airflow/models/baseoperator.py", line 400, in wrapper
    return func(self, *args, **kwargs)
           ^^^^^^^^^^^^^^^^^^^^^^^^^^^
  File "/home/airflow/.local/lib/python3.12/site-packages/airflow/operators/bash.py", line 243, in execute
    raise AirflowException(
airflow.exceptions.AirflowException: Bash command failed. The command returned a non-zero exit code 1.
[2026-04-25T18:31:38.422+0000] {taskinstance.py:1206} INFO - Marking task as FAILED. dag_id=backfill_pipeline, task_id=build_offline_features, run_id=manual__2026-04-25T18:31:33.491044+00:00, execution_date=20260425T183133, start_date=20260425T183135, end_date=20260425T183138
[2026-04-25T18:31:38.435+0000] {standard_task_runner.py:110} ERROR - Failed to execute job 3 for task build_offline_features (Bash command failed. The command returned a non-zero exit code 1.; 213)
[2026-04-25T18:31:38.448+0000] {local_task_job_runner.py:240} INFO - Task exited with return code 1
[2026-04-25T18:31:38.463+0000] {taskinstance.py:3498} INFO - 0 downstream tasks scheduled from follow-on schedule check
[2026-04-25T18:31:38.465+0000] {local_task_job_runner.py:222} INFO - ::endgroup::
